Component: ARM Compiler 5.06 update 6 (build 750) Tool: armlink [4d35ed]

==============================================================================

Section Cross References

    startup_stm32f10x_md.o(RESET) refers to startup_stm32f10x_md.o(STACK) for __initial_sp
    startup_stm32f10x_md.o(RESET) refers to startup_stm32f10x_md.o(.text) for Reset_Handler
    startup_stm32f10x_md.o(RESET) refers to stm32f10x_it.o(i.NMI_Handler) for NMI_Handler
    startup_stm32f10x_md.o(RESET) refers to stm32f10x_it.o(i.HardFault_Handler) for HardFault_Handler
    startup_stm32f10x_md.o(RESET) refers to stm32f10x_it.o(i.MemManage_Handler) for MemManage_Handler
    startup_stm32f10x_md.o(RESET) refers to stm32f10x_it.o(i.BusFault_Handler) for BusFault_Handler
    startup_stm32f10x_md.o(RESET) refers to stm32f10x_it.o(i.UsageFault_Handler) for UsageFault_Handler
    startup_stm32f10x_md.o(RESET) refers to stm32f10x_it.o(i.SVC_Handler) for SVC_Handler
    startup_stm32f10x_md.o(RESET) refers to stm32f10x_it.o(i.DebugMon_Handler) for DebugMon_Handler
    startup_stm32f10x_md.o(RESET) refers to stm32f10x_it.o(i.PendSV_Handler) for PendSV_Handler
    startup_stm32f10x_md.o(RESET) refers to stm32f10x_it.o(i.SysTick_Handler) for SysTick_Handler
    startup_stm32f10x_md.o(RESET) refers to main.o(i.EXTI4_IRQHandler) for EXTI4_IRQHandler
    startup_stm32f10x_md.o(RESET) refers to main.o(i.EXTI9_5_IRQHandler) for EXTI9_5_IRQHandler
    startup_stm32f10x_md.o(RESET) refers to main.o(i.TIM2_IRQHandler) for TIM2_IRQHandler
    startup_stm32f10x_md.o(RESET) refers to bsp_usart.o(i.USART1_IRQHandler) for USART1_IRQHandler
    startup_stm32f10x_md.o(RESET) refers to bsp_usart.o(i.USART2_IRQHandler) for USART2_IRQHandler
    startup_stm32f10x_md.o(RESET) refers to bsp_usart.o(i.USART3_IRQHandler) for USART3_IRQHandler
    startup_stm32f10x_md.o(RESET) refers to main.o(i.EXTI15_10_IRQHandler) for EXTI15_10_IRQHandler
    startup_stm32f10x_md.o(.text) refers to system_stm32f10x.o(i.SystemInit) for SystemInit
    startup_stm32f10x_md.o(.text) refers to entry.o(.ARM.Collect$$$$00000000) for __main
    system_stm32f10x.o(i.SetSysClock) refers to system_stm32f10x.o(i.SetSysClockTo72) for SetSysClockTo72
    system_stm32f10x.o(i.SystemCoreClockUpdate) refers to system_stm32f10x.o(.data) for SystemCoreClock
    system_stm32f10x.o(i.SystemInit) refers to system_stm32f10x.o(i.SetSysClock) for SetSysClock
    stm32f10x_adc.o(i.ADC_DeInit) refers to stm32f10x_rcc.o(i.RCC_APB2PeriphResetCmd) for RCC_APB2PeriphResetCmd
    stm32f10x_bkp.o(i.BKP_DeInit) refers to stm32f10x_rcc.o(i.RCC_BackupResetCmd) for RCC_BackupResetCmd
    stm32f10x_can.o(i.CAN_DeInit) refers to stm32f10x_rcc.o(i.RCC_APB1PeriphResetCmd) for RCC_APB1PeriphResetCmd
    stm32f10x_can.o(i.CAN_GetITStatus) refers to stm32f10x_can.o(i.CheckITStatus) for CheckITStatus
    stm32f10x_cec.o(i.CEC_DeInit) refers to stm32f10x_rcc.o(i.RCC_APB1PeriphResetCmd) for RCC_APB1PeriphResetCmd
    stm32f10x_dac.o(i.DAC_DeInit) refers to stm32f10x_rcc.o(i.RCC_APB1PeriphResetCmd) for RCC_APB1PeriphResetCmd
    stm32f10x_flash.o(i.FLASH_EnableWriteProtection) refers to stm32f10x_flash.o(i.FLASH_WaitForLastOperation) for FLASH_WaitForLastOperation
    stm32f10x_flash.o(i.FLASH_EraseAllBank1Pages) refers to stm32f10x_flash.o(i.FLASH_WaitForLastBank1Operation) for FLASH_WaitForLastBank1Operation
    stm32f10x_flash.o(i.FLASH_EraseAllPages) refers to stm32f10x_flash.o(i.FLASH_WaitForLastOperation) for FLASH_WaitForLastOperation
    stm32f10x_flash.o(i.FLASH_EraseOptionBytes) refers to stm32f10x_flash.o(i.FLASH_GetReadOutProtectionStatus) for FLASH_GetReadOutProtectionStatus
    stm32f10x_flash.o(i.FLASH_EraseOptionBytes) refers to stm32f10x_flash.o(i.FLASH_WaitForLastOperation) for FLASH_WaitForLastOperation
    stm32f10x_flash.o(i.FLASH_ErasePage) refers to stm32f10x_flash.o(i.FLASH_WaitForLastOperation) for FLASH_WaitForLastOperation
    stm32f10x_flash.o(i.FLASH_ProgramHalfWord) refers to stm32f10x_flash.o(i.FLASH_WaitForLastOperation) for FLASH_WaitForLastOperation
    stm32f10x_flash.o(i.FLASH_ProgramOptionByteData) refers to stm32f10x_flash.o(i.FLASH_WaitForLastOperation) for FLASH_WaitForLastOperation
    stm32f10x_flash.o(i.FLASH_ProgramWord) refers to stm32f10x_flash.o(i.FLASH_WaitForLastOperation) for FLASH_WaitForLastOperation
    stm32f10x_flash.o(i.FLASH_ReadOutProtection) refers to stm32f10x_flash.o(i.FLASH_WaitForLastOperation) for FLASH_WaitForLastOperation
    stm32f10x_flash.o(i.FLASH_UserOptionByteConfig) refers to stm32f10x_flash.o(i.FLASH_WaitForLastOperation) for FLASH_WaitForLastOperation
    stm32f10x_flash.o(i.FLASH_WaitForLastBank1Operation) refers to stm32f10x_flash.o(i.FLASH_GetBank1Status) for FLASH_GetBank1Status
    stm32f10x_flash.o(i.FLASH_WaitForLastOperation) refers to stm32f10x_flash.o(i.FLASH_GetBank1Status) for FLASH_GetBank1Status
    stm32f10x_gpio.o(i.GPIO_AFIODeInit) refers to stm32f10x_rcc.o(i.RCC_APB2PeriphResetCmd) for RCC_APB2PeriphResetCmd
[...]
    Removing stm32f10x_tim.o(i.TIM_GetCapture2), (6 bytes).
    Removing stm32f10x_tim.o(i.TIM_GetCapture3), (6 bytes).
    Removing stm32f10x_tim.o(i.TIM_GetCapture4), (8 bytes).
    Removing stm32f10x_tim.o(i.TIM_GetCounter), (6 bytes).
    Removing stm32f10x_tim.o(i.TIM_GetFlagStatus), (18 bytes).
    Removing stm32f10x_tim.o(i.TIM_GetPrescaler), (6 bytes).
    Removing stm32f10x_tim.o(i.TIM_ICInit), (172 bytes).
    Removing stm32f10x_tim.o(i.TIM_ICStructInit), (18 bytes).
    Removing stm32f10x_tim.o(i.TIM_ITConfig), (18 bytes).
    Removing stm32f10x_tim.o(i.TIM_ITRxExternalClockConfig), (24 bytes).
    Removing stm32f10x_tim.o(i.TIM_InternalClockConfig), (12 bytes).
    Removing stm32f10x_tim.o(i.TIM_OC1FastConfig), (18 bytes).
    Removing stm32f10x_tim.o(i.TIM_OC1Init), (152 bytes).
    Removing stm32f10x_tim.o(i.TIM_OC1NPolarityConfig), (18 bytes).
    Removing stm32f10x_tim.o(i.TIM_OC1PolarityConfig), (18 bytes).
    Removing stm32f10x_tim.o(i.TIM_OC1PreloadConfig), (18 bytes).
    Removing stm32f10x_tim.o(i.TIM_OC2FastConfig), (26 bytes).
    Removing stm32f10x_tim.o(i.TIM_OC2Init), (164 bytes).
    Removing stm32f10x_tim.o(i.TIM_OC2NPolarityConfig), (26 bytes).
    Removing stm32f10x_tim.o(i.TIM_OC2PolarityConfig), (26 bytes).
    Removing stm32f10x_tim.o(i.TIM_OC2PreloadConfig), (26 bytes).
    Removing stm32f10x_tim.o(i.TIM_OC3FastConfig), (18 bytes).
    Removing stm32f10x_tim.o(i.TIM_OC3Init), (160 bytes).
    Removing stm32f10x_tim.o(i.TIM_OC3NPolarityConfig), (26 bytes).
    Removing stm32f10x_tim.o(i.TIM_OC3PolarityConfig), (26 bytes).
    Removing stm32f10x_tim.o(i.TIM_OC3PreloadConfig), (18 bytes).
    Removing stm32f10x_tim.o(i.TIM_OC4FastConfig), (26 bytes).
    Removing stm32f10x_tim.o(i.TIM_OC4Init), (124 bytes).
    Removing stm32f10x_tim.o(i.TIM_OC4PolarityConfig), (26 bytes).
    Removing stm32f10x_tim.o(i.TIM_OC4PreloadConfig), (26 bytes).
    Removing stm32f10x_tim.o(i.TIM_OCStructInit), (20 bytes).
    Removing stm32f10x_tim.o(i.TIM_PWMIConfig), (124 bytes).
    Removing stm32f10x_tim.o(i.TIM_PrescalerConfig), (6 bytes).
    Removing stm32f10x_tim.o(i.TIM_SelectCCDMA), (24 bytes).
    Removing stm32f10x_tim.o(i.TIM_SelectCOM), (24 bytes).
    Removing stm32f10x_tim.o(i.TIM_SelectHallSensor), (24 bytes).
    Removing stm32f10x_tim.o(i.TIM_SelectInputTrigger), (18 bytes).
    Removing stm32f10x_tim.o(i.TIM_SelectMasterSlaveMode), (18 bytes).
    Removing stm32f10x_tim.o(i.TIM_SelectOCxM), (82 bytes).
    Removing stm32f10x_tim.o(i.TIM_SelectOnePulseMode), (18 bytes).
    Removing stm32f10x_tim.o(i.TIM_SelectOutputTrigger), (18 bytes).
    Removing stm32f10x_tim.o(i.TIM_SelectSlaveMode), (18 bytes).
    Removing stm32f10x_tim.o(i.TIM_SetAutoreload), (4 bytes).
    Removing stm32f10x_tim.o(i.TIM_SetClockDivision), (18 bytes).
    Removing stm32f10x_tim.o(i.TIM_SetCompare1), (4 bytes).
    Removing stm32f10x_tim.o(i.TIM_SetCompare2), (4 bytes).
    Removing stm32f10x_tim.o(i.TIM_SetCompare3), (4 bytes).
    Removing stm32f10x_tim.o(i.TIM_SetCompare4), (6 bytes).
    Removing stm32f10x_tim.o(i.TIM_SetCounter), (4 bytes).
    Removing stm32f10x_tim.o(i.TIM_SetIC1Prescaler), (18 bytes).
    Removing stm32f10x_tim.o(i.TIM_SetIC2Prescaler), (26 bytes).
    Removing stm32f10x_tim.o(i.TIM_SetIC3Prescaler), (18 bytes).
    Removing stm32f10x_tim.o(i.TIM_SetIC4Prescaler), (26 bytes).
    Removing stm32f10x_tim.o(i.TIM_TIxExternalClockConfig), (62 bytes).
    Removing stm32f10x_tim.o(i.TIM_TimeBaseInit), (164 bytes).
    Removing stm32f10x_tim.o(i.TIM_TimeBaseStructInit), (18 bytes).
    Removing stm32f10x_tim.o(i.TIM_UpdateDisableConfig), (24 bytes).
    Removing stm32f10x_tim.o(i.TIM_UpdateRequestConfig), (24 bytes).
    Removing stm32f10x_usart.o(i.USART_ClearITPendingBit), (30 bytes).
    Removing stm32f10x_usart.o(i.USART_ClockInit), (34 bytes).
    Removing stm32f10x_usart.o(i.USART_ClockStructInit), (12 bytes).
    Removing stm32f10x_usart.o(i.USART_DMACmd), (18 bytes).
    Removing stm32f10x_usart.o(i.USART_DeInit), (156 bytes).
    Removing stm32f10x_usart.o(i.USART_HalfDuplexCmd), (24 bytes).
    Removing stm32f10x_usart.o(i.USART_IrDACmd), (24 bytes).
    Removing stm32f10x_usart.o(i.USART_IrDAConfig), (18 bytes).
    Removing stm32f10x_usart.o(i.USART_LINBreakDetectLengthConfig), (18 bytes).
    Removing stm32f10x_usart.o(i.USART_LINCmd), (24 bytes).
    Removing stm32f10x_usart.o(i.USART_OneBitMethodCmd), (24 bytes).
    Removing stm32f10x_usart.o(i.USART_OverSampling8Cmd), (22 bytes).
    Removing stm32f10x_usart.o(i.USART_ReceiverWakeUpCmd), (24 bytes).
    Removing stm32f10x_usart.o(i.USART_SendBreak), (10 bytes).
    Removing stm32f10x_usart.o(i.USART_SetAddress), (18 bytes).
    Removing stm32f10x_usart.o(i.USART_SetGuardTime), (16 bytes).
    Removing stm32f10x_usart.o(i.USART_SetPrescaler), (16 bytes).
    Removing stm32f10x_usart.o(i.USART_SmartCardCmd), (24 bytes).
    Removing stm32f10x_usart.o(i.USART_SmartCardNACKCmd), (24 bytes).
    Removing stm32f10x_usart.o(i.USART_StructInit), (24 bytes).
    Removing stm32f10x_usart.o(i.USART_WakeUpConfig), (18 bytes).
    Removing stm32f10x_wwdg.o(i.WWDG_ClearFlag), (12 bytes).
    Removing stm32f10x_wwdg.o(i.WWDG_DeInit), (22 bytes).
    Removing stm32f10x_wwdg.o(i.WWDG_Enable), (16 bytes).
    Removing stm32f10x_wwdg.o(i.WWDG_EnableIT), (12 bytes).
    Removing stm32f10x_wwdg.o(i.WWDG_GetFlagStatus), (12 bytes).
    Removing stm32f10x_wwdg.o(i.WWDG_SetCounter), (16 bytes).
    Removing stm32f10x_wwdg.o(i.WWDG_SetPrescaler), (24 bytes).
    Removing stm32f10x_wwdg.o(i.WWDG_SetWindowValue), (40 bytes).
    Removing main.o(i.SYSCLK_Config_WakeUp), (86 bytes).
    Removing main.o(i.acc_int1_callback), (60 bytes).
    Removing main.o(i.acc_int2_callback), (8 bytes).
    Removing main.o(i.acc_setup_irq), (32 bytes).
    Removing main.o(i.bsp_led_set), (36 bytes).
    Removing main.o(i.bsp_timer2_init), (132 bytes).
    Removing main.o(i.bsp_timer2_set), (34 bytes).
    Removing main.o(i.imu_setup_irq), (2 bytes).
    Removing bsp_systick.o(i.HAL_GetTick), (12 bytes).
    Removing bsp_usart.o(i.fgetc), (32 bytes).
    Removing bsp_i2c.o(i.I2C_BufferRead), (404 bytes).
    Removing bsp_i2c.o(i.I2C_Bus_Init), (12 bytes).
    Removing bsp_i2c.o(i.I2C_Bus_set_slave_addr), (12 bytes).
    Removing bsp_i2c.o(i.I2C_ByteWrite), (244 bytes).
    Removing bsp_i2c.o(i.I2C_GPIO_Config), (68 bytes).
    Removing bsp_i2c.o(i.I2C_Mode_Configu), (68 bytes).
    Removing bsp_i2c.o(i.I2C_TIMEOUT_UserCallback), (52 bytes).
    Removing bsp_i2c.o(i.I2C_WaitStandbyState), (84 bytes).
    Removing bsp_i2c.o(.data), (5 bytes).
    Removing bsp_rtc.o(i.RTC_CheckAndConfig), (300 bytes).
    Removing bsp_rtc.o(i.RTC_Configuration), (88 bytes).
    Removing bsp_rtc.o(i.RTC_NVIC_Config), (42 bytes).
    Removing bsp_rtc.o(i.Time_Adjust), (40 bytes).
    Removing bsp_rtc.o(i.Time_Display), (268 bytes).
    Removing bsp_rtc.o(i.Time_Regulate_Get), (716 bytes).
    Removing bsp_rtc.o(i.Time_Show), (36 bytes).
    Removing bsp_rtc.o(.conststring), (715 bytes).
    Removing bsp_rtc.o(.data), (160 bytes).
    Removing bsp_date.o(i.GregorianDay), (152 bytes).
    Removing bsp_date.o(i.mktimev), (124 bytes).
    Removing bsp_date.o(i.to_tm), (204 bytes).
    Removing bsp_date.o(.constdata), (48 bytes).
    Removing bsp_date.o(.data), (48 bytes).
    Removing bsp_calendar.o(i.GetChinaCalendar), (520 bytes).
    Removing bsp_calendar.o(i.GetChinaCalendarStr), (296 bytes).
    Removing bsp_calendar.o(i.GetJieQi), (168 bytes).
    Removing bsp_calendar.o(i.GetJieQiStr), (324 bytes).
    Removing bsp_calendar.o(i.GetMoonDay), (288 bytes).
    Removing bsp_calendar.o(i.GetSkyEarth), (56 bytes).
    Removing bsp_calendar.o(i.StrCopy), (24 bytes).
    Removing bsp_calendar.o(.constdata), (814 bytes).
    Removing bsp_calendar.o(.conststring), (335 bytes).
    Removing bsp_calendar.o(.data), (248 bytes).
    Removing qmax981.o(i.qma6981_read_raw_xyz), (124 bytes).
    Removing qmax981.o(i.qma7981_read_raw_xyz), (132 bytes).
    Removing qmax981.o(i.qmaX981_check_no_motion), (220 bytes).
    Removing qmax981.o(i.qmaX981_irq_hdlr), (276 bytes).
    Removing qmax981.o(i.qmaX981_read_acc), (184 bytes).
    Removing qmax981.o(i.qmaX981_read_raw), (56 bytes).
    Removing qmcx983.o(i.qmcX983_ReadData), (24 bytes).
    Removing qmcx983.o(i.qmcX983_WriteReg), (20 bytes).
    Removing qmcx983.o(i.qmcX983_delay), (24 bytes).
    Removing qmcx983.o(i.qmcX983_device_check), (420 bytes).
    Removing qmcx983.o(i.qmcX983_enable), (124 bytes).
    Removing qmcx983.o(i.qmcX983_get_orientation), (92 bytes).
    Removing qmcx983.o(i.qmcX983_init), (128 bytes).
    Removing qmcx983.o(i.qmcX983_read_mag_xyz), (388 bytes).
    Removing qmcx983.o(i.qmcX983_start_measure), (12 bytes).
    Removing qmcx983.o(i.qmcX983_stop_measure), (12 bytes).
    Removing qmcx983.o(i.qmcx983_get_OPT), (452 bytes).
    Removing qmcx983.o(.bss), (20 bytes).
    Removing qmcx983.o(.constdata), (37 bytes).
    Removing qmcx983.o(.data), (128 bytes).
    Removing bsp_spi.o(i.SPI_TIMEOUT_UserCallback), (44 bytes).
    Removing bsp_spi.o(i.Spi_Init), (144 bytes).
    Removing bsp_spi.o(i.Spi_SendByte), (120 bytes).
    Removing bsp_spi.o(i.bmi160_spi_read), (76 bytes).
    Removing bsp_spi.o(i.bmi160_spi_write), (56 bytes).
    Removing bsp_spi.o(i.qmaX981_spi_read), (100 bytes).
    Removing bsp_spi.o(i.qmaX981_spi_write), (80 bytes).
    Removing bsp_spi.o(i.qmp6988_spi_read), (80 bytes).
    Removing bsp_spi.o(i.qmp6988_spi_write), (56 bytes).
    Removing bsp_spi.o(i.qst_fis210x_spi_read), (92 bytes).
    Removing bsp_spi.o(i.qst_fis210x_spi_write), (56 bytes).
    Removing bsp_spi.o(i.qst_fis210x_spi_write_bytes), (38 bytes).
    Removing bsp_spi.o(i.spi_delay), (28 bytes).
    Removing bsp_spi.o(i.spi_struct_config), (144 bytes).
    Removing bsp_spi.o(.data), (4 bytes).
    Removing qmp6988.o(i.qmp6988_ReadData), (28 bytes).
    Removing qmp6988.o(i.qmp6988_WriteReg), (20 bytes).
    Removing qmp6988.o(i.qmp6988_calc_altitude), (136 bytes).
    Removing qmp6988.o(i.qmp6988_calc_pressure), (192 bytes).
    Removing qmp6988.o(i.qmp6988_convTx_02e), (112 bytes).
    Removing qmp6988.o(i.qmp6988_delay), (24 bytes).
    Removing qmp6988.o(i.qmp6988_device_check), (144 bytes).
    Removing qmp6988.o(i.qmp6988_get_calibration_data), (1156 bytes).
    Removing qmp6988.o(i.qmp6988_get_pressure_02e), (560 bytes).
    Removing qmp6988.o(i.qmp6988_init), (72 bytes).
    Removing qmp6988.o(i.qmp6988_set_filter), (28 bytes).
    Removing qmp6988.o(i.qmp6988_set_oversampling_p), (60 bytes).
    Removing qmp6988.o(i.qmp6988_set_oversampling_t), (60 bytes).
    Removing qmp6988.o(i.qmp6988_set_powermode), (164 bytes).
    Removing qmp6988.o(i.qmp6988_software_reset), (2 bytes).
    Removing qmp6988.o(.constdata), (21 bytes).
    Removing fis210x.o(i.FisImu_Config_apply), (84 bytes).
    Removing fis210x.o(i.FisImu_applyAccelerometerOffset), (44 bytes).
    Removing fis210x.o(i.FisImu_applyGyroscopeOffset), (44 bytes).
    Removing fis210x.o(i.FisImu_applyOffsetCalibration), (24 bytes).
    Removing fis210x.o(i.FisImu_config_acc), (152 bytes).
    Removing fis210x.o(i.FisImu_config_ae), (38 bytes).
    Removing fis210x.o(i.FisImu_config_gyro), (188 bytes).
    Removing fis210x.o(i.FisImu_config_mag), (2 bytes).
    Removing fis210x.o(i.FisImu_disableWakeOnMotion), (24 bytes).
    Removing fis210x.o(i.FisImu_doCtrl9Command), (116 bytes).
    Removing fis210x.o(i.FisImu_enableSensors), (26 bytes).
    Removing fis210x.o(i.FisImu_enableWakeOnMotion), (90 bytes).
    Removing fis210x.o(i.FisImu_init), (376 bytes).
    Removing fis210x.o(i.FisImu_processAccelerometerData), (52 bytes).
    Removing fis210x.o(i.FisImu_processGyroscopeData), (56 bytes).
    Removing fis210x.o(i.FisImu_readStatus0), (18 bytes).
    Removing fis210x.o(i.FisImu_readStatus1), (18 bytes).
    Removing fis210x.o(i.FisImu_readTemp), (18 bytes).
    Removing fis210x.o(i.FisImu_read_acc_xyz), (276 bytes).
    Removing fis210x.o(i.FisImu_read_gyro_xyz), (280 bytes).
    Removing fis210x.o(i.FisImu_read_rawsample), (46 bytes).
    Removing fis210x.o(i.FisImu_read_reg), (32 bytes).
    Removing fis210x.o(i.FisImu_read_xyz), (560 bytes).
    Removing fis210x.o(i.FisImu_read_xyz_raw), (128 bytes).
    Removing fis210x.o(i.FisImu_set_layout), (284 bytes).
    Removing fis210x.o(i.FisImu_write_reg), (24 bytes).
    Removing fis210x.o(i.FisImu_write_regs), (32 bytes).
    Removing fis210x.o(i.applyScaleFactor), (58 bytes).
    Removing fis210x.o(i.writeCalibrationVectorBuffer), (94 bytes).
    Removing fis210x.o(.bss), (12 bytes).
    Removing fis210x.o(.data), (12 bytes).
    Removing qst_sw_i2c.o(i.jhm1200_iic_read), (66 bytes).
    Removing qst_sw_i2c.o(i.jhm1200_iic_write), (80 bytes).
    Removing qst_sw_i2c.o(i.qst_sw_writeregs), (86 bytes).
    Removing api_711_internal.o(i.BSP_IIC_Read), (20 bytes).
    Removing api_711_internal.o(i.BSP_IIC_Write), (22 bytes).
    Removing api_711_internal.o(i.DelayMs), (24 bytes).
    Removing api_711_internal.o(i.JHM1200_IsBusy), (36 bytes).
    Removing api_711_internal.o(i.JHM1200_get_cal), (392 bytes).
    Removing api_711_internal.o(i.jhm1200_init), (4 bytes).
    Removing api_711_internal.o(.data), (1 bytes).
    Removing virtual_iic.o(i.Check_ACK), (72 bytes).
    Removing virtual_iic.o(i.DelayUs), (16 bytes).
    Removing virtual_iic.o(i.ReceiveByte), (72 bytes).
    Removing virtual_iic.o(i.SendByte), (88 bytes).
    Removing virtual_iic.o(i.Send_ACK), (56 bytes).
    Removing virtual_iic.o(i.Send_NOACK), (48 bytes).
    Removing virtual_iic.o(i.Start), (56 bytes).
    Removing virtual_iic.o(i.Stop), (52 bytes).
    Removing virtual_iic.o(i.Virtual_I2C_DeInit), (2 bytes).
    Removing virtual_iic.o(i.Virtual_I2C_Init), (60 bytes).
    Removing virtual_iic.o(i.Virtual_I2C_Master_Receive), (108 bytes).
    Removing virtual_iic.o(i.Virtual_I2C_Master_Transmit), (116 bytes).
    Removing virtual_iic.o(.bss), (12 bytes).
    Removing qmc6308.o(i.qmc6308_enable), (42 bytes).
    Removing qmc6308.o(i.qmc6308_get_chipid), (196 bytes).
    Removing qmc6308.o(i.qmc6308_init), (120 bytes).
    Removing qmc6308.o(i.qmc6308_read_block), (22 bytes).
    Removing qmc6308.o(i.qmc6308_read_mag_xyz), (236 bytes).
    Removing qmc6308.o(i.qmc6308_set_layout), (280 bytes).
    Removing qmc6308.o(i.qmc6308_set_mode), (96 bytes).
    Removing qmc6308.o(i.qmc6308_set_output_data_rate), (116 bytes).
    Removing qmc6308.o(i.qmc6308_write_reg), (18 bytes).
    Removing qmc6308.o(.constdata), (19 bytes).
    Removing qmc6308.o(.data), (10 bytes).
    Removing px318j.o(i.px318j_delay), (12 bytes).
    Removing px318j.o(i.px318j_init), (124 bytes).
    Removing px318j.o(i.px318j_read_reg), (28 bytes).
    Removing px318j.o(i.px318j_write_reg), (20 bytes).
    Removing px318j.o(i.px318j_write_word), (32 bytes).
    Removing fastmath.o(i._Z10FastSinCosfPfS_), (520 bytes).
    Removing fastmath.o(i._Z4ModffPf), (108 bytes).
    Removing fastmath.o(i._Z6FastLnf), (348 bytes).
    Removing fastmath.o(i._Z7FastCosf), (172 bytes).
    Removing fastmath.o(i._Z7FastPowff), (984 bytes).
    Removing fastmath.o(i._Z7FastSinf), (160 bytes).
    Removing fastmath.o(i._Z7FastTanf), (404 bytes).
    Removing fastmath.o(i._Z8FastAsinf), (328 bytes).
    Removing fastmath.o(i._Z8FastSqrtf), (20 bytes).
    Removing fastmath.o(i._Z9FastAtan2ff), (424 bytes).
    Removing fastmath.o(i._Z9FastSqrtIf), (76 bytes).
    Removing fastmath.o(.ARM.exidx), (8 bytes).
    Removing fastmath.o(.ARM.exidx), (8 bytes).
    Removing fastmath.o(.ARM.exidx), (8 bytes).
    Removing fastmath.o(.ARM.exidx), (8 bytes).
    Removing fastmath.o(.ARM.exidx), (8 bytes).
    Removing fastmath.o(.ARM.exidx), (8 bytes).
    Removing fastmath.o(.ARM.exidx), (8 bytes).
    Removing fastmath.o(.ARM.exidx), (8 bytes).
    Removing fastmath.o(.ARM.exidx), (8 bytes).
    Removing fastmath.o(.ARM.exidx), (8 bytes).
    Removing fastmath.o(.ARM.exidx), (8 bytes).
    Removing fastmath.o(.constdata), (2176 bytes).
    Removing imualgo.o(i._Z20qst_algo_gravity_accPf), (168 bytes).
    Removing imualgo.o(i._Z7qmemsetPvci), (20 bytes).
    Removing imualgo.o(i.qst_algo_imu_angle), (612 bytes).
    Removing imualgo.o(i.qst_algo_imu_angle2), (468 bytes).
    Removing imualgo.o(i.qst_algo_imu_cali), (1772 bytes).
    Removing imualgo.o(i.qst_algo_imu_data_process), (212 bytes).
    Removing imualgo.o(i.qst_algo_imu_get_offset), (84 bytes).
    Removing imualgo.o(i.qst_algo_imu_init), (580 bytes).
    Removing imualgo.o(i.qst_algo_imu_set_offset), (76 bytes).
    Removing imualgo.o(i.qst_algo_imu_update), (1276 bytes).
    Removing imualgo.o(i.qst_algo_linear_acc), (192 bytes).
    Removing imualgo.o(.ARM.exidx), (8 bytes).
    Removing imualgo.o(.ARM.exidx), (8 bytes).
    Removing imualgo.o(.ARM.exidx), (8 bytes).
    Removing imualgo.o(.ARM.exidx), (8 bytes).
    Removing imualgo.o(.ARM.exidx), (8 bytes).
    Removing imualgo.o(.ARM.exidx), (8 bytes).
    Removing imualgo.o(.ARM.exidx), (8 bytes).
    Removing imualgo.o(.ARM.exidx), (8 bytes).
    Removing imualgo.o(.ARM.exidx), (8 bytes).
    Removing imualgo.o(.ARM.exidx), (8 bytes).
    Removing imualgo.o(.ARM.exidx), (8 bytes).
    Removing imualgo.o(.bss), (2132 bytes).
    Removing imualgo.o(.constdata), (12 bytes).
    Removing imualgo.o(.data), (32 bytes).
    Removing ical.o(i.ComputeRR), (324 bytes).
    Removing ical.o(i.Filter_Acc), (200 bytes).
    Removing ical.o(i.Filter_Mag), (204 bytes).
    Removing ical.o(i.Filter_Ori), (332 bytes).
    Removing ical.o(i.InvSqrt), (156 bytes).
    Removing ical.o(i.Set_Picth_Roll), (24 bytes).
    Removing ical.o(i.checkAccuracy), (160 bytes).
    Removing ical.o(i.clear_offset), (12 bytes).
    Removing ical.o(i.em_JTJ), (120 bytes).
    Removing ical.o(i.em_JTJinvJK), (88 bytes).
    Removing ical.o(i.em_JTK), (72 bytes).
    Removing ical.o(i.em_average), (152 bytes).
    Removing ical.o(i.em_center), (100 bytes).
    Removing ical.o(i.em_demean), (92 bytes).
    Removing ical.o(i.em_invert), (320 bytes).
    Removing ical.o(i.em_moveData), (56 bytes).
    Removing ical.o(i.em_prepare_data), (228 bytes).
    Removing ical.o(i.em_restore_data), (208 bytes).
    Removing ical.o(i.em_results), (190 bytes).
    Removing ical.o(i.getCalibrationFromFile), (120 bytes).
    Removing ical.o(i.get_mag_accuracy), (12 bytes).
    Removing ical.o(i.get_mag_bias), (112 bytes).
    Removing ical.o(i.get_time_in_nanosec), (6 bytes).
    Removing ical.o(i.ical_Init), (72 bytes).
    Removing ical.o(i.ical_addSample), (72 bytes).
    Removing ical.o(i.ical_clearFarPoint), (284 bytes).
    Removing ical.o(i.ical_clearFarPoint2), (272 bytes).
    Removing ical.o(i.ical_collectDataPoint), (52 bytes).
    Removing ical.o(i.ical_computeCalibration), (116 bytes).
    Removing ical.o(i.ical_qualify), (232 bytes).
    Removing ical.o(i.ical_shiftData), (216 bytes).
    Removing ical.o(i.mFabs), (24 bytes).
    Removing ical.o(i.mMemset), (22 bytes).
    Removing ical.o(i.mSabs), (16 bytes).
    Removing ical.o(i.mSqrt), (108 bytes).
    Removing ical.o(i.mcal), (196 bytes).
    Removing ical.o(i.process), (1088 bytes).
    Removing ical.o(i.push2mcal), (432 bytes).
    Removing ical.o(i.removePointAt), (140 bytes).
    Removing ical.o(i.storeCalibrationToFile), (120 bytes).
    Removing ical.o(i.update_offset), (220 bytes).
    Removing ical.o(i.vec_diff), (44 bytes).
    Removing ical.o(i.vec_magnitude), (90 bytes).
    Removing ical.o(.bss), (2396 bytes).
    Removing ical.o(.conststring), (20 bytes).
    Removing ical.o(.data), (60 bytes).
    Removing qst_packet.o(i.qst_print_log), (200 bytes).
    Removing qst_packet.o(i.qst_putchar), (36 bytes).
    Removing qst_packet.o(i.qst_send_data), (404 bytes).
    Removing qst_packet.o(i.qst_send_imu_euler), (368 bytes).
    Removing qst_packet.o(i.qst_send_imu_quat), (186 bytes).
    Removing qst_packet.o(i.qst_send_imu_rawdata), (336 bytes).
    Removing qst_packet.o(.bss), (50 bytes).
    Removing fadd.o(.text), (176 bytes).
    Removing fmul.o(.text), (100 bytes).
    Removing fdiv.o(.text), (124 bytes).
    Removing fflti.o(.text), (18 bytes).
    Removing ffltui.o(.text), (10 bytes).
    Removing dflti.o(.text), (34 bytes).
    Removing dfltui.o(.text), (26 bytes).
    Removing ffixi.o(.text), (50 bytes).
    Removing ffixui.o(.text), (40 bytes).
    Removing dfixi.o(.text), (62 bytes).
    Removing f2d.o(.text), (38 bytes).
    Removing cdcmple.o(.text), (48 bytes).
    Removing d2f.o(.text), (56 bytes).
    Removing cfcmple.o(.text), (20 bytes).
    Removing cfrcmple.o(.text), (20 bytes).
    Removing fepilogue.o(.text), (110 bytes).
    Removing fscalb.o(.text), (24 bytes).
    Removing fsqrt.o(.text), (94 bytes).
    Removing frnd.o(.text), (60 bytes).
    Removing dscalb.o(.text), (46 bytes).
    Removing dsqrt.o(.text), (162 bytes).
    Removing imualgo.o(i._ZSt5atan2ff), (16 bytes).
    Removing imualgo.o(.ARM.exidx), (8 bytes).

744 unused section(s) (total 64927 bytes) removed from the image.

==============================================================================

Image Symbol Table

    Local Symbols

    Symbol Name                              Value     Ov Type        Size  Object(Section)

    ../clib/microlib/ctype/ctype.c           0x00000000   Number         0  ctype_c.o ABSOLUTE
    ../clib/microlib/ctype/ctype.c           0x00000000   Number         0  isspace_c.o ABSOLUTE
    ../clib/microlib/division.c              0x00000000   Number         0  uidiv.o ABSOLUTE
    ../clib/microlib/division.c              0x00000000   Number         0  uldiv.o ABSOLUTE
    ../clib/microlib/errno.c                 0x00000000   Number         0  errno.o ABSOLUTE
    ../clib/microlib/init/entry.s            0x00000000   Number         0  entry9a.o ABSOLUTE
    ../clib/microlib/init/entry.s            0x00000000   Number         0  entry5.o ABSOLUTE
    ../clib/microlib/init/entry.s            0x00000000   Number         0  entry10b.o ABSOLUTE
    ../clib/microlib/init/entry.s            0x00000000   Number         0  entry11a.o ABSOLUTE
    ../clib/microlib/init/entry.s            0x00000000   Number         0  entry11b.o ABSOLUTE
    ../clib/microlib/init/entry.s            0x00000000   Number         0  entry10a.o ABSOLUTE
    ../clib/microlib/init/entry.s            0x00000000   Number         0  entry8b.o ABSOLUTE
    ../clib/microlib/init/entry.s            0x00000000   Number         0  entry8a.o ABSOLUTE
    ../clib/microlib/init/entry.s            0x00000000   Number         0  entry7b.o ABSOLUTE
    ../clib/microlib/init/entry.s            0x00000000   Number         0  entry7a.o ABSOLUTE
    ../clib/microlib/init/entry.s            0x00000000   Number         0  entry.o ABSOLUTE
    ../clib/microlib/init/entry.s            0x00000000   Number         0  entry2.o ABSOLUTE
    ../clib/microlib/init/entry.s            0x00000000   Number         0  entry9b.o ABSOLUTE
    ../clib/microlib/longlong.c              0x00000000   Number         0  llushr.o ABSOLUTE
    ../clib/microlib/longlong.c              0x00000000   Number         0  llshl.o ABSOLUTE
    ../clib/microlib/longlong.c              0x00000000   Number         0  llsshr.o ABSOLUTE
    ../clib/microlib/printf/printf.c         0x00000000   Number         0  printf0.o ABSOLUTE
    ../clib/microlib/printf/printf.c         0x00000000   Number         0  printf7.o ABSOLUTE
    ../clib/microlib/printf/printf.c         0x00000000   Number         0  printf6.o ABSOLUTE
    ../clib/microlib/printf/printf.c         0x00000000   Number         0  printf4.o ABSOLUTE
    ../clib/microlib/printf/printf.c         0x00000000   Number         0  printf3.o ABSOLUTE
    ../clib/microlib/printf/printf.c         0x00000000   Number         0  printfb.o ABSOLUTE
    ../clib/microlib/printf/printf.c         0x00000000   Number         0  printf2.o ABSOLUTE
    ../clib/microlib/printf/printf.c         0x00000000   Number         0  printf1.o ABSOLUTE
    ../clib/microlib/printf/printf.c         0x00000000   Number         0  printf5.o ABSOLUTE
    ../clib/microlib/printf/printf.c         0x00000000   Number         0  printf8.o ABSOLUTE
    ../clib/microlib/printf/printf.c         0x00000000   Number         0  printfa.o ABSOLUTE
    ../clib/microlib/printf/stubs.s          0x00000000   Number         0  stubs.o ABSOLUTE
    ../clib/microlib/stdio/fclose.c          0x00000000   Number         0  fclose.o ABSOLUTE
    ../clib/microlib/stdio/fgetc.c           0x00000000   Number         0  fgetc_b.o ABSOLUTE
    ../clib/microlib/stdio/fopen.c           0x00000000   Number         0  fopen.o ABSOLUTE
    ../clib/microlib/stdio/semi.s            0x00000000   Number         0  semi.o ABSOLUTE
    ../clib/microlib/stdio/streams.c         0x00000000   Number         0  stdout.o ABSOLUTE
    ../clib/microlib/stdio/streams.c         0x00000000   Number         0  stdin.o ABSOLUTE
    ../clib/microlib/string/memcpy.c         0x00000000   Number         0  memcpya.o ABSOLUTE
    ../clib/microlib/string/memcpy.c         0x00000000   Number         0  memcpyb.o ABSOLUTE
    ../clib/microlib/string/memset.c         0x00000000   Number         0  memseta.o ABSOLUTE
    ../clib/microlib/stubs.s                 0x00000000   Number         0  iusesemig.o ABSOLUTE
    ../clib/microlib/stubs.s                 0x00000000   Number         0  iusefp.o ABSOLUTE
    ../clib/scanf.c                          0x00000000   Number         0  __0scanf.o ABSOLUTE
    ../clib/scanf.c                          0x00000000   Number         0  __0fscanf.o ABSOLUTE
    ../clib/scanf.c                          0x00000000   Number         0  __0sscanf.o ABSOLUTE
    ../clib/scanf.c                          0x00000000   Number         0  scanf_char.o ABSOLUTE
    ../clib/scanf.c                          0x00000000   Number         0  _scanf_int.o ABSOLUTE
    ../clib/scanf.c                          0x00000000   Number         0  _chval.o ABSOLUTE
    ../clib/scanf.c                          0x00000000   Number         0  _scanf.o ABSOLUTE
    ../clib/scanf.c                          0x00000000   Number         0  _sgetc.o ABSOLUTE
    ../clib/scanf.c                          0x00000000   Number         0  scanf_char_file.o ABSOLUTE
    ../fplib/microlib/d2f.c                  0x00000000   Number         0  d2f.o ABSOLUTE
    ../fplib/microlib/f2d.c                  0x00000000   Number         0  f2d.o ABSOLUTE
    ../fplib/microlib/fpadd.c                0x00000000   Number         0  fadd.o ABSOLUTE
    ../fplib/microlib/fpadd.c                0x00000000   Number         0  dadd.o ABSOLUTE
    ../fplib/microlib/fpdiv.c                0x00000000   Number         0  fdiv.o ABSOLUTE
    ../fplib/microlib/fpdiv.c                0x00000000   Number         0  ddiv.o ABSOLUTE
    ../fplib/microlib/fpepilogue.c           0x00000000   Number         0  fepilogue.o ABSOLUTE
    ../fplib/microlib/fpepilogue.c           0x00000000   Number         0  depilogue.o ABSOLUTE
    ../fplib/microlib/fpfix.c                0x00000000   Number         0  dfixul.o ABSOLUTE
    ../fplib/microlib/fpfix.c                0x00000000   Number         0  dfixi.o ABSOLUTE
    ../fplib/microlib/fpfix.c                0x00000000   Number         0  ffixui.o ABSOLUTE
    ../fplib/microlib/fpfix.c                0x00000000   Number         0  ffixi.o ABSOLUTE
    ../fplib/microlib/fpflt.c                0x00000000   Number         0  dfltui.o ABSOLUTE
    ../fplib/microlib/fpflt.c                0x00000000   Number         0  dflti.o ABSOLUTE
    ../fplib/microlib/fpflt.c                0x00000000   Number         0  ffltui.o ABSOLUTE
    ../fplib/microlib/fpflt.c                0x00000000   Number         0  fflti.o ABSOLUTE
    ../fplib/microlib/fpmul.c                0x00000000   Number         0  fmul.o ABSOLUTE
    ../fplib/microlib/fpmul.c                0x00000000   Number         0  dmul.o ABSOLUTE
    ../fplib/microlib/fprnd.c                0x00000000   Number         0  frnd.o ABSOLUTE
    ../fplib/microlib/fpscalb.c              0x00000000   Number         0  fscalb.o ABSOLUTE
    ../fplib/microlib/fpscalb.c              0x00000000   Number         0  dscalb.o ABSOLUTE
    ../fplib/microlib/fpsqrt.c               0x00000000   Number         0  fsqrt.o ABSOLUTE
    ../fplib/microlib/fpsqrt.c               0x00000000   Number         0  dsqrt.o ABSOLUTE
    ../mathlib/asinf.c                       0x00000000   Number         0  asinf.o ABSOLUTE
    ../mathlib/asinf.c                       0x00000000   Number         0  asinf_x.o ABSOLUTE
    ../mathlib/atan.c                        0x00000000   Number         0  atan.o ABSOLUTE
    ../mathlib/atan.c                        0x00000000   Number         0  atan_x.o ABSOLUTE
    ../mathlib/atan2.c                       0x00000000   Number         0  atan2_x.o ABSOLUTE
    ../mathlib/atan2.c                       0x00000000   Number         0  atan2.o ABSOLUTE
    ../mathlib/atan2f.c                      0x00000000   Number         0  atan2f.o ABSOLUTE
    ../mathlib/atan2f.c                      0x00000000   Number         0  atan2f_x.o ABSOLUTE
    ../mathlib/cosf.c                        0x00000000   Number         0  cosf.o ABSOLUTE
    ../mathlib/cosf.c                        0x00000000   Number         0  cosf_x.o ABSOLUTE
    ../mathlib/dunder.c                      0x00000000   Number         0  dunder.o ABSOLUTE
    ../mathlib/fpclassify.c                  0x00000000   Number         0  fpclassify.o ABSOLUTE
    ../mathlib/fpclassifyf.c                 0x00000000   Number         0  fpclassifyf.o ABSOLUTE
    ../mathlib/funder.c                      0x00000000   Number         0  funder.o ABSOLUTE
    ../mathlib/poly.c                        0x00000000   Number         0  poly.o ABSOLUTE
    ../mathlib/pow.c                         0x00000000   Number         0  pow_x.o ABSOLUTE
    ../mathlib/pow.c                         0x00000000   Number         0  pow.o ABSOLUTE
    ../mathlib/qnan.c                        0x00000000   Number         0  qnan.o ABSOLUTE
    ../mathlib/round.c                       0x00000000   Number         0  roundf.o ABSOLUTE
    ../mathlib/rredf.c                       0x00000000   Number         0  rredf.o ABSOLUTE
    ../mathlib/sinf.c                        0x00000000   Number         0  sinf.o ABSOLUTE
    ../mathlib/sinf.c                        0x00000000   Number         0  sinf_x.o ABSOLUTE
    ../mathlib/sqrt.c                        0x00000000   Number         0  sqrt.o ABSOLUTE
    ../mathlib/sqrt.c                        0x00000000   Number         0  sqrt_x.o ABSOLUTE
    ../mathlib/sqrtf.c                       0x00000000   Number         0  sqrtf.o ABSOLUTE
    ../mathlib/sqrtf.c                       0x00000000   Number         0  sqrtf_x.o ABSOLUTE
    ..\..\Libraries\CMSIS\core_cm3.c         0x00000000   Number         0  core_cm3.o ABSOLUTE
    ..\..\Libraries\CMSIS\startup\startup_stm32f10x_md.s 0x00000000   Number         0  startup_stm32f10x_md.o ABSOLUTE
    ..\..\Libraries\CMSIS\system_stm32f10x.c 0x00000000   Number         0  system_stm32f10x.o ABSOLUTE
    ..\..\Libraries\FWlib\src\misc.c         0x00000000   Number         0  misc.o ABSOLUTE
    ..\..\Libraries\FWlib\src\stm32f10x_adc.c 0x00000000   Number         0  stm32f10x_adc.o ABSOLUTE
    ..\..\Libraries\FWlib\src\stm32f10x_bkp.c 0x00000000   Number         0  stm32f10x_bkp.o ABSOLUTE
    ..\..\Libraries\FWlib\src\stm32f10x_can.c 0x00000000   Number         0  stm32f10x_can.o ABSOLUTE
    ..\..\Libraries\FWlib\src\stm32f10x_cec.c 0x00000000   Number         0  stm32f10x_cec.o ABSOLUTE
    ..\..\Libraries\FWlib\src\stm32f10x_crc.c 0x00000000   Number         0  stm32f10x_crc.o ABSOLUTE
    ..\..\Libraries\FWlib\src\stm32f10x_dac.c 0x00000000   Number         0  stm32f10x_dac.o ABSOLUTE
    ..\..\Libraries\FWlib\src\stm32f10x_dbgmcu.c 0x00000000   Number         0  stm32f10x_dbgmcu.o ABSOLUTE
    ..\..\Libraries\FWlib\src\stm32f10x_dma.c 0x00000000   Number         0  stm32f10x_dma.o ABSOLUTE
    ..\..\Libraries\FWlib\src\stm32f10x_exti.c 0x00000000   Number         0  stm32f10x_exti.o ABSOLUTE
    ..\..\Libraries\FWlib\src\stm32f10x_flash.c 0x00000000   Number         0  stm32f10x_flash.o ABSOLUTE
    ..\..\Libraries\FWlib\src\stm32f10x_fsmc.c 0x00000000   Number         0  stm32f10x_fsmc.o ABSOLUTE
    ..\..\Libraries\FWlib\src\stm32f10x_gpio.c 0x00000000   Number         0  stm32f10x_gpio.o ABSOLUTE
    ..\..\Libraries\FWlib\src\stm32f10x_i2c.c 0x00000000   Number         0  stm32f10x_i2c.o ABSOLUTE
    ..\..\Libraries\FWlib\src\stm32f10x_iwdg.c 0x00000000   Number         0  stm32f10x_iwdg.o ABSOLUTE
    ..\..\Libraries\FWlib\src\stm32f10x_pwr.c 0x00000000   Number         0  stm32f10x_pwr.o ABSOLUTE
    ..\..\Libraries\FWlib\src\stm32f10x_rcc.c 0x00000000   Number         0  stm32f10x_rcc.o ABSOLUTE
    ..\..\Libraries\FWlib\src\stm32f10x_rtc.c 0x00000000   Number         0  stm32f10x_rtc.o ABSOLUTE
    ..\..\Libraries\FWlib\src\stm32f10x_sdio.c 0x00000000   Number         0  stm32f10x_sdio.o ABSOLUTE
    ..\..\Libraries\FWlib\src\stm32f10x_spi.c 0x00000000   Number         0  stm32f10x_spi.o ABSOLUTE
    ..\..\Libraries\FWlib\src\stm32f10x_tim.c 0x00000000   Number         0  stm32f10x_tim.o ABSOLUTE
    ..\..\Libraries\FWlib\src\stm32f10x_usart.c 0x00000000   Number         0  stm32f10x_usart.o ABSOLUTE
    ..\..\Libraries\FWlib\src\stm32f10x_wwdg.c 0x00000000   Number         0  stm32f10x_wwdg.o ABSOLUTE
    ..\..\User\Led\bsp_led.c                 0x00000000   Number         0  bsp_led.o ABSOLUTE
    ..\..\User\SysTick\bsp_SysTick.c         0x00000000   Number         0  bsp_systick.o ABSOLUTE
    ..\..\User\fis210x\fis210x.c             0x00000000   Number         0  fis210x.o ABSOLUTE
    ..\..\User\i2c\bsp_i2c.c                 0x00000000   Number         0  bsp_i2c.o ABSOLUTE
    ..\..\User\i2c\qst_sw_i2c.c              0x00000000   Number         0  qst_sw_i2c.o ABSOLUTE
    ..\..\User\jhm1200\api_711_internal.c    0x00000000   Number         0  api_711_internal.o ABSOLUTE
    ..\..\User\jhm1200\virtual_iic.c         0x00000000   Number         0  virtual_iic.o ABSOLUTE
    ..\..\User\main.c                        0x00000000   Number         0  main.o ABSOLUTE
    ..\..\User\px318j\px318j.c               0x00000000   Number         0  px318j.o ABSOLUTE
    ..\..\User\qmaX981\qmaX981.c             0x00000000   Number         0  qmax981.o ABSOLUTE
    ..\..\User\qmaX981\qmaX981_algo.c        0x00000000   Number         0  qmax981_algo.o ABSOLUTE
    ..\..\User\qmc6308\qmc6308.c             0x00000000   Number         0  qmc6308.o ABSOLUTE
    ..\..\User\qmcX983\qmcX983.c             0x00000000   Number         0  qmcx983.o ABSOLUTE
    ..\..\User\qmp6988\qmp6988.c             0x00000000   Number         0  qmp6988.o ABSOLUTE
    ..\..\User\rtc\bsp_calendar.c            0x00000000   Number         0  bsp_calendar.o ABSOLUTE
    ..\..\User\rtc\bsp_date.c                0x00000000   Number         0  bsp_date.o ABSOLUTE
    ..\..\User\rtc\bsp_rtc.c                 0x00000000   Number         0  bsp_rtc.o ABSOLUTE
    ..\..\User\spi\bsp_spi.c                 0x00000000   Number         0  bsp_spi.o ABSOLUTE
    ..\..\User\stm32f10x_it.c                0x00000000   Number         0  stm32f10x_it.o ABSOLUTE
    ..\..\User\usart\bsp_usart.c             0x00000000   Number         0  bsp_usart.o ABSOLUTE
    ..\..\algo\compass\ical.c                0x00000000   Number         0  ical.o ABSOLUTE
    ..\..\algo\imu\FastMath.cpp              0x00000000   Number         0  fastmath.o ABSOLUTE
    ..\..\algo\imu\imualgo.cpp               0x00000000   Number         0  imualgo.o ABSOLUTE
    ..\..\upper\qst_packet.c                 0x00000000   Number         0  qst_packet.o ABSOLUTE
    ..\\..\\Libraries\\CMSIS\\core_cm3.c     0x00000000   Number         0  core_cm3.o ABSOLUTE
    cdcmple.s                                0x00000000   Number         0  cdcmple.o ABSOLUTE
    cdrcmple.s                               0x00000000   Number         0  cdrcmple.o ABSOLUTE
    cfcmple.s                                0x00000000   Number         0  cfcmple.o ABSOLUTE
    cfrcmple.s                               0x00000000   Number         0  cfrcmple.o ABSOLUTE
    dc.s                                     0x00000000   Number         0  dc.o ABSOLUTE
    handlers.s                               0x00000000   Number         0  handlers.o ABSOLUTE
    init.s                                   0x00000000   Number         0  init.o ABSOLUTE
    RESET                                    0x08000000   Section      236  startup_stm32f10x_md.o(RESET)
    .ARM.Collect$$$$00000000                 0x080000ec   Section        0  entry.o(.ARM.Collect$$$$00000000)
    .ARM.Collect$$$$00000001                 0x080000ec   Section        4  entry2.o(.ARM.Collect$$$$00000001)
    .ARM.Collect$$$$00000004                 0x080000f0   Section        4  entry5.o(.ARM.Collect$$$$00000004)
    .ARM.Collect$$$$00000008                 0x080000f4   Section        0  entry7b.o(.ARM.Collect$$$$00000008)
    .ARM.Collect$$$$0000000A                 0x080000f4   Section        0  entry8b.o(.ARM.Collect$$$$0000000A)
    .ARM.Collect$$$$0000000B                 0x080000f4   Section        8  entry9a.o(.ARM.Collect$$$$0000000B)
    .ARM.Collect$$$$0000000D                 0x080000fc   Section        0  entry10a.o(.ARM.Collect$$$$0000000D)
    .ARM.Collect$$$$0000000F                 0x080000fc   Section        0  entry11a.o(.ARM.Collect$$$$0000000F)
    .ARM.Collect$$$$00002712                 0x080000fc   Section        4  entry2.o(.ARM.Collect$$$$00002712)
    __lit__00000000                          0x080000fc   Data           4  entry2.o(.ARM.Collect$$$$00002712)
    .text                                    0x08000100   Section       36  startup_stm32f10x_md.o(.text)
    .text                                    0x08000124   Section        0  memseta.o(.text)
    .text                                    0x08000148   Section        0  __0sscanf.o(.text)
    .text                                    0x08000180   Section        0  _scanf_int.o(.text)
    .text                                    0x080002cc   Section        0  dadd.o(.text)
    .text                                    0x0800041a   Section        0  dmul.o(.text)
    .text                                    0x080004fe   Section        0  ddiv.o(.text)
    .text                                    0x080005dc   Section       48  cdrcmple.o(.text)
    .text                                    0x0800060c   Section        0  uidiv.o(.text)
    .text                                    0x08000638   Section        0  uldiv.o(.text)
    .text                                    0x0800069a   Section        0  llshl.o(.text)
    .text                                    0x080006b8   Section        0  llushr.o(.text)
    .text                                    0x080006d8   Section        0  llsshr.o(.text)
    .text                                    0x080006fc   Section        0  _chval.o(.text)
    .text                                    0x08000718   Section        0  scanf_char.o(.text)
    _scanf_char_input                        0x08000719   Thumb Code    12  scanf_char.o(.text)
    .text                                    0x08000740   Section        0  _sgetc.o(.text)
    .text                                    0x08000780   Section        0  iusefp.o(.text)
    .text                                    0x08000780   Section        0  depilogue.o(.text)
    .text                                    0x0800083a   Section        0  dfixul.o(.text)
    .text                                    0x0800086c   Section       36  init.o(.text)
    .text                                    0x08000890   Section        0  isspace_c.o(.text)
    .text                                    0x0800089c   Section        0  _scanf.o(.text)
    .text                                    0x08000bc8   Section        0  ctype_c.o(.text)
    i.BusFault_Handler                       0x08000bf0   Section        0  stm32f10x_it.o(i.BusFault_Handler)
    i.DebugMon_Handler                       0x08000bf4   Section        0  stm32f10x_it.o(i.DebugMon_Handler)
    i.EXTI15_10_IRQHandler                   0x08000bf8   Section        0  main.o(i.EXTI15_10_IRQHandler)
    i.EXTI4_IRQHandler                       0x08000c18   Section        0  main.o(i.EXTI4_IRQHandler)
    i.EXTI9_5_IRQHandler                     0x08000c34   Section        0  main.o(i.EXTI9_5_IRQHandler)
    i.EXTI_ClearITPendingBit                 0x08000c58   Section        0  stm32f10x_exti.o(i.EXTI_ClearITPendingBit)
    i.EXTI_GetITStatus                       0x08000c64   Section        0  stm32f10x_exti.o(i.EXTI_GetITStatus)
    i.GPIO_Init                              0x08000c8c   Section        0  stm32f10x_gpio.o(i.GPIO_Init)
    i.GPIO_ResetBits                         0x08000da2   Section        0  stm32f10x_gpio.o(i.GPIO_ResetBits)
    i.GPIO_SetBits                           0x08000da6   Section        0  stm32f10x_gpio.o(i.GPIO_SetBits)
    i.HAL_IncTick                            0x08000dac   Section        0  bsp_systick.o(i.HAL_IncTick)
    i.HardFault_Handler                      0x08000dd8   Section        0  stm32f10x_it.o(i.HardFault_Handler)
    i.MemManage_Handler                      0x08000ddc   Section        0  stm32f10x_it.o(i.MemManage_Handler)
    i.NMI_Handler                            0x08000de0   Section        0  stm32f10x_it.o(i.NMI_Handler)
    i.NVIC_Init                              0x08000de4   Section        0  misc.o(i.NVIC_Init)
    i.PendSV_Handler                         0x08000e54   Section        0  stm32f10x_it.o(i.PendSV_Handler)
    i.RCC_APB1PeriphClockCmd                 0x08000e58   Section        0  stm32f10x_rcc.o(i.RCC_APB1PeriphClockCmd)
    i.RCC_APB2PeriphClockCmd                 0x08000e78   Section        0  stm32f10x_rcc.o(i.RCC_APB2PeriphClockCmd)
    i.RCC_GetClocksFreq                      0x08000e98   Section        0  stm32f10x_rcc.o(i.RCC_GetClocksFreq)
    i.SVC_Handler                            0x08000f6c   Section        0  stm32f10x_it.o(i.SVC_Handler)
    i.SetSysClock                            0x08000f6e   Section        0  system_stm32f10x.o(i.SetSysClock)
    SetSysClock                              0x08000f6f   Thumb Code     8  system_stm32f10x.o(i.SetSysClock)
    i.SetSysClockTo72                        0x08000f78   Section        0  system_stm32f10x.o(i.SetSysClockTo72)
    SetSysClockTo72                          0x08000f79   Thumb Code   214  system_stm32f10x.o(i.SetSysClockTo72)
    i.SysTick_Enable                         0x08001058   Section        0  bsp_systick.o(i.SysTick_Enable)
    i.SysTick_Handler                        0x0800107e   Section        0  stm32f10x_it.o(i.SysTick_Handler)
    i.SysTick_Init                           0x08001088   Section        0  bsp_systick.o(i.SysTick_Init)
    i.SystemInit                             0x08001100   Section        0  system_stm32f10x.o(i.SystemInit)
    i.TIM2_IRQHandler                        0x08001160   Section        0  main.o(i.TIM2_IRQHandler)
    i.TIM_ClearITPendingBit                  0x08001176   Section        0  stm32f10x_tim.o(i.TIM_ClearITPendingBit)
    i.TIM_GetITStatus                        0x0800117c   Section        0  stm32f10x_tim.o(i.TIM_GetITStatus)
    i.USART1_IRQHandler                      0x0800119e   Section        0  bsp_usart.o(i.USART1_IRQHandler)
    i.USART2_IRQHandler                      0x080011a0   Section        0  bsp_usart.o(i.USART2_IRQHandler)
    i.USART3_IRQHandler                      0x08001220   Section        0  bsp_usart.o(i.USART3_IRQHandler)
    i.USART_ClearFlag                        0x08001222   Section        0  stm32f10x_usart.o(i.USART_ClearFlag)
    i.USART_Cmd                              0x08001234   Section        0  stm32f10x_usart.o(i.USART_Cmd)
    i.USART_Config                           0x0800124c   Section        0  bsp_usart.o(i.USART_Config)
    i.USART_GetFlagStatus                    0x08001310   Section        0  stm32f10x_usart.o(i.USART_GetFlagStatus)
    i.USART_GetITStatus                      0x0800132a   Section        0  stm32f10x_usart.o(i.USART_GetITStatus)
    i.USART_ITConfig                         0x0800137e   Section        0  stm32f10x_usart.o(i.USART_ITConfig)
    i.USART_Init                             0x080013c8   Section        0  stm32f10x_usart.o(i.USART_Init)
    i.USART_ReceiveData                      0x080014a0   Section        0  stm32f10x_usart.o(i.USART_ReceiveData)
    i.USART_SendData                         0x080014aa   Section        0  stm32f10x_usart.o(i.USART_SendData)
    i.UsageFault_Handler                     0x080014b2   Section        0  stm32f10x_it.o(i.UsageFault_Handler)
    i.__0printf                              0x080014b8   Section        0  printfa.o(i.__0printf)
    i.__scatterload_copy                     0x080014d8   Section       14  handlers.o(i.__scatterload_copy)
    i.__scatterload_null                     0x080014e6   Section        2  handlers.o(i.__scatterload_null)
    i.__scatterload_zeroinit                 0x080014e8   Section       14  handlers.o(i.__scatterload_zeroinit)
    i._fp_digits                             0x080014f8   Section        0  printfa.o(i._fp_digits)
    _fp_digits                               0x080014f9   Thumb Code   366  printfa.o(i._fp_digits)
    i._printf_core                           0x0800167c   Section        0  printfa.o(i._printf_core)
    _printf_core                             0x0800167d   Thumb Code  1744  printfa.o(i._printf_core)
    i._printf_post_padding                   0x08001d58   Section        0  printfa.o(i._printf_post_padding)
    _printf_post_padding                     0x08001d59   Thumb Code    36  printfa.o(i._printf_post_padding)
    i._printf_pre_padding                    0x08001d7c   Section        0  printfa.o(i._printf_pre_padding)
    _printf_pre_padding                      0x08001d7d   Thumb Code    46  printfa.o(i._printf_pre_padding)
    i.acc_exe_rx_buf                         0x08001dac   Section        0  main.o(i.acc_exe_rx_buf)
    acc_exe_rx_buf                           0x08001dad   Thumb Code   122  main.o(i.acc_exe_rx_buf)
    i.acc_process_irq                        0x08001e34   Section        0  main.o(i.acc_process_irq)
    acc_process_irq                          0x08001e35   Thumb Code    48  main.o(i.acc_process_irq)
    i.bsp_gpio_config                        0x08001e68   Section        0  main.o(i.bsp_gpio_config)
    i.bsp_uart_get_rx_buf                    0x08001f00   Section        0  bsp_usart.o(i.bsp_uart_get_rx_buf)
    i.bsp_uart_rx_reset                      0x08001f14   Section        0  bsp_usart.o(i.bsp_uart_rx_reset)
    i.delay_us                               0x08001f24   Section        0  qst_sw_i2c.o(i.delay_us)
    i.fputc                                  0x08001f80   Section        0  bsp_usart.o(i.fputc)
    i.i2c_Ack                                0x08001fa4   Section        0  qst_sw_i2c.o(i.i2c_Ack)
    i.i2c_NAck                               0x08001fe4   Section        0  qst_sw_i2c.o(i.i2c_NAck)
    i.i2c_ReadByte                           0x08002018   Section        0  qst_sw_i2c.o(i.i2c_ReadByte)
    i.i2c_SendByte                           0x080020ac   Section        0  qst_sw_i2c.o(i.i2c_SendByte)
    i.i2c_Start                              0x08002110   Section        0  qst_sw_i2c.o(i.i2c_Start)
    i.i2c_Stop                               0x08002160   Section        0  qst_sw_i2c.o(i.i2c_Stop)
    i.i2c_WaitAck                            0x0800219c   Section        0  qst_sw_i2c.o(i.i2c_WaitAck)
    i.i2c_sw_gpio_config                     0x08002218   Section        0  qst_sw_i2c.o(i.i2c_sw_gpio_config)
    i.main                                   0x08002248   Section        0  main.o(i.main)
    i.qma6981_initialize                     0x08002328   Section        0  qmax981.o(i.qma6981_initialize)
    qma6981_initialize                       0x08002329   Thumb Code   118  qmax981.o(i.qma6981_initialize)
    i.qma7981_drdy_read_raw_xyz              0x080023cc   Section        0  qmax981.o(i.qma7981_drdy_read_raw_xyz)
    i.qma7981_initialize                     0x08002460   Section        0  qmax981.o(i.qma7981_initialize)
    qma7981_initialize                       0x08002461   Thumb Code   276  qmax981.o(i.qma7981_initialize)
    i.qma7981_v2_initialize                  0x08002594   Section        0  qmax981.o(i.qma7981_v2_initialize)
    qma7981_v2_initialize                    0x08002595   Thumb Code   408  qmax981.o(i.qma7981_v2_initialize)
    i.qmaX981_chip_id                        0x080027b0   Section        0  qmax981.o(i.qmaX981_chip_id)
    i.qmaX981_delay                          0x080027ec   Section        0  qmax981.o(i.qmaX981_delay)
    i.qmaX981_init                           0x08002804   Section        0  qmax981.o(i.qmaX981_init)
    i.qmaX981_read_stepcounter               0x080029b0   Section        0  qmax981.o(i.qmaX981_read_stepcounter)
    i.qmaX981_readreg                        0x08002a14   Section        0  qmax981.o(i.qmaX981_readreg)
    i.qmaX981_set_odr                        0x08002a30   Section        0  qmax981.o(i.qmaX981_set_odr)
    i.qmaX981_set_range                      0x08002ab8   Section        0  qmax981.o(i.qmaX981_set_range)
    i.qmaX981_writereg                       0x08002b3c   Section        0  qmax981.o(i.qmaX981_writereg)
    i.qst_delay                              0x08002b54   Section        0  main.o(i.qst_delay)
    i.qst_sw_readreg                         0x08002b68   Section        0  qst_sw_i2c.o(i.qst_sw_readreg)
    i.qst_sw_writereg                        0x08002bda   Section        0  qst_sw_i2c.o(i.qst_sw_writereg)
    .constdata                               0x08002c1e   Section      150  qmax981.o(.constdata)
    qst_map                                  0x08002c1e   Data          96  qmax981.o(.constdata)
    .constdata                               0x08002cb4   Section       64  ctype_c.o(.constdata)
    .data                                    0x20000000   Section       20  system_stm32f10x.o(.data)
    .data                                    0x20000014   Section       20  stm32f10x_rcc.o(.data)
    APBAHBPrescTable                         0x20000014   Data          16  stm32f10x_rcc.o(.data)
    ADCPrescTable                            0x20000024   Data           4  stm32f10x_rcc.o(.data)
    .data                                    0x20000028   Section       12  bsp_systick.o(.data)
    uwTick                                   0x20000028   Data           8  bsp_systick.o(.data)
    .data                                    0x20000034   Section        1  qmax981.o(.data)
    QMAX981_I2C_ADDR                         0x20000034   Data           1  qmax981.o(.data)
    .data                                    0x20000038   Section        4  stdout.o(.data)
    .bss                                     0x20000040   Section      252  main.o(.bss)
    g_out                                    0x20000040   Data         232  main.o(.bss)
    g_acc                                    0x20000128   Data          20  main.o(.bss)
    .bss                                     0x2000013c   Section      132  bsp_usart.o(.bss)
    rx_buf                                   0x2000013c   Data         132  bsp_usart.o(.bss)
    .bss                                     0x200001c0   Section       36  qmax981.o(.bss)
    g_qmaX981                                0x200001c0   Data          24  qmax981.o(.bss)
    g_nm                                     0x200001d8   Data          12  qmax981.o(.bss)
    STACK                                    0x200001e8   Section     1024  startup_stm32f10x_md.o(STACK)

    Global Symbols

    Symbol Name                              Value     Ov Type        Size  Object(Section)

    BuildAttributes$$THM_ISAv4$P$D$K$B$S$PE$A:L22UL41UL21$X:L11$S22US41US21$IEEE1$IW$USESV6$~STKCKD$USESV7$~SHL$OTIME$ROPI$IEEEX$EBA8$MICROLIB$REQ8$PRES8$EABIv2 0x00000000   Number         0  anon$$obj.o ABSOLUTE
    __ARM_use_no_argv                        0x00000000   Number         0  main.o ABSOLUTE
    _printf_a                                0x00000000   Number         0  stubs.o ABSOLUTE
    _printf_c                                0x00000000   Number         0  stubs.o ABSOLUTE
    _printf_charcount                        0x00000000   Number         0  stubs.o ABSOLUTE
    _printf_d                                0x00000000   Number         0  stubs.o ABSOLUTE
    _printf_e                                0x00000000   Number         0  stubs.o ABSOLUTE
    _printf_f                                0x00000000   Number         0  stubs.o ABSOLUTE
    _printf_flags                            0x00000000   Number         0  stubs.o ABSOLUTE
    _printf_fp_dec                           0x00000000   Number         0  stubs.o ABSOLUTE
    _printf_fp_hex                           0x00000000   Number         0  stubs.o ABSOLUTE
    _printf_g                                0x00000000   Number         0  stubs.o ABSOLUTE
    _printf_i                                0x00000000   Number         0  stubs.o ABSOLUTE
    _printf_int_dec                          0x00000000   Number         0  stubs.o ABSOLUTE
    _printf_l                                0x00000000   Number         0  stubs.o ABSOLUTE
    _printf_lc                               0x00000000   Number         0  stubs.o ABSOLUTE
    _printf_ll                               0x00000000   Number         0  stubs.o ABSOLUTE
    _printf_lld                              0x00000000   Number         0  stubs.o ABSOLUTE
    _printf_lli                              0x00000000   Number         0  stubs.o ABSOLUTE
    _printf_llo                              0x00000000   Number         0  stubs.o ABSOLUTE
    _printf_llu                              0x00000000   Number         0  stubs.o ABSOLUTE
    _printf_llx                              0x00000000   Number         0  stubs.o ABSOLUTE
    _printf_longlong_dec                     0x00000000   Number         0  stubs.o ABSOLUTE
    _printf_longlong_hex                     0x00000000   Number         0  stubs.o ABSOLUTE
    _printf_longlong_oct                     0x00000000   Number         0  stubs.o ABSOLUTE
    _printf_ls                               0x00000000   Number         0  stubs.o ABSOLUTE
    _printf_mbtowc                           0x00000000   Number         0  stubs.o ABSOLUTE
    _printf_n                                0x00000000   Number         0  stubs.o ABSOLUTE
    _printf_o                                0x00000000   Number         0  stubs.o ABSOLUTE
    _printf_p                                0x00000000   Number         0  stubs.o ABSOLUTE
    _printf_percent                          0x00000000   Number         0  stubs.o ABSOLUTE
    _printf_pre_padding                      0x00000000   Number         0  stubs.o ABSOLUTE
    _printf_return_value                     0x00000000   Number         0  stubs.o ABSOLUTE
    _printf_s                                0x00000000   Number         0  stubs.o ABSOLUTE
    _printf_sizespec                         0x00000000   Number         0  stubs.o ABSOLUTE
    _printf_str                              0x00000000   Number         0  stubs.o ABSOLUTE
    _printf_truncate_signed                  0x00000000   Number         0  stubs.o ABSOLUTE
    _printf_truncate_unsigned                0x00000000   Number         0  stubs.o ABSOLUTE
    _printf_u                                0x00000000   Number         0  stubs.o ABSOLUTE
    _printf_wc                               0x00000000   Number         0  stubs.o ABSOLUTE
    _printf_wctomb                           0x00000000   Number         0  stubs.o ABSOLUTE
    _printf_widthprec                        0x00000000   Number         0  stubs.o ABSOLUTE
    _printf_x                                0x00000000   Number         0  stubs.o ABSOLUTE
    __cpp_initialize__aeabi_                  - Undefined Weak Reference
    __cxa_finalize                            - Undefined Weak Reference
    __decompress                              - Undefined Weak Reference
    _clock_init                               - Undefined Weak Reference
    _microlib_exit                            - Undefined Weak Reference
    _scanf_longlong                           - Undefined Weak Reference
    _scanf_real                               - Undefined Weak Reference
    _scanf_string                             - Undefined Weak Reference
    __Vectors_Size                           0x000000ec   Number         0  startup_stm32f10x_md.o ABSOLUTE
    __Vectors                                0x08000000   Data           4  startup_stm32f10x_md.o(RESET)
    __Vectors_End                            0x080000ec   Data           0  startup_stm32f10x_md.o(RESET)
    __main                                   0x080000ed   Thumb Code     0  entry.o(.ARM.Collect$$$$00000000)
    _main_stk                                0x080000ed   Thumb Code     0  entry2.o(.ARM.Collect$$$$00000001)
    _main_scatterload                        0x080000f1   Thumb Code     0  entry5.o(.ARM.Collect$$$$00000004)
    __main_after_scatterload                 0x080000f5   Thumb Code     0  entry5.o(.ARM.Collect$$$$00000004)
    _main_clock                              0x080000f5   Thumb Code     0  entry7b.o(.ARM.Collect$$$$00000008)
    _main_cpp_init                           0x080000f5   Thumb Code     0  entry8b.o(.ARM.Collect$$$$0000000A)
    _main_init                               0x080000f5   Thumb Code     0  entry9a.o(.ARM.Collect$$$$0000000B)
    __rt_final_cpp                           0x080000fd   Thumb Code     0  entry10a.o(.ARM.Collect$$$$0000000D)
    __rt_final_exit                          0x080000fd   Thumb Code     0  entry11a.o(.ARM.Collect$$$$0000000F)
    Reset_Handler                            0x08000101   Thumb Code     8  startup_stm32f10x_md.o(.text)
    ADC1_2_IRQHandler                        0x0800011b   Thumb Code     0  startup_stm32f10x_md.o(.text)
    CAN1_RX1_IRQHandler                      0x0800011b   Thumb Code     0  startup_stm32f10x_md.o(.text)
    CAN1_SCE_IRQHandler                      0x0800011b   Thumb Code     0  startup_stm32f10x_md.o(.text)
    DMA1_Channel1_IRQHandler                 0x0800011b   Thumb Code     0  startup_stm32f10x_md.o(.text)
    DMA1_Channel2_IRQHandler                 0x0800011b   Thumb Code     0  startup_stm32f10x_md.o(.text)
    DMA1_Channel3_IRQHandler                 0x0800011b   Thumb Code     0  startup_stm32f10x_md.o(.text)
    DMA1_Channel4_IRQHandler                 0x0800011b   Thumb Code     0  startup_stm32f10x_md.o(.text)
    DMA1_Channel5_IRQHandler                 0x0800011b   Thumb Code     0  startup_stm32f10x_md.o(.text)
    DMA1_Channel6_IRQHandler                 0x0800011b   Thumb Code     0  startup_stm32f10x_md.o(.text)
    DMA1_Channel7_IRQHandler                 0x0800011b   Thumb Code     0  startup_stm32f10x_md.o(.text)
    EXTI0_IRQHandler                         0x0800011b   Thumb Code     0  startup_stm32f10x_md.o(.text)
    EXTI1_IRQHandler                         0x0800011b   Thumb Code     0  startup_stm32f10x_md.o(.text)
    EXTI2_IRQHandler                         0x0800011b   Thumb Code     0  startup_stm32f10x_md.o(.text)
    EXTI3_IRQHandler                         0x0800011b   Thumb Code     0  startup_stm32f10x_md.o(.text)
    FLASH_IRQHandler                         0x0800011b   Thumb Code     0  startup_stm32f10x_md.o(.text)
    I2C1_ER_IRQHandler                       0x0800011b   Thumb Code     0  startup_stm32f10x_md.o(.text)
    I2C1_EV_IRQHandler                       0x0800011b   Thumb Code     0  startup_stm32f10x_md.o(.text)
    I2C2_ER_IRQHandler                       0x0800011b   Thumb Code     0  startup_stm32f10x_md.o(.text)
    I2C2_EV_IRQHandler                       0x0800011b   Thumb Code     0  startup_stm32f10x_md.o(.text)
    PVD_IRQHandler                           0x0800011b   Thumb Code     0  startup_stm32f10x_md.o(.text)
    RCC_IRQHandler                           0x0800011b   Thumb Code     0  startup_stm32f10x_md.o(.text)
    RTCAlarm_IRQHandler                      0x0800011b   Thumb Code     0  startup_stm32f10x_md.o(.text)
    RTC_IRQHandler                           0x0800011b   Thumb Code     0  startup_stm32f10x_md.o(.text)
    SPI1_IRQHandler                          0x0800011b   Thumb Code     0  startup_stm32f10x_md.o(.text)
    SPI2_IRQHandler                          0x0800011b   Thumb Code     0  startup_stm32f10x_md.o(.text)
    TAMPER_IRQHandler                        0x0800011b   Thumb Code     0  startup_stm32f10x_md.o(.text)
    TIM1_BRK_IRQHandler                      0x0800011b   Thumb Code     0  startup_stm32f10x_md.o(.text)
    TIM1_CC_IRQHandler                       0x0800011b   Thumb Code     0  startup_stm32f10x_md.o(.text)
    TIM1_TRG_COM_IRQHandler                  0x0800011b   Thumb Code     0  startup_stm32f10x_md.o(.text)
    TIM1_UP_IRQHandler                       0x0800011b   Thumb Code     0  startup_stm32f10x_md.o(.text)
    TIM3_IRQHandler                          0x0800011b   Thumb Code     0  startup_stm32f10x_md.o(.text)
    TIM4_IRQHandler                          0x0800011b   Thumb Code     0  startup_stm32f10x_md.o(.text)
    USBWakeUp_IRQHandler                     0x0800011b   Thumb Code     0  startup_stm32f10x_md.o(.text)
    USB_HP_CAN1_TX_IRQHandler                0x0800011b   Thumb Code     0  startup_stm32f10x_md.o(.text)
    USB_LP_CAN1_RX0_IRQHandler               0x0800011b   Thumb Code     0  startup_stm32f10x_md.o(.text)
    WWDG_IRQHandler                          0x0800011b   Thumb Code     0  startup_stm32f10x_md.o(.text)
    __aeabi_memset                           0x08000125   Thumb Code    14  memseta.o(.text)
    __aeabi_memset4                          0x08000125   Thumb Code     0  memseta.o(.text)
    __aeabi_memset8                          0x08000125   Thumb Code     0  memseta.o(.text)
    __aeabi_memclr                           0x08000133   Thumb Code     4  memseta.o(.text)
    __aeabi_memclr4                          0x08000133   Thumb Code     0  memseta.o(.text)
    __aeabi_memclr8                          0x08000133   Thumb Code     0  memseta.o(.text)
    _memset$wrapper                          0x08000137   Thumb Code    18  memseta.o(.text)
    __0sscanf                                0x08000149   Thumb Code    48  __0sscanf.o(.text)
    _scanf_int                               0x08000181   Thumb Code   332  _scanf_int.o(.text)
    __aeabi_dadd                             0x080002cd   Thumb Code   322  dadd.o(.text)
    __aeabi_dsub                             0x0800040f   Thumb Code     6  dadd.o(.text)
    __aeabi_drsub                            0x08000415   Thumb Code     6  dadd.o(.text)
    __aeabi_dmul                             0x0800041b   Thumb Code   228  dmul.o(.text)
    __aeabi_ddiv                             0x080004ff   Thumb Code   222  ddiv.o(.text)
    __aeabi_cdrcmple                         0x080005dd   Thumb Code    48  cdrcmple.o(.text)
    __aeabi_uidiv                            0x0800060d   Thumb Code     0  uidiv.o(.text)
    __aeabi_uidivmod                         0x0800060d   Thumb Code    44  uidiv.o(.text)
    __aeabi_uldivmod                         0x08000639   Thumb Code    98  uldiv.o(.text)
    __aeabi_llsl                             0x0800069b   Thumb Code    30  llshl.o(.text)
    _ll_shift_l                              0x0800069b   Thumb Code     0  llshl.o(.text)
    __aeabi_llsr                             0x080006b9   Thumb Code    32  llushr.o(.text)
    _ll_ushift_r                             0x080006b9   Thumb Code     0  llushr.o(.text)
    __aeabi_lasr                             0x080006d9   Thumb Code    36  llsshr.o(.text)
    _ll_sshift_r                             0x080006d9   Thumb Code     0  llsshr.o(.text)
    _chval                                   0x080006fd   Thumb Code    28  _chval.o(.text)
    __vfscanf_char                           0x08000725   Thumb Code    20  scanf_char.o(.text)
    _sgetc                                   0x08000741   Thumb Code    30  _sgetc.o(.text)
    _sbackspace                              0x0800075f   Thumb Code    34  _sgetc.o(.text)
    __I$use$fp                               0x08000781   Thumb Code     0  iusefp.o(.text)
    _double_round                            0x08000781   Thumb Code    30  depilogue.o(.text)
    _double_epilogue                         0x0800079f   Thumb Code   156  depilogue.o(.text)
    __aeabi_d2ulz                            0x0800083b   Thumb Code    48  dfixul.o(.text)
    __scatterload                            0x0800086d   Thumb Code    28  init.o(.text)
    __scatterload_rt2                        0x0800086d   Thumb Code     0  init.o(.text)
    isspace                                  0x08000891   Thumb Code    10  isspace_c.o(.text)
    __vfscanf                                0x0800089d   Thumb Code   808  _scanf.o(.text)
    __ctype_lookup                           0x08000bc9   Thumb Code    34  ctype_c.o(.text)
    BusFault_Handler                         0x08000bf1   Thumb Code     4  stm32f10x_it.o(i.BusFault_Handler)
    DebugMon_Handler                         0x08000bf5   Thumb Code     2  stm32f10x_it.o(i.DebugMon_Handler)
    EXTI15_10_IRQHandler                     0x08000bf9   Thumb Code    28  main.o(i.EXTI15_10_IRQHandler)
    EXTI4_IRQHandler                         0x08000c19   Thumb Code    24  main.o(i.EXTI4_IRQHandler)
    EXTI9_5_IRQHandler                       0x08000c35   Thumb Code    36  main.o(i.EXTI9_5_IRQHandler)
    EXTI_ClearITPendingBit                   0x08000c59   Thumb Code     6  stm32f10x_exti.o(i.EXTI_ClearITPendingBit)
    EXTI_GetITStatus                         0x08000c65   Thumb Code    34  stm32f10x_exti.o(i.EXTI_GetITStatus)
    GPIO_Init                                0x08000c8d   Thumb Code   278  stm32f10x_gpio.o(i.GPIO_Init)
    GPIO_ResetBits                           0x08000da3   Thumb Code     4  stm32f10x_gpio.o(i.GPIO_ResetBits)
    GPIO_SetBits                             0x08000da7   Thumb Code     4  stm32f10x_gpio.o(i.GPIO_SetBits)
    HAL_IncTick                              0x08000dad   Thumb Code    36  bsp_systick.o(i.HAL_IncTick)
    HardFault_Handler                        0x08000dd9   Thumb Code     4  stm32f10x_it.o(i.HardFault_Handler)
    MemManage_Handler                        0x08000ddd   Thumb Code     4  stm32f10x_it.o(i.MemManage_Handler)
    NMI_Handler                              0x08000de1   Thumb Code     2  stm32f10x_it.o(i.NMI_Handler)
    NVIC_Init                                0x08000de5   Thumb Code   100  misc.o(i.NVIC_Init)
    PendSV_Handler                           0x08000e55   Thumb Code     2  stm32f10x_it.o(i.PendSV_Handler)
    RCC_APB1PeriphClockCmd                   0x08000e59   Thumb Code    26  stm32f10x_rcc.o(i.RCC_APB1PeriphClockCmd)
    RCC_APB2PeriphClockCmd                   0x08000e79   Thumb Code    26  stm32f10x_rcc.o(i.RCC_APB2PeriphClockCmd)
    RCC_GetClocksFreq                        0x08000e99   Thumb Code   192  stm32f10x_rcc.o(i.RCC_GetClocksFreq)
    SVC_Handler                              0x08000f6d   Thumb Code     2  stm32f10x_it.o(i.SVC_Handler)
    SysTick_Enable                           0x08001059   Thumb Code    38  bsp_systick.o(i.SysTick_Enable)
    SysTick_Handler                          0x0800107f   Thumb Code     8  stm32f10x_it.o(i.SysTick_Handler)
    SysTick_Init                             0x08001089   Thumb Code   108  bsp_systick.o(i.SysTick_Init)
    SystemInit                               0x08001101   Thumb Code    78  system_stm32f10x.o(i.SystemInit)
    TIM2_IRQHandler                          0x08001161   Thumb Code    22  main.o(i.TIM2_IRQHandler)
    TIM_ClearITPendingBit                    0x08001177   Thumb Code     6  stm32f10x_tim.o(i.TIM_ClearITPendingBit)
    TIM_GetITStatus                          0x0800117d   Thumb Code    34  stm32f10x_tim.o(i.TIM_GetITStatus)
    USART1_IRQHandler                        0x0800119f   Thumb Code     2  bsp_usart.o(i.USART1_IRQHandler)
    USART2_IRQHandler                        0x080011a1   Thumb Code   120  bsp_usart.o(i.USART2_IRQHandler)
    USART3_IRQHandler                        0x08001221   Thumb Code     2  bsp_usart.o(i.USART3_IRQHandler)
    USART_ClearFlag                          0x08001223   Thumb Code    18  stm32f10x_usart.o(i.USART_ClearFlag)
    USART_Cmd                                0x08001235   Thumb Code    24  stm32f10x_usart.o(i.USART_Cmd)
    USART_Config                             0x0800124d   Thumb Code   184  bsp_usart.o(i.USART_Config)
    USART_GetFlagStatus                      0x08001311   Thumb Code    26  stm32f10x_usart.o(i.USART_GetFlagStatus)
    USART_GetITStatus                        0x0800132b   Thumb Code    84  stm32f10x_usart.o(i.USART_GetITStatus)
    USART_ITConfig                           0x0800137f   Thumb Code    74  stm32f10x_usart.o(i.USART_ITConfig)
    USART_Init                               0x080013c9   Thumb Code   210  stm32f10x_usart.o(i.USART_Init)
    USART_ReceiveData                        0x080014a1   Thumb Code    10  stm32f10x_usart.o(i.USART_ReceiveData)
    USART_SendData                           0x080014ab   Thumb Code     8  stm32f10x_usart.o(i.USART_SendData)
    UsageFault_Handler                       0x080014b3   Thumb Code     4  stm32f10x_it.o(i.UsageFault_Handler)
    __0printf                                0x080014b9   Thumb Code    22  printfa.o(i.__0printf)
    __1printf                                0x080014b9   Thumb Code     0  printfa.o(i.__0printf)
    __2printf                                0x080014b9   Thumb Code     0  printfa.o(i.__0printf)
    __c89printf                              0x080014b9   Thumb Code     0  printfa.o(i.__0printf)
    printf                                   0x080014b9   Thumb Code     0  printfa.o(i.__0printf)
    __scatterload_copy                       0x080014d9   Thumb Code    14  handlers.o(i.__scatterload_copy)
    __scatterload_null                       0x080014e7   Thumb Code     2  handlers.o(i.__scatterload_null)
    __scatterload_zeroinit                   0x080014e9   Thumb Code    14  handlers.o(i.__scatterload_zeroinit)
    bsp_gpio_config                          0x08001e69   Thumb Code   144  main.o(i.bsp_gpio_config)
    bsp_uart_get_rx_buf                      0x08001f01   Thumb Code    16  bsp_usart.o(i.bsp_uart_get_rx_buf)
    bsp_uart_rx_reset                        0x08001f15   Thumb Code    12  bsp_usart.o(i.bsp_uart_rx_reset)
    delay_us                                 0x08001f25   Thumb Code    92  qst_sw_i2c.o(i.delay_us)
    fputc                                    0x08001f81   Thumb Code    32  bsp_usart.o(i.fputc)
    i2c_Ack                                  0x08001fa5   Thumb Code    58  qst_sw_i2c.o(i.i2c_Ack)
    i2c_NAck                                 0x08001fe5   Thumb Code    48  qst_sw_i2c.o(i.i2c_NAck)
    i2c_ReadByte                             0x08002019   Thumb Code   142  qst_sw_i2c.o(i.i2c_ReadByte)
    i2c_SendByte                             0x080020ad   Thumb Code    94  qst_sw_i2c.o(i.i2c_SendByte)
    i2c_Start                                0x08002111   Thumb Code    76  qst_sw_i2c.o(i.i2c_Start)
    i2c_Stop                                 0x08002161   Thumb Code    56  qst_sw_i2c.o(i.i2c_Stop)
    i2c_WaitAck                              0x0800219d   Thumb Code   120  qst_sw_i2c.o(i.i2c_WaitAck)
    i2c_sw_gpio_config                       0x08002219   Thumb Code    44  qst_sw_i2c.o(i.i2c_sw_gpio_config)
    main                                     0x08002249   Thumb Code   158  main.o(i.main)
    qma7981_drdy_read_raw_xyz                0x080023cd   Thumb Code   126  qmax981.o(i.qma7981_drdy_read_raw_xyz)
    qmaX981_chip_id                          0x080027b1   Thumb Code    30  qmax981.o(i.qmaX981_chip_id)
    qmaX981_delay                            0x080027ed   Thumb Code    24  qmax981.o(i.qmaX981_delay)
    qmaX981_init                             0x08002805   Thumb Code   322  qmax981.o(i.qmaX981_init)
    qmaX981_read_stepcounter                 0x080029b1   Thumb Code    94  qmax981.o(i.qmaX981_read_stepcounter)
    qmaX981_readreg                          0x08002a15   Thumb Code    24  qmax981.o(i.qmaX981_readreg)
    qmaX981_set_odr                          0x08002a31   Thumb Code   132  qmax981.o(i.qmaX981_set_odr)
    qmaX981_set_range                        0x08002ab9   Thumb Code   126  qmax981.o(i.qmaX981_set_range)
    qmaX981_writereg                         0x08002b3d   Thumb Code    20  qmax981.o(i.qmaX981_writereg)
    qst_delay                                0x08002b55   Thumb Code    16  main.o(i.qst_delay)
    qst_sw_readreg                           0x08002b69   Thumb Code   114  qst_sw_i2c.o(i.qst_sw_readreg)
    qst_sw_writereg                          0x08002bdb   Thumb Code    68  qst_sw_i2c.o(i.qst_sw_writereg)
    qma6981_init_tbl                         0x08002c7e   Data          34  qmax981.o(.constdata)
    qma7981_init_tbl                         0x08002ca0   Data          20  qmax981.o(.constdata)
    __ctype_categories                       0x08002cb4   Data          64  ctype_c.o(.constdata)
    Region$$Table$$Base                      0x08002cf4   Number         0  anon$$obj.o(Region$$Table)
    Region$$Table$$Limit                     0x08002d14   Number         0  anon$$obj.o(Region$$Table)
    SystemCoreClock                          0x20000000   Data           4  system_stm32f10x.o(.data)
    AHBPrescTable                            0x20000004   Data          16  system_stm32f10x.o(.data)
    TickDelay                                0x20000030   Data           4  bsp_systick.o(.data)
    __stdout                                 0x20000038   Data           4  stdout.o(.data)
    __initial_sp                             0x200005e8   Data           0  startup_stm32f10x_md.o(STACK)



==============================================================================

Memory Map of the image

  Image Entry point : 0x080000ed

  Load Region LR_IROM1 (Base: 0x08000000, Size: 0x00002d50, Max: 0x00020000, ABSOLUTE)

    Execution Region ER_IROM1 (Exec base: 0x08000000, Load base: 0x08000000, Size: 0x00002d14, Max: 0x00020000, ABSOLUTE)

    Exec Addr    Load Addr    Size         Type   Attr      Idx    E Section Name        Object

    0x08000000   0x08000000   0x000000ec   Data   RO            3    RESET               startup_stm32f10x_md.o
    0x080000ec   0x080000ec   0x00000000   Code   RO         5383  * .ARM.Collect$$$$00000000  mc_w.l(entry.o)
    0x080000ec   0x080000ec   0x00000004   Code   RO         5759    .ARM.Collect$$$$00000001  mc_w.l(entry2.o)
    0x080000f0   0x080000f0   0x00000004   Code   RO         5762    .ARM.Collect$$$$00000004  mc_w.l(entry5.o)
    0x080000f4   0x080000f4   0x00000000   Code   RO         5764    .ARM.Collect$$$$00000008  mc_w.l(entry7b.o)
    0x080000f4   0x080000f4   0x00000000   Code   RO         5766    .ARM.Collect$$$$0000000A  mc_w.l(entry8b.o)
    0x080000f4   0x080000f4   0x00000008   Code   RO         5767    .ARM.Collect$$$$0000000B  mc_w.l(entry9a.o)
    0x080000fc   0x080000fc   0x00000000   Code   RO         5769    .ARM.Collect$$$$0000000D  mc_w.l(entry10a.o)
    0x080000fc   0x080000fc   0x00000000   Code   RO         5771    .ARM.Collect$$$$0000000F  mc_w.l(entry11a.o)
    0x080000fc   0x080000fc   0x00000004   Code   RO         5760    .ARM.Collect$$$$00002712  mc_w.l(entry2.o)
    0x08000100   0x08000100   0x00000024   Code   RO            4    .text               startup_stm32f10x_md.o
    0x08000124   0x08000124   0x00000024   Code   RO         5392    .text               mc_w.l(memseta.o)
    0x08000148   0x08000148   0x00000038   Code   RO         5661    .text               mc_w.l(__0sscanf.o)
    0x08000180   0x08000180   0x0000014c   Code   RO         5663    .text               mc_w.l(_scanf_int.o)
    0x080002cc   0x080002cc   0x0000014e   Code   RO         5671    .text               mf_w.l(dadd.o)
    0x0800041a   0x0800041a   0x000000e4   Code   RO         5673    .text               mf_w.l(dmul.o)
    0x080004fe   0x080004fe   0x000000de   Code   RO         5675    .text               mf_w.l(ddiv.o)
    0x080005dc   0x080005dc   0x00000030   Code   RO         5695    .text               mf_w.l(cdrcmple.o)
    0x0800060c   0x0800060c   0x0000002c   Code   RO         5775    .text               mc_w.l(uidiv.o)
    0x08000638   0x08000638   0x00000062   Code   RO         5777    .text               mc_w.l(uldiv.o)
    0x0800069a   0x0800069a   0x0000001e   Code   RO         5779    .text               mc_w.l(llshl.o)
    0x080006b8   0x080006b8   0x00000020   Code   RO         5781    .text               mc_w.l(llushr.o)
    0x080006d8   0x080006d8   0x00000024   Code   RO         5783    .text               mc_w.l(llsshr.o)
    0x080006fc   0x080006fc   0x0000001c   Code   RO         5792    .text               mc_w.l(_chval.o)
    0x08000718   0x08000718   0x00000028   Code   RO         5794    .text               mc_w.l(scanf_char.o)
    0x08000740   0x08000740   0x00000040   Code   RO         5796    .text               mc_w.l(_sgetc.o)
    0x08000780   0x08000780   0x00000000   Code   RO         5800    .text               mc_w.l(iusefp.o)
    0x08000780   0x08000780   0x000000ba   Code   RO         5809    .text               mf_w.l(depilogue.o)
    0x0800083a   0x0800083a   0x00000030   Code   RO         5813    .text               mf_w.l(dfixul.o)
    0x0800086a   0x0800086a   0x00000002   PAD
    0x0800086c   0x0800086c   0x00000024   Code   RO         5815    .text               mc_w.l(init.o)
    0x08000890   0x08000890   0x0000000a   Code   RO         5820    .text               mc_w.l(isspace_c.o)
    0x0800089a   0x0800089a   0x00000002   PAD
    0x0800089c   0x0800089c   0x0000032c   Code   RO         5822    .text               mc_w.l(_scanf.o)
    0x08000bc8   0x08000bc8   0x00000028   Code   RO         5827    .text               mc_w.l(ctype_c.o)
    0x08000bf0   0x08000bf0   0x00000004   Code   RO         3375    i.BusFault_Handler  stm32f10x_it.o
    0x08000bf4   0x08000bf4   0x00000002   Code   RO         3376    i.DebugMon_Handler  stm32f10x_it.o
    0x08000bf6   0x08000bf6   0x00000002   PAD
    0x08000bf8   0x08000bf8   0x00000020   Code   RO         3108    i.EXTI15_10_IRQHandler  main.o
    0x08000c18   0x08000c18   0x0000001c   Code   RO         3109    i.EXTI4_IRQHandler  main.o
    0x08000c34   0x08000c34   0x00000024   Code   RO         3110    i.EXTI9_5_IRQHandler  main.o
    0x08000c58   0x08000c58   0x0000000c   Code   RO          939    i.EXTI_ClearITPendingBit  stm32f10x_exti.o
    0x08000c64   0x08000c64   0x00000028   Code   RO          943    i.EXTI_GetITStatus  stm32f10x_exti.o
    0x08000c8c   0x08000c8c   0x00000116   Code   RO         1292    i.GPIO_Init         stm32f10x_gpio.o
    0x08000da2   0x08000da2   0x00000004   Code   RO         1299    i.GPIO_ResetBits    stm32f10x_gpio.o
    0x08000da6   0x08000da6   0x00000004   Code   RO         1300    i.GPIO_SetBits      stm32f10x_gpio.o
    0x08000daa   0x08000daa   0x00000002   PAD
    0x08000dac   0x08000dac   0x0000002c   Code   RO         3448    i.HAL_IncTick       bsp_systick.o
    0x08000dd8   0x08000dd8   0x00000004   Code   RO         3377    i.HardFault_Handler  stm32f10x_it.o
    0x08000ddc   0x08000ddc   0x00000004   Code   RO         3378    i.MemManage_Handler  stm32f10x_it.o
    0x08000de0   0x08000de0   0x00000002   Code   RO         3379    i.NMI_Handler       stm32f10x_it.o
    0x08000de2   0x08000de2   0x00000002   PAD
    0x08000de4   0x08000de4   0x00000070   Code   RO          137    i.NVIC_Init         misc.o
    0x08000e54   0x08000e54   0x00000002   Code   RO         3380    i.PendSV_Handler    stm32f10x_it.o
    0x08000e56   0x08000e56   0x00000002   PAD
    0x08000e58   0x08000e58   0x00000020   Code   RO         1708    i.RCC_APB1PeriphClockCmd  stm32f10x_rcc.o
    0x08000e78   0x08000e78   0x00000020   Code   RO         1710    i.RCC_APB2PeriphClockCmd  stm32f10x_rcc.o
    0x08000e98   0x08000e98   0x000000d4   Code   RO         1718    i.RCC_GetClocksFreq  stm32f10x_rcc.o
    0x08000f6c   0x08000f6c   0x00000002   Code   RO         3381    i.SVC_Handler       stm32f10x_it.o
    0x08000f6e   0x08000f6e   0x00000008   Code   RO           24    i.SetSysClock       system_stm32f10x.o
    0x08000f76   0x08000f76   0x00000002   PAD
    0x08000f78   0x08000f78   0x000000e0   Code   RO           25    i.SetSysClockTo72   system_stm32f10x.o
    0x08001058   0x08001058   0x00000026   Code   RO         3449    i.SysTick_Enable    bsp_systick.o
    0x0800107e   0x0800107e   0x00000008   Code   RO         3382    i.SysTick_Handler   stm32f10x_it.o
    0x08001086   0x08001086   0x00000002   PAD
    0x08001088   0x08001088   0x00000078   Code   RO         3450    i.SysTick_Init      bsp_systick.o
    0x08001100   0x08001100   0x00000060   Code   RO           27    i.SystemInit        system_stm32f10x.o
    0x08001160   0x08001160   0x00000016   Code   RO         3112    i.TIM2_IRQHandler   main.o
    0x08001176   0x08001176   0x00000006   Code   RO         2337    i.TIM_ClearITPendingBit  stm32f10x_tim.o
    0x0800117c   0x0800117c   0x00000022   Code   RO         2363    i.TIM_GetITStatus   stm32f10x_tim.o
    0x0800119e   0x0800119e   0x00000002   Code   RO         3487    i.USART1_IRQHandler  bsp_usart.o
    0x080011a0   0x080011a0   0x00000080   Code   RO         3488    i.USART2_IRQHandler  bsp_usart.o
    0x08001220   0x08001220   0x00000002   Code   RO         3489    i.USART3_IRQHandler  bsp_usart.o
    0x08001222   0x08001222   0x00000012   Code   RO         2874    i.USART_ClearFlag   stm32f10x_usart.o
    0x08001234   0x08001234   0x00000018   Code   RO         2878    i.USART_Cmd         stm32f10x_usart.o
    0x0800124c   0x0800124c   0x000000c4   Code   RO         3490    i.USART_Config      bsp_usart.o
    0x08001310   0x08001310   0x0000001a   Code   RO         2881    i.USART_GetFlagStatus  stm32f10x_usart.o
    0x0800132a   0x0800132a   0x00000054   Code   RO         2882    i.USART_GetITStatus  stm32f10x_usart.o
    0x0800137e   0x0800137e   0x0000004a   Code   RO         2884    i.USART_ITConfig    stm32f10x_usart.o
    0x080013c8   0x080013c8   0x000000d8   Code   RO         2885    i.USART_Init        stm32f10x_usart.o
    0x080014a0   0x080014a0   0x0000000a   Code   RO         2892    i.USART_ReceiveData  stm32f10x_usart.o
    0x080014aa   0x080014aa   0x00000008   Code   RO         2895    i.USART_SendData    stm32f10x_usart.o
    0x080014b2   0x080014b2   0x00000004   Code   RO         3383    i.UsageFault_Handler  stm32f10x_it.o
    0x080014b6   0x080014b6   0x00000002   PAD
    0x080014b8   0x080014b8   0x00000020   Code   RO         5629    i.__0printf         mc_w.l(printfa.o)
    0x080014d8   0x080014d8   0x0000000e   Code   RO         5833    i.__scatterload_copy  mc_w.l(handlers.o)
    0x080014e6   0x080014e6   0x00000002   Code   RO         5834    i.__scatterload_null  mc_w.l(handlers.o)
    0x080014e8   0x080014e8   0x0000000e   Code   RO         5835    i.__scatterload_zeroinit  mc_w.l(handlers.o)
    0x080014f6   0x080014f6   0x00000002   PAD
    0x080014f8   0x080014f8   0x00000184   Code   RO         5636    i._fp_digits        mc_w.l(printfa.o)
    0x0800167c   0x0800167c   0x000006dc   Code   RO         5637    i._printf_core      mc_w.l(printfa.o)
    0x08001d58   0x08001d58   0x00000024   Code   RO         5638    i._printf_post_padding  mc_w.l(printfa.o)
    0x08001d7c   0x08001d7c   0x0000002e   Code   RO         5639    i._printf_pre_padding  mc_w.l(printfa.o)
    0x08001daa   0x08001daa   0x00000002   PAD
    0x08001dac   0x08001dac   0x00000088   Code   RO         3113    i.acc_exe_rx_buf    main.o
    0x08001e34   0x08001e34   0x00000034   Code   RO         3116    i.acc_process_irq   main.o
    0x08001e68   0x08001e68   0x00000098   Code   RO         3118    i.bsp_gpio_config   main.o
    0x08001f00   0x08001f00   0x00000014   Code   RO         3491    i.bsp_uart_get_rx_buf  bsp_usart.o
    0x08001f14   0x08001f14   0x00000010   Code   RO         3492    i.bsp_uart_rx_reset  bsp_usart.o
    0x08001f24   0x08001f24   0x0000005c   Code   RO         4295    i.delay_us          qst_sw_i2c.o
    0x08001f80   0x08001f80   0x00000024   Code   RO         3494    i.fputc             bsp_usart.o
    0x08001fa4   0x08001fa4   0x00000040   Code   RO         4296    i.i2c_Ack           qst_sw_i2c.o
    0x08001fe4   0x08001fe4   0x00000034   Code   RO         4297    i.i2c_NAck          qst_sw_i2c.o
    0x08002018   0x08002018   0x00000094   Code   RO         4298    i.i2c_ReadByte      qst_sw_i2c.o
    0x080020ac   0x080020ac   0x00000064   Code   RO         4299    i.i2c_SendByte      qst_sw_i2c.o
    0x08002110   0x08002110   0x00000050   Code   RO         4300    i.i2c_Start         qst_sw_i2c.o
    0x08002160   0x08002160   0x0000003c   Code   RO         4301    i.i2c_Stop          qst_sw_i2c.o
    0x0800219c   0x0800219c   0x0000007c   Code   RO         4302    i.i2c_WaitAck       qst_sw_i2c.o
    0x08002218   0x08002218   0x00000030   Code   RO         4303    i.i2c_sw_gpio_config  qst_sw_i2c.o
    0x08002248   0x08002248   0x000000e0   Code   RO         3123    i.main              main.o
    0x08002328   0x08002328   0x000000a4   Code   RO         3734    i.qma6981_initialize  qmax981.o
    0x080023cc   0x080023cc   0x00000094   Code   RO         3736    i.qma7981_drdy_read_raw_xyz  qmax981.o
    0x08002460   0x08002460   0x00000134   Code   RO         3737    i.qma7981_initialize  qmax981.o
    0x08002594   0x08002594   0x0000021c   Code   RO         3739    i.qma7981_v2_initialize  qmax981.o
    0x080027b0   0x080027b0   0x0000003c   Code   RO         3741    i.qmaX981_chip_id   qmax981.o
    0x080027ec   0x080027ec   0x00000018   Code   RO         3742    i.qmaX981_delay     qmax981.o
    0x08002804   0x08002804   0x000001ac   Code   RO         3743    i.qmaX981_init      qmax981.o
    0x080029b0   0x080029b0   0x00000064   Code   RO         3747    i.qmaX981_read_stepcounter  qmax981.o
    0x08002a14   0x08002a14   0x0000001c   Code   RO         3748    i.qmaX981_readreg   qmax981.o
    0x08002a30   0x08002a30   0x00000088   Code   RO         3749    i.qmaX981_set_odr   qmax981.o
    0x08002ab8   0x08002ab8   0x00000084   Code   RO         3750    i.qmaX981_set_range  qmax981.o
    0x08002b3c   0x08002b3c   0x00000018   Code   RO         3751    i.qmaX981_writereg  qmax981.o
    0x08002b54   0x08002b54   0x00000014   Code   RO         3124    i.qst_delay         main.o
    0x08002b68   0x08002b68   0x00000072   Code   RO         4306    i.qst_sw_readreg    qst_sw_i2c.o
    0x08002bda   0x08002bda   0x00000044   Code   RO         4307    i.qst_sw_writereg   qst_sw_i2c.o
    0x08002c1e   0x08002c1e   0x00000096   Data   RO         3753    .constdata          qmax981.o
    0x08002cb4   0x08002cb4   0x00000040   Data   RO         5828    .constdata          mc_w.l(ctype_c.o)
    0x08002cf4   0x08002cf4   0x00000020   Data   RO         5831    Region$$Table       anon$$obj.o


    Execution Region RW_IRAM1 (Exec base: 0x20000000, Load base: 0x08002d14, Size: 0x000005e8, Max: 0x00005000, ABSOLUTE)

    Exec Addr    Load Addr    Size         Type   Attr      Idx    E Section Name        Object

    0x20000000   0x08002d14   0x00000014   Data   RW           28    .data               system_stm32f10x.o
    0x20000014   0x08002d28   0x00000014   Data   RW         1738    .data               stm32f10x_rcc.o
    0x20000028   0x08002d3c   0x0000000c   Data   RW         3451    .data               bsp_systick.o
    0x20000034   0x08002d48   0x00000001   Data   RW         3754    .data               qmax981.o
    0x20000035   0x08002d49   0x00000003   PAD
    0x20000038   0x08002d4c   0x00000004   Data   RW         5774    .data               mc_w.l(stdout.o)
    0x2000003c   0x08002d50   0x00000004   PAD
    0x20000040        -       0x000000fc   Zero   RW         3125    .bss                main.o
    0x2000013c        -       0x00000084   Zero   RW         3495    .bss                bsp_usart.o
    0x200001c0        -       0x00000024   Zero   RW         3752    .bss                qmax981.o
    0x200001e4   0x08002d50   0x00000004   PAD
    0x200001e8        -       0x00000400   Zero   RW            1    STACK               startup_stm32f10x_md.o


==============================================================================

Image component sizes


      Code (inc. data)   RO Data    RW Data    ZI Data      Debug   Object Name

       202         20          0         12          0      17045   bsp_systick.o
       400         32          0          0        132       4329   bsp_usart.o
         0          0          0          0          0       4508   core_cm3.o
       702        104          0          0        252     228878   main.o
       112         12          0          0          0       1024   misc.o
      2092        392        150          1         36       9859   qmax981.o
       950         38          0          0          0       7195   qst_sw_i2c.o
        36          8        236          0       1024        864   startup_stm32f10x_md.o
        52         12          0          0          0       1132   stm32f10x_exti.o
       286          0          0          0          0       3036   stm32f10x_gpio.o
        32          0          0          0          0       3902   stm32f10x_it.o
       276         32          0         20          0       4442   stm32f10x_rcc.o
        40          0          0          0          0       1758   stm32f10x_tim.o
       460          6          0          0          0       6731   stm32f10x_usart.o
       328         28          0         20          0     249273   system_stm32f10x.o

    ----------------------------------------------------------------------
      5982        684        418         56       1448     543976   Object Totals
         0          0         32          0          0          0   (incl. Generated)
        14          0          0          3          4          0   (incl. Padding)

    ----------------------------------------------------------------------

      Code (inc. data)   RO Data    RW Data    ZI Data      Debug   Library Member Name

        56          8          0          0          0         84   __0sscanf.o
        28          0          0          0          0         68   _chval.o
       812          4          0          0          0        112   _scanf.o
       332          0          0          0          0         96   _scanf_int.o
        64          0          0          0          0         84   _sgetc.o
        40          6         64          0          0         68   ctype_c.o
         0          0          0          0          0          0   entry.o
         0          0          0          0          0          0   entry10a.o
         0          0          0          0          0          0   entry11a.o
         8          4          0          0          0          0   entry2.o
         4          0          0          0          0          0   entry5.o
         0          0          0          0          0          0   entry7b.o
         0          0          0          0          0          0   entry8b.o
         8          4          0          0          0          0   entry9a.o
        30          0          0          0          0          0   handlers.o
        36          8          0          0          0         68   init.o
        10          0          0          0          0         68   isspace_c.o
         0          0          0          0          0          0   iusefp.o
        30          0          0          0          0         68   llshl.o
        36          0          0          0          0         68   llsshr.o
        32          0          0          0          0         68   llushr.o
        36          0          0          0          0        108   memseta.o
      2258         90          0          0          0        452   printfa.o
        40          8          0          0          0         84   scanf_char.o
         0          0          0          4          0          0   stdout.o
        44          0          0          0          0         80   uidiv.o
        98          0          0          0          0         92   uldiv.o
        48          0          0          0          0         68   cdrcmple.o
       334          0          0          0          0        148   dadd.o
       222          0          0          0          0        100   ddiv.o
       186          0          0          0          0        176   depilogue.o
        48          0          0          0          0         68   dfixul.o
       228          0          0          0          0         96   dmul.o

    ----------------------------------------------------------------------
      5076        132         64          4          4       2324   Library Totals
         8          0          0          0          4          0   (incl. Padding)

    ----------------------------------------------------------------------

      Code (inc. data)   RO Data    RW Data    ZI Data      Debug   Library Name

      4002        132         64          4          0       1668   mc_w.l
      1066          0          0          0          0        656   mf_w.l

    ----------------------------------------------------------------------
      5076        132         64          4          4       2324   Library Totals

    ----------------------------------------------------------------------

==============================================================================


      Code (inc. data)   RO Data    RW Data    ZI Data      Debug   

     11058        816        482         60       1452     541668   Grand Totals
     11058        816        482         60       1452     541668   ELF Image Totals
     11058        816        482         60          0          0   ROM Totals

==============================================================================

    Total RO  Size (Code + RO Data)                11540 (  11.27kB)
    Total RW  Size (RW Data + ZI Data)              1512 (   1.48kB)
    Total ROM Size (Code + RO Data + RW Data)      11600 (  11.33kB)

==============================================================================

