Component: ARM Compiler 5.06 update 6 (build 750) Tool: armlink [4d35ed]

==============================================================================

Section Cross References

    startup_stm32f10x_md.o(RESET) refers to startup_stm32f10x_md.o(STACK) for __initial_sp
    startup_stm32f10x_md.o(RESET) refers to startup_stm32f10x_md.o(.text) for Reset_Handler
    startup_stm32f10x_md.o(RESET) refers to stm32f10x_it.o(i.NMI_Handler) for NMI_Handler
    startup_stm32f10x_md.o(RESET) refers to stm32f10x_it.o(i.HardFault_Handler) for HardFault_Handler
    startup_stm32f10x_md.o(RESET) refers to stm32f10x_it.o(i.MemManage_Handler) for MemManage_Handler
    startup_stm32f10x_md.o(RESET) refers to stm32f10x_it.o(i.BusFault_Handler) for BusFault_Handler
    startup_stm32f10x_md.o(RESET) refers to stm32f10x_it.o(i.UsageFault_Handler) for UsageFault_Handler
    startup_stm32f10x_md.o(RESET) refers to stm32f10x_it.o(i.SVC_Handler) for SVC_Handler
    startup_stm32f10x_md.o(RESET) refers to stm32f10x_it.o(i.DebugMon_Handler) for DebugMon_Handler
    startup_stm32f10x_md.o(RESET) refers to stm32f10x_it.o(i.PendSV_Handler) for PendSV_Handler
    startup_stm32f10x_md.o(RESET) refers to stm32f10x_it.o(i.SysTick_Handler) for SysTick_Handler
    startup_stm32f10x_md.o(RESET) refers to main.o(i.EXTI4_IRQHandler) for EXTI4_IRQHandler
    startup_stm32f10x_md.o(RESET) refers to main.o(i.EXTI9_5_IRQHandler) for EXTI9_5_IRQHandler
    startup_stm32f10x_md.o(RESET) refers to main.o(i.TIM2_IRQHandler) for TIM2_IRQHandler
    startup_stm32f10x_md.o(RESET) refers to bsp_usart.o(i.USART1_IRQHandler) for USART1_IRQHandler
    startup_stm32f10x_md.o(RESET) refers to bsp_usart.o(i.USART2_IRQHandler) for USART2_IRQHandler
    startup_stm32f10x_md.o(RESET) refers to bsp_usart.o(i.USART3_IRQHandler) for USART3_IRQHandler
    startup_stm32f10x_md.o(RESET) refers to main.o(i.EXTI15_10_IRQHandler) for EXTI15_10_IRQHandler
    startup_stm32f10x_md.o(.text) refers to system_stm32f10x.o(i.SystemInit) for SystemInit
    startup_stm32f10x_md.o(.text) refers to entry.o(.ARM.Collect$$$$00000000) for __main
    system_stm32f10x.o(i.SetSysClock) refers to system_stm32f10x.o(i.SetSysClockTo72) for SetSysClockTo72
    system_stm32f10x.o(i.SystemCoreClockUpdate) refers to system_stm32f10x.o(.data) for SystemCoreClock
    system_stm32f10x.o(i.SystemInit) refers to system_stm32f10x.o(i.SetSysClock) for SetSysClock
    stm32f10x_adc.o(i.ADC_DeInit) refers to stm32f10x_rcc.o(i.RCC_APB2PeriphResetCmd) for RCC_APB2PeriphResetCmd
    stm32f10x_bkp.o(i.BKP_DeInit) refers to stm32f10x_rcc.o(i.RCC_BackupResetCmd) for RCC_BackupResetCmd
    stm32f10x_can.o(i.CAN_DeInit) refers to stm32f10x_rcc.o(i.RCC_APB1PeriphResetCmd) for RCC_APB1PeriphResetCmd
    stm32f10x_can.o(i.CAN_GetITStatus) refers to stm32f10x_can.o(i.CheckITStatus) for CheckITStatus
    stm32f10x_cec.o(i.CEC_DeInit) refers to stm32f10x_rcc.o(i.RCC_APB1PeriphResetCmd) for RCC_APB1PeriphResetCmd
    stm32f10x_dac.o(i.DAC_DeInit) refers to stm32f10x_rcc.o(i.RCC_APB1PeriphResetCmd) for RCC_APB1PeriphResetCmd
    stm32f10x_flash.o(i.FLASH_EnableWriteProtection) refers to stm32f10x_flash.o(i.FLASH_WaitForLastOperation) for FLASH_WaitForLastOperation
    stm32f10x_flash.o(i.FLASH_EraseAllBank1Pages) refers to stm32f10x_flash.o(i.FLASH_WaitForLastBank1Operation) for FLASH_WaitForLastBank1Operation
    stm32f10x_flash.o(i.FLASH_EraseAllPages) refers to stm32f10x_flash.o(i.FLASH_WaitForLastOperation) for FLASH_WaitForLastOperation
    stm32f10x_flash.o(i.FLASH_EraseOptionBytes) refers to stm32f10x_flash.o(i.FLASH_GetReadOutProtectionStatus) for FLASH_GetReadOutProtectionStatus
    stm32f10x_flash.o(i.FLASH_EraseOptionBytes) refers to stm32f10x_flash.o(i.FLASH_WaitForLastOperation) for FLASH_WaitForLastOperation
    stm32f10x_flash.o(i.FLASH_ErasePage) refers to stm32f10x_flash.o(i.FLASH_WaitForLastOperation) for FLASH_WaitForLastOperation
    stm32f10x_flash.o(i.FLASH_ProgramHalfWord) refers to stm32f10x_flash.o(i.FLASH_WaitForLastOperation) for FLASH_WaitForLastOperation
    stm32f10x_flash.o(i.FLASH_ProgramOptionByteData) refers to stm32f10x_flash.o(i.FLASH_WaitForLastOperation) for FLASH_WaitForLastOperation
    stm32f10x_flash.o(i.FLASH_ProgramWord) refers to stm32f10x_flash.o(i.FLASH_WaitForLastOperation) for FLASH_WaitForLastOperation
    stm32f10x_flash.o(i.FLASH_ReadOutProtection) refers to stm32f10x_flash.o(i.FLASH_WaitForLastOperation) for FLASH_WaitForLastOperation
    stm32f10x_flash.o(i.FLASH_UserOptionByteConfig) refers to stm32f10x_flash.o(i.FLASH_WaitForLastOperation) for FLASH_WaitForLastOperation
    stm32f10x_flash.o(i.FLASH_WaitForLastBank1Operation) refers to stm32f10x_flash.o(i.FLASH_GetBank1Status) for FLASH_GetBank1Status
    stm32f10x_flash.o(i.FLASH_WaitForLastOperation) refers to stm32f10x_flash.o(i.FLASH_GetBank1Status) for FLASH_GetBank1Status
    stm32f10x_gpio.o(i.GPIO_AFIODeInit) refers to stm32f10x_rcc.o(i.RCC_APB2PeriphResetCmd) for RCC_APB2PeriphResetCmd
[...]
    px318j_delay                             0x08005a85   Thumb Code    12  px318j.o(i.px318j_delay)
    i.px318j_get_int_flag                    0x08005a90   Section        0  px318j.o(i.px318j_get_int_flag)
    i.px318j_init                            0x08005ac0   Section        0  px318j.o(i.px318j_init)
    i.px318j_read_proximity                  0x08005b64   Section        0  px318j.o(i.px318j_read_proximity)
    i.px318j_read_reg                        0x08005b8a   Section        0  px318j.o(i.px318j_read_reg)
    i.px318j_write_reg                       0x08005bb8   Section        0  px318j.o(i.px318j_write_reg)
    i.px318j_write_word                      0x08005be2   Section        0  px318j.o(i.px318j_write_word)
    i.qma6981_initialize                     0x08005c0c   Section        0  qmax981.o(i.qma6981_initialize)
    qma6981_initialize                       0x08005c0d   Thumb Code   118  qmax981.o(i.qma6981_initialize)
    i.qma7981_drdy_read_raw_xyz              0x08005cb0   Section        0  qmax981.o(i.qma7981_drdy_read_raw_xyz)
    i.qma7981_initialize                     0x08005d50   Section        0  qmax981.o(i.qma7981_initialize)
    qma7981_initialize                       0x08005d51   Thumb Code   276  qmax981.o(i.qma7981_initialize)
    i.qma7981_v2_initialize                  0x08005e84   Section        0  qmax981.o(i.qma7981_v2_initialize)
    qma7981_v2_initialize                    0x08005e85   Thumb Code   408  qmax981.o(i.qma7981_v2_initialize)
    i.qmaX981_chip_id                        0x080060a0   Section        0  qmax981.o(i.qmaX981_chip_id)
    i.qmaX981_delay                          0x080060dc   Section        0  qmax981.o(i.qmaX981_delay)
    i.qmaX981_init                           0x080060f4   Section        0  qmax981.o(i.qmaX981_init)
    i.qmaX981_read_stepcounter               0x080062a0   Section        0  qmax981.o(i.qmaX981_read_stepcounter)
    i.qmaX981_readreg                        0x08006304   Section        0  qmax981.o(i.qmaX981_readreg)
    i.qmaX981_set_odr                        0x08006320   Section        0  qmax981.o(i.qmaX981_set_odr)
    i.qmaX981_set_range                      0x080063a8   Section        0  qmax981.o(i.qmaX981_set_range)
    i.qmaX981_writereg                       0x0800642c   Section        0  qmax981.o(i.qmaX981_writereg)
    i.qmc6308_enable                         0x08006444   Section        0  qmc6308.o(i.qmc6308_enable)
    qmc6308_enable                           0x08006445   Thumb Code    76  qmc6308.o(i.qmc6308_enable)
    i.qmc6308_get_chipid                     0x08006494   Section        0  qmc6308.o(i.qmc6308_get_chipid)
    qmc6308_get_chipid                       0x08006495   Thumb Code    68  qmc6308.o(i.qmc6308_get_chipid)
    i.qmc6308_init                           0x08006500   Section        0  qmc6308.o(i.qmc6308_init)
    i.qmc6308_read_block                     0x0800651e   Section        0  qmc6308.o(i.qmc6308_read_block)
    qmc6308_read_block                       0x0800651f   Thumb Code    48  qmc6308.o(i.qmc6308_read_block)
    i.qmc6308_read_mag_xyz                   0x08006550   Section        0  qmc6308.o(i.qmc6308_read_mag_xyz)
    i.qmc6308_set_layout                     0x0800666c   Section        0  qmc6308.o(i.qmc6308_set_layout)
    qmc6308_set_layout                       0x0800666d   Thumb Code   276  qmc6308.o(i.qmc6308_set_layout)
    i.qmc6308_write_reg                      0x08006784   Section        0  qmc6308.o(i.qmc6308_write_reg)
    qmc6308_write_reg                        0x08006785   Thumb Code    40  qmc6308.o(i.qmc6308_write_reg)
    i.qmp6988_ReadData                       0x080067ac   Section        0  qmp6988.o(i.qmp6988_ReadData)
    i.qmp6988_WriteReg                       0x080067e2   Section        0  qmp6988.o(i.qmp6988_WriteReg)
    i.qmp6988_calc_altitude                  0x08006814   Section        0  qmp6988.o(i.qmp6988_calc_altitude)
    i.qmp6988_calc_pressure                  0x0800689c   Section        0  qmp6988.o(i.qmp6988_calc_pressure)
    i.qmp6988_convTx_02e                     0x0800695c   Section        0  qmp6988.o(i.qmp6988_convTx_02e)
    qmp6988_convTx_02e                       0x0800695d   Thumb Code   112  qmp6988.o(i.qmp6988_convTx_02e)
    i.qmp6988_delay                          0x080069cc   Section        0  qmp6988.o(i.qmp6988_delay)
    qmp6988_delay                            0x080069cd   Thumb Code    12  qmp6988.o(i.qmp6988_delay)
    i.qmp6988_device_check                   0x080069d8   Section        0  qmp6988.o(i.qmp6988_device_check)
    qmp6988_device_check                     0x080069d9   Thumb Code    80  qmp6988.o(i.qmp6988_device_check)
    i.qmp6988_get_calibration_data           0x08006a68   Section        0  qmp6988.o(i.qmp6988_get_calibration_data)
    qmp6988_get_calibration_data             0x08006a69   Thumb Code   710  qmp6988.o(i.qmp6988_get_calibration_data)
    i.qmp6988_get_pressure_02e               0x08006eec   Section        0  qmp6988.o(i.qmp6988_get_pressure_02e)
    qmp6988_get_pressure_02e                 0x08006eed   Thumb Code   560  qmp6988.o(i.qmp6988_get_pressure_02e)
    i.qmp6988_init                           0x0800711c   Section        0  qmp6988.o(i.qmp6988_init)
    i.qmp6988_set_app                        0x08007154   Section        0  qmp6988.o(i.qmp6988_set_app)
    i.qmp6988_set_filter                     0x08007208   Section        0  qmp6988.o(i.qmp6988_set_filter)
    qmp6988_set_filter                       0x08007209   Thumb Code    28  qmp6988.o(i.qmp6988_set_filter)
    i.qmp6988_set_oversampling_p             0x08007224   Section        0  qmp6988.o(i.qmp6988_set_oversampling_p)
    qmp6988_set_oversampling_p               0x08007225   Thumb Code    60  qmp6988.o(i.qmp6988_set_oversampling_p)
    i.qmp6988_set_oversampling_t             0x08007260   Section        0  qmp6988.o(i.qmp6988_set_oversampling_t)
    qmp6988_set_oversampling_t               0x08007261   Thumb Code    60  qmp6988.o(i.qmp6988_set_oversampling_t)
    i.qmp6988_set_powermode                  0x0800729c   Section        0  qmp6988.o(i.qmp6988_set_powermode)
    qmp6988_set_powermode                    0x0800729d   Thumb Code   108  qmp6988.o(i.qmp6988_set_powermode)
    i.qmp6988_software_reset                 0x08007340   Section        0  qmp6988.o(i.qmp6988_software_reset)
    qmp6988_software_reset                   0x08007341   Thumb Code     2  qmp6988.o(i.qmp6988_software_reset)
    i.qst_algo_imu_angle                     0x08007344   Section        0  imualgo.o(i.qst_algo_imu_angle)
    i.qst_algo_imu_cali                      0x080075a8   Section        0  imualgo.o(i.qst_algo_imu_cali)
    i.qst_algo_imu_data_process              0x08007c94   Section        0  imualgo.o(i.qst_algo_imu_data_process)
    i.qst_algo_imu_get_offset                0x08007d68   Section        0  imualgo.o(i.qst_algo_imu_get_offset)
    i.qst_algo_imu_init                      0x08007dbc   Section        0  imualgo.o(i.qst_algo_imu_init)
    i.qst_algo_imu_update                    0x08008000   Section        0  imualgo.o(i.qst_algo_imu_update)
    i.qst_delay                              0x080084fc   Section        0  main.o(i.qst_delay)
    i.qst_evb_exe_10axis                     0x08008510   Section        0  main.o(i.qst_evb_exe_10axis)
    i.qst_evb_exe_acc                        0x08008784   Section        0  main.o(i.qst_evb_exe_acc)
    i.qst_evb_exe_lig                        0x0800880c   Section        0  main.o(i.qst_evb_exe_lig)
    i.qst_sw_readreg                         0x08008930   Section        0  qst_sw_i2c.o(i.qst_sw_readreg)
    i.qst_sw_writereg                        0x080089a2   Section        0  qst_sw_i2c.o(i.qst_sw_writereg)
    i.removePointAt                          0x080089e8   Section        0  ical.o(i.removePointAt)
    i.sinf                                   0x08008a74   Section        0  sinf.o(i.sinf)
    i.sqrt                                   0x08008bfc   Section        0  sqrt.o(i.sqrt)
    i.sqrtf                                  0x08008c48   Section        0  sqrtf.o(i.sqrtf)
    i.storeCalibrationToFile                 0x08008c74   Section        0  ical.o(i.storeCalibrationToFile)
    i.update_offset                          0x08008cec   Section        0  ical.o(i.update_offset)
    i.vec_diff                               0x08008dc8   Section        0  ical.o(i.vec_diff)
    i.vec_magnitude                          0x08008df4   Section        0  ical.o(i.vec_magnitude)
    .constdata                               0x08008e4e   Section      150  qmax981.o(.constdata)
    qst_map                                  0x08008e4e   Data          96  qmax981.o(.constdata)
    .constdata                               0x08008ee4   Section       21  qmp6988.o(.constdata)
    __func__                                 0x08008ee4   Data          21  qmp6988.o(.constdata)
    .constdata                               0x08008efc   Section     2176  fastmath.o(.constdata)
    sinTable                                 0x08008efc   Data        2052  fastmath.o(.constdata)
    a1l                                      0x08009700   Data          72  fastmath.o(.constdata)
    a2l                                      0x08009748   Data          36  fastmath.o(.constdata)
    a                                        0x0800976c   Data          16  fastmath.o(.constdata)
    .constdata                               0x0800977c   Section       12  imualgo.o(.constdata)
    .constdata                               0x08009788   Section      136  pow.o(.constdata)
    bp                                       0x08009788   Data          16  pow.o(.constdata)
    dp_h                                     0x08009798   Data          16  pow.o(.constdata)
    dp_l                                     0x080097a8   Data          16  pow.o(.constdata)
    L                                        0x080097b8   Data          48  pow.o(.constdata)
    P                                        0x080097e8   Data          40  pow.o(.constdata)
    .constdata                               0x08009810   Section      152  atan.o(.constdata)
    atanhi                                   0x08009810   Data          32  atan.o(.constdata)
    atanlo                                   0x08009830   Data          32  atan.o(.constdata)
    aTodd                                    0x08009850   Data          40  atan.o(.constdata)
    aTeven                                   0x08009878   Data          48  atan.o(.constdata)
    .constdata                               0x080098a8   Section        8  qnan.o(.constdata)
    .constdata                               0x080098b0   Section       32  rredf.o(.constdata)
    twooverpi                                0x080098b0   Data          32  rredf.o(.constdata)
    .conststring                             0x080098d0   Section       20  ical.o(.conststring)
    .data                                    0x20000000   Section       20  system_stm32f10x.o(.data)
    .data                                    0x20000014   Section       20  stm32f10x_rcc.o(.data)
    APBAHBPrescTable                         0x20000014   Data          16  stm32f10x_rcc.o(.data)
    ADCPrescTable                            0x20000024   Data           4  stm32f10x_rcc.o(.data)
    .data                                    0x20000028   Section        6  main.o(.data)
    g_prox                                   0x20000028   Data           6  main.o(.data)
    .data                                    0x20000030   Section       12  bsp_systick.o(.data)
    uwTick                                   0x20000030   Data           8  bsp_systick.o(.data)
    .data                                    0x2000003c   Section        1  qmax981.o(.data)
    QMAX981_I2C_ADDR                         0x2000003c   Data           1  qmax981.o(.data)
    .data                                    0x2000003e   Section       12  fis210x.o(.data)
    acc_lsb_div                              0x2000003e   Data           2  fis210x.o(.data)
    gyro_lsb_div                             0x20000040   Data           2  fis210x.o(.data)
    fisimu_config                            0x20000042   Data           8  fis210x.o(.data)
    .data                                    0x2000004a   Section        7  qmc6308.o(.data)
    qmc6308_chipid                           0x2000004a   Data           1  qmc6308.o(.data)
    g_map                                    0x2000004b   Data           6  qmc6308.o(.data)
    .data                                    0x20000054   Section       32  imualgo.o(.data)
    cali_count                               0x20000054   Data           4  imualgo.o(.data)
    gyro_x_thres                             0x20000058   Data           4  imualgo.o(.data)
    gyro_y_thres                             0x2000005c   Data           4  imualgo.o(.data)
    gyro_z_thres                             0x20000060   Data           4  imualgo.o(.data)
    gyro_stable_count                        0x20000070   Data           1  imualgo.o(.data)
    anti_gyro_stable_count                   0x20000071   Data           1  imualgo.o(.data)
    linear_acc_init                          0x20000072   Data           1  imualgo.o(.data)
    gravity_acc_init                         0x20000073   Data           1  imualgo.o(.data)
    .data                                    0x20000074   Section       60  ical.o(.data)
    AvgMagR                                  0x20000088   Data           2  ical.o(.data)
    lastStatus                               0x2000008b   Data           1  ical.o(.data)
    curAccuracy                              0x2000008c   Data           1  ical.o(.data)
    nCheckHorizontal                         0x20000096   Data           1  ical.o(.data)
    IsHorizontal                             0x20000097   Data           1  ical.o(.data)
    .data                                    0x200000b0   Section        4  stdout.o(.data)
    .data                                    0x200000b4   Section        4  errno.o(.data)
    _errno                                   0x200000b4   Data           4  errno.o(.data)
    .bss                                     0x200000b8   Section      360  main.o(.bss)
    g_out                                    0x200000b8   Data          68  main.o(.bss)
    g_evb                                    0x20000100   Data         288  main.o(.bss)
    .bss                                     0x20000220   Section      132  bsp_usart.o(.bss)
    rx_buf                                   0x20000220   Data         132  bsp_usart.o(.bss)
    .bss                                     0x200002a4   Section       36  qmax981.o(.bss)
    g_qmaX981                                0x200002a4   Data          24  qmax981.o(.bss)
    g_nm                                     0x200002bc   Data          12  qmax981.o(.bss)
    .bss                                     0x200002c8   Section       12  fis210x.o(.bss)
    imu_map                                  0x200002c8   Data          12  fis210x.o(.bss)
    .bss                                     0x200002d4   Section     2132  imualgo.o(.bss)
    gravity                                  0x200002d4   Data          12  imualgo.o(.bss)
    offset_acc                               0x200002e0   Data          12  imualgo.o(.bss)
    offset_gyro                              0x200002ec   Data          12  imualgo.o(.bss)
    offset_dq                                0x200002f8   Data          16  imualgo.o(.bss)
    accel_data                               0x20000308   Data         600  imualgo.o(.bss)
    gyro_data                                0x20000560   Data         600  imualgo.o(.bss)
    dq_data                                  0x200007b8   Data         800  imualgo.o(.bss)
    rms_dq                                   0x20000ad8   Data          16  imualgo.o(.bss)
    qstimu                                   0x20000ae8   Data          48  imualgo.o(.bss)
    qstdq                                    0x20000b18   Data          16  imualgo.o(.bss)
    .bss                                     0x20000b28   Section     2396  ical.o(.bss)
    icalMgr                                  0x20000b28   Data          20  ical.o(.bss)
    icalEns                                  0x20000b3c   Data         300  ical.o(.bss)
    ma                                       0x20000c68   Data         128  ical.o(.bss)
    Jpt                                      0x20000ce8   Data          16  ical.o(.bss)
    JTJ                                      0x20000cf8   Data          64  ical.o(.bss)
    JTK                                      0x20000d38   Data          16  ical.o(.bss)
    Jout                                     0x20000d48   Data          16  ical.o(.bss)
    magX                                     0x20000d58   Data         200  ical.o(.bss)
    magY                                     0x20000e20   Data         200  ical.o(.bss)
    magZ                                     0x20000ee8   Data         200  ical.o(.bss)
    magXX                                    0x20000fb0   Data         200  ical.o(.bss)
    magYY                                    0x20001078   Data         200  ical.o(.bss)
    magZZ                                    0x20001140   Data         200  ical.o(.bss)
    rr                                       0x20001208   Data         200  ical.o(.bss)
    seedCal                                  0x200012d0   Data          14  ical.o(.bss)
    newCal                                   0x200012de   Data          14  ical.o(.bss)
    STACK                                    0x20001488   Section     1024  startup_stm32f10x_md.o(STACK)

    Global Symbols

    Symbol Name                              Value     Ov Type        Size  Object(Section)

    BuildAttributes$$THM_ISAv4$P$D$K$B$S$PE$A:L22UL41UL21$X:L11$S22US41US21$IEEE1$IW$USESV6$~STKCKD$USESV7$~SHL$OTIME$ROPI$IEEEX$EBA8$MICROLIB$REQ8$PRES8$EABIv2 0x00000000   Number         0  anon$$obj.o ABSOLUTE
    __ARM_use_no_argv                        0x00000000   Number         0  main.o ABSOLUTE
    _printf_a                                0x00000000   Number         0  stubs.o ABSOLUTE
    _printf_c                                0x00000000   Number         0  stubs.o ABSOLUTE
    _printf_charcount                        0x00000000   Number         0  stubs.o ABSOLUTE
    _printf_d                                0x00000000   Number         0  stubs.o ABSOLUTE
    _printf_e                                0x00000000   Number         0  stubs.o ABSOLUTE
    _printf_f                                0x00000000   Number         0  stubs.o ABSOLUTE
    _printf_flags                            0x00000000   Number         0  stubs.o ABSOLUTE
    _printf_fp_dec                           0x00000000   Number         0  stubs.o ABSOLUTE
    _printf_fp_hex                           0x00000000   Number         0  stubs.o ABSOLUTE
    _printf_g                                0x00000000   Number         0  stubs.o ABSOLUTE
    _printf_i                                0x00000000   Number         0  stubs.o ABSOLUTE
    _printf_int_dec                          0x00000000   Number         0  stubs.o ABSOLUTE
    _printf_l                                0x00000000   Number         0  stubs.o ABSOLUTE
    _printf_lc                               0x00000000   Number         0  stubs.o ABSOLUTE
    _printf_ll                               0x00000000   Number         0  stubs.o ABSOLUTE
    _printf_lld                              0x00000000   Number         0  stubs.o ABSOLUTE
    _printf_lli                              0x00000000   Number         0  stubs.o ABSOLUTE
    _printf_llo                              0x00000000   Number         0  stubs.o ABSOLUTE
    _printf_llu                              0x00000000   Number         0  stubs.o ABSOLUTE
    _printf_llx                              0x00000000   Number         0  stubs.o ABSOLUTE
    _printf_longlong_dec                     0x00000000   Number         0  stubs.o ABSOLUTE
    _printf_longlong_hex                     0x00000000   Number         0  stubs.o ABSOLUTE
    _printf_longlong_oct                     0x00000000   Number         0  stubs.o ABSOLUTE
    _printf_ls                               0x00000000   Number         0  stubs.o ABSOLUTE
    _printf_mbtowc                           0x00000000   Number         0  stubs.o ABSOLUTE
    _printf_n                                0x00000000   Number         0  stubs.o ABSOLUTE
    _printf_o                                0x00000000   Number         0  stubs.o ABSOLUTE
    _printf_p                                0x00000000   Number         0  stubs.o ABSOLUTE
    _printf_percent                          0x00000000   Number         0  stubs.o ABSOLUTE
    _printf_pre_padding                      0x00000000   Number         0  stubs.o ABSOLUTE
    _printf_return_value                     0x00000000   Number         0  stubs.o ABSOLUTE
    _printf_s                                0x00000000   Number         0  stubs.o ABSOLUTE
    _printf_sizespec                         0x00000000   Number         0  stubs.o ABSOLUTE
    _printf_str                              0x00000000   Number         0  stubs.o ABSOLUTE
    _printf_truncate_signed                  0x00000000   Number         0  stubs.o ABSOLUTE
    _printf_truncate_unsigned                0x00000000   Number         0  stubs.o ABSOLUTE
    _printf_u                                0x00000000   Number         0  stubs.o ABSOLUTE
    _printf_wc                               0x00000000   Number         0  stubs.o ABSOLUTE
    _printf_wctomb                           0x00000000   Number         0  stubs.o ABSOLUTE
    _printf_widthprec                        0x00000000   Number         0  stubs.o ABSOLUTE
    _printf_x                                0x00000000   Number         0  stubs.o ABSOLUTE
    __cpp_initialize__aeabi_                  - Undefined Weak Reference
    __cxa_finalize                            - Undefined Weak Reference
    __decompress                              - Undefined Weak Reference
    _clock_init                               - Undefined Weak Reference
    _microlib_exit                            - Undefined Weak Reference
    _scanf_longlong                           - Undefined Weak Reference
    _scanf_real                               - Undefined Weak Reference
    _scanf_string                             - Undefined Weak Reference
    __Vectors_Size                           0x000000ec   Number         0  startup_stm32f10x_md.o ABSOLUTE
    __Vectors                                0x08000000   Data           4  startup_stm32f10x_md.o(RESET)
    __Vectors_End                            0x080000ec   Data           0  startup_stm32f10x_md.o(RESET)
    __main                                   0x080000ed   Thumb Code     0  entry.o(.ARM.Collect$$$$00000000)
    _main_stk                                0x080000ed   Thumb Code     0  entry2.o(.ARM.Collect$$$$00000001)
    _main_scatterload                        0x080000f1   Thumb Code     0  entry5.o(.ARM.Collect$$$$00000004)
    __main_after_scatterload                 0x080000f5   Thumb Code     0  entry5.o(.ARM.Collect$$$$00000004)
    _main_clock                              0x080000f5   Thumb Code     0  entry7b.o(.ARM.Collect$$$$00000008)
    _main_cpp_init                           0x080000f5   Thumb Code     0  entry8b.o(.ARM.Collect$$$$0000000A)
    _main_init                               0x080000f5   Thumb Code     0  entry9a.o(.ARM.Collect$$$$0000000B)
    __rt_final_cpp                           0x080000fd   Thumb Code     0  entry10a.o(.ARM.Collect$$$$0000000D)
    __rt_final_exit                          0x080000fd   Thumb Code     0  entry11a.o(.ARM.Collect$$$$0000000F)
    Reset_Handler                            0x08000101   Thumb Code     8  startup_stm32f10x_md.o(.text)
    ADC1_2_IRQHandler                        0x0800011b   Thumb Code     0  startup_stm32f10x_md.o(.text)
    CAN1_RX1_IRQHandler                      0x0800011b   Thumb Code     0  startup_stm32f10x_md.o(.text)
    CAN1_SCE_IRQHandler                      0x0800011b   Thumb Code     0  startup_stm32f10x_md.o(.text)
    DMA1_Channel1_IRQHandler                 0x0800011b   Thumb Code     0  startup_stm32f10x_md.o(.text)
    DMA1_Channel2_IRQHandler                 0x0800011b   Thumb Code     0  startup_stm32f10x_md.o(.text)
    DMA1_Channel3_IRQHandler                 0x0800011b   Thumb Code     0  startup_stm32f10x_md.o(.text)
    DMA1_Channel4_IRQHandler                 0x0800011b   Thumb Code     0  startup_stm32f10x_md.o(.text)
    DMA1_Channel5_IRQHandler                 0x0800011b   Thumb Code     0  startup_stm32f10x_md.o(.text)
    DMA1_Channel6_IRQHandler                 0x0800011b   Thumb Code     0  startup_stm32f10x_md.o(.text)
    DMA1_Channel7_IRQHandler                 0x0800011b   Thumb Code     0  startup_stm32f10x_md.o(.text)
    EXTI0_IRQHandler                         0x0800011b   Thumb Code     0  startup_stm32f10x_md.o(.text)
    EXTI1_IRQHandler                         0x0800011b   Thumb Code     0  startup_stm32f10x_md.o(.text)
    EXTI2_IRQHandler                         0x0800011b   Thumb Code     0  startup_stm32f10x_md.o(.text)
    EXTI3_IRQHandler                         0x0800011b   Thumb Code     0  startup_stm32f10x_md.o(.text)
    FLASH_IRQHandler                         0x0800011b   Thumb Code     0  startup_stm32f10x_md.o(.text)
    I2C1_ER_IRQHandler                       0x0800011b   Thumb Code     0  startup_stm32f10x_md.o(.text)
    I2C1_EV_IRQHandler                       0x0800011b   Thumb Code     0  startup_stm32f10x_md.o(.text)
    I2C2_ER_IRQHandler                       0x0800011b   Thumb Code     0  startup_stm32f10x_md.o(.text)
    I2C2_EV_IRQHandler                       0x0800011b   Thumb Code     0  startup_stm32f10x_md.o(.text)
    PVD_IRQHandler                           0x0800011b   Thumb Code     0  startup_stm32f10x_md.o(.text)
    RCC_IRQHandler                           0x0800011b   Thumb Code     0  startup_stm32f10x_md.o(.text)
    RTCAlarm_IRQHandler                      0x0800011b   Thumb Code     0  startup_stm32f10x_md.o(.text)
    RTC_IRQHandler                           0x0800011b   Thumb Code     0  startup_stm32f10x_md.o(.text)
    SPI1_IRQHandler                          0x0800011b   Thumb Code     0  startup_stm32f10x_md.o(.text)
    SPI2_IRQHandler                          0x0800011b   Thumb Code     0  startup_stm32f10x_md.o(.text)
    TAMPER_IRQHandler                        0x0800011b   Thumb Code     0  startup_stm32f10x_md.o(.text)
    TIM1_BRK_IRQHandler                      0x0800011b   Thumb Code     0  startup_stm32f10x_md.o(.text)
    TIM1_CC_IRQHandler                       0x0800011b   Thumb Code     0  startup_stm32f10x_md.o(.text)
    TIM1_TRG_COM_IRQHandler                  0x0800011b   Thumb Code     0  startup_stm32f10x_md.o(.text)
    TIM1_UP_IRQHandler                       0x0800011b   Thumb Code     0  startup_stm32f10x_md.o(.text)
    TIM3_IRQHandler                          0x0800011b   Thumb Code     0  startup_stm32f10x_md.o(.text)
    TIM4_IRQHandler                          0x0800011b   Thumb Code     0  startup_stm32f10x_md.o(.text)
    USBWakeUp_IRQHandler                     0x0800011b   Thumb Code     0  startup_stm32f10x_md.o(.text)
    USB_HP_CAN1_TX_IRQHandler                0x0800011b   Thumb Code     0  startup_stm32f10x_md.o(.text)
    USB_LP_CAN1_RX0_IRQHandler               0x0800011b   Thumb Code     0  startup_stm32f10x_md.o(.text)
    WWDG_IRQHandler                          0x0800011b   Thumb Code     0  startup_stm32f10x_md.o(.text)
    __aeabi_memcpy                           0x08000125   Thumb Code    36  memcpya.o(.text)
    __aeabi_memcpy4                          0x08000125   Thumb Code     0  memcpya.o(.text)
    __aeabi_memcpy8                          0x08000125   Thumb Code     0  memcpya.o(.text)
    __aeabi_memset                           0x08000149   Thumb Code    14  memseta.o(.text)
    __aeabi_memset4                          0x08000149   Thumb Code     0  memseta.o(.text)
    __aeabi_memset8                          0x08000149   Thumb Code     0  memseta.o(.text)
    __aeabi_memclr                           0x08000157   Thumb Code     4  memseta.o(.text)
    __aeabi_memclr4                          0x08000157   Thumb Code     0  memseta.o(.text)
    __aeabi_memclr8                          0x08000157   Thumb Code     0  memseta.o(.text)
    _memset$wrapper                          0x0800015b   Thumb Code    18  memseta.o(.text)
    __aeabi_fadd                             0x0800016d   Thumb Code   164  fadd.o(.text)
    __aeabi_fsub                             0x08000211   Thumb Code     6  fadd.o(.text)
    __aeabi_frsub                            0x08000217   Thumb Code     6  fadd.o(.text)
    __aeabi_fmul                             0x0800021d   Thumb Code   100  fmul.o(.text)
    __aeabi_fdiv                             0x08000281   Thumb Code   124  fdiv.o(.text)
    __aeabi_dadd                             0x080002fd   Thumb Code   322  dadd.o(.text)
    __aeabi_dsub                             0x0800043f   Thumb Code     6  dadd.o(.text)
    __aeabi_drsub                            0x08000445   Thumb Code     6  dadd.o(.text)
    __aeabi_dmul                             0x0800044b   Thumb Code   228  dmul.o(.text)
    __aeabi_ddiv                             0x0800052f   Thumb Code   222  ddiv.o(.text)
    __aeabi_i2f                              0x0800060d   Thumb Code    18  fflti.o(.text)
    __aeabi_ui2f                             0x0800061f   Thumb Code    10  ffltui.o(.text)
    __aeabi_ul2f                             0x08000629   Thumb Code    28  ffltul.o(.text)
    __aeabi_i2d                              0x08000645   Thumb Code    34  dflti.o(.text)
    __aeabi_f2iz                             0x08000667   Thumb Code    50  ffixi.o(.text)
    __aeabi_f2d                              0x08000699   Thumb Code    38  f2d.o(.text)
    __aeabi_cdcmpeq                          0x080006c1   Thumb Code     0  cdcmple.o(.text)
    __aeabi_cdcmple                          0x080006c1   Thumb Code    48  cdcmple.o(.text)
    __aeabi_cdrcmple                         0x080006f1   Thumb Code    48  cdrcmple.o(.text)
    __aeabi_d2f                              0x08000721   Thumb Code    56  d2f.o(.text)
    __aeabi_cfcmpeq                          0x08000759   Thumb Code     0  cfcmple.o(.text)
    __aeabi_cfcmple                          0x08000759   Thumb Code    20  cfcmple.o(.text)
    __aeabi_cfrcmple                         0x0800076d   Thumb Code    20  cfrcmple.o(.text)
    __aeabi_uidiv                            0x08000781   Thumb Code     0  uidiv.o(.text)
    __aeabi_uidivmod                         0x08000781   Thumb Code    44  uidiv.o(.text)
    __aeabi_uldivmod                         0x080007ad   Thumb Code    98  uldiv.o(.text)
    __aeabi_llsl                             0x0800080f   Thumb Code    30  llshl.o(.text)
    _ll_shift_l                              0x0800080f   Thumb Code     0  llshl.o(.text)
    __aeabi_llsr                             0x0800082d   Thumb Code    32  llushr.o(.text)
    _ll_ushift_r                             0x0800082d   Thumb Code     0  llushr.o(.text)
    __aeabi_lasr                             0x0800084d   Thumb Code    36  llsshr.o(.text)
    _ll_sshift_r                             0x0800084d   Thumb Code     0  llsshr.o(.text)
    __I$use$fp                               0x08000871   Thumb Code     0  iusefp.o(.text)
    _float_round                             0x08000871   Thumb Code    18  fepilogue.o(.text)
    _float_epilogue                          0x08000883   Thumb Code    92  fepilogue.o(.text)
    __ARM_scalbnf                            0x080008df   Thumb Code    24  fscalb.o(.text)
    scalbnf                                  0x080008df   Thumb Code     0  fscalb.o(.text)
    _fsqrt                                   0x080008f7   Thumb Code    94  fsqrt.o(.text)
    _frnd                                    0x08000955   Thumb Code    60  frnd.o(.text)
    _double_round                            0x08000991   Thumb Code    30  depilogue.o(.text)
    _double_epilogue                         0x080009af   Thumb Code   156  depilogue.o(.text)
    __ARM_scalbn                             0x08000a4b   Thumb Code    46  dscalb.o(.text)
    scalbn                                   0x08000a4b   Thumb Code     0  dscalb.o(.text)
    __aeabi_d2ulz                            0x08000a79   Thumb Code    48  dfixul.o(.text)
    __scatterload                            0x08000aa9   Thumb Code    28  init.o(.text)
    __scatterload_rt2                        0x08000aa9   Thumb Code     0  init.o(.text)
    _dsqrt                                   0x08000acd   Thumb Code   162  dsqrt.o(.text)
    BusFault_Handler                         0x08000b6f   Thumb Code     4  stm32f10x_it.o(i.BusFault_Handler)
    DebugMon_Handler                         0x08000b73   Thumb Code     2  stm32f10x_it.o(i.DebugMon_Handler)
    EXTI15_10_IRQHandler                     0x08000b75   Thumb Code    22  main.o(i.EXTI15_10_IRQHandler)
    EXTI4_IRQHandler                         0x08000b8b   Thumb Code    18  main.o(i.EXTI4_IRQHandler)
    EXTI9_5_IRQHandler                       0x08000b9d   Thumb Code    48  main.o(i.EXTI9_5_IRQHandler)
    EXTI_ClearITPendingBit                   0x08000bd1   Thumb Code     6  stm32f10x_exti.o(i.EXTI_ClearITPendingBit)
    EXTI_GetITStatus                         0x08000bdd   Thumb Code    34  stm32f10x_exti.o(i.EXTI_GetITStatus)
    EXTI_Init                                0x08000c05   Thumb Code   142  stm32f10x_exti.o(i.EXTI_Init)
    Filter_Acc                               0x08000c99   Thumb Code   186  ical.o(i.Filter_Acc)
    Filter_Mag                               0x08000d61   Thumb Code   190  ical.o(i.Filter_Mag)
    Filter_Ori                               0x08000e2d   Thumb Code   308  ical.o(i.Filter_Ori)
    FisImu_Config_apply                      0x08000f79   Thumb Code    84  fis210x.o(i.FisImu_Config_apply)
    FisImu_config_acc                        0x08000fcd   Thumb Code   148  fis210x.o(i.FisImu_config_acc)
    FisImu_config_ae                         0x08001065   Thumb Code    38  fis210x.o(i.FisImu_config_ae)
    FisImu_config_gyro                       0x0800108d   Thumb Code   184  fis210x.o(i.FisImu_config_gyro)
    FisImu_config_mag                        0x08001149   Thumb Code     2  fis210x.o(i.FisImu_config_mag)
    FisImu_enableSensors                     0x0800114b   Thumb Code    26  fis210x.o(i.FisImu_enableSensors)
    FisImu_init                              0x08001165   Thumb Code   214  fis210x.o(i.FisImu_init)
    FisImu_readStatus0                       0x08001305   Thumb Code    18  fis210x.o(i.FisImu_readStatus0)
    FisImu_read_reg                          0x08001317   Thumb Code    32  fis210x.o(i.FisImu_read_reg)
    FisImu_read_xyz                          0x08001339   Thumb Code   538  fis210x.o(i.FisImu_read_xyz)
    FisImu_set_layout                        0x08001569   Thumb Code   278  fis210x.o(i.FisImu_set_layout)
    FisImu_write_reg                         0x08001685   Thumb Code    24  fis210x.o(i.FisImu_write_reg)
    GPIO_EXTILineConfig                      0x0800169d   Thumb Code    60  stm32f10x_gpio.o(i.GPIO_EXTILineConfig)
    GPIO_Init                                0x080016dd   Thumb Code   278  stm32f10x_gpio.o(i.GPIO_Init)
    GPIO_ResetBits                           0x080017f3   Thumb Code     4  stm32f10x_gpio.o(i.GPIO_ResetBits)
    GPIO_SetBits                             0x080017f7   Thumb Code     4  stm32f10x_gpio.o(i.GPIO_SetBits)
    HAL_GetTick                              0x080017fd   Thumb Code     8  bsp_systick.o(i.HAL_GetTick)
    HAL_IncTick                              0x08001809   Thumb Code    36  bsp_systick.o(i.HAL_IncTick)
    HardFault_Handler                        0x08001835   Thumb Code     4  stm32f10x_it.o(i.HardFault_Handler)
    InvSqrt                                  0x08001839   Thumb Code   150  ical.o(i.InvSqrt)
    MemManage_Handler                        0x080018d5   Thumb Code     4  stm32f10x_it.o(i.MemManage_Handler)
    NMI_Handler                              0x080018d9   Thumb Code     2  stm32f10x_it.o(i.NMI_Handler)
    NVIC_Init                                0x080018dd   Thumb Code   100  misc.o(i.NVIC_Init)
    NVIC_PriorityGroupConfig                 0x0800194d   Thumb Code    10  misc.o(i.NVIC_PriorityGroupConfig)
    PendSV_Handler                           0x08001961   Thumb Code     2  stm32f10x_it.o(i.PendSV_Handler)
    RCC_APB1PeriphClockCmd                   0x08001965   Thumb Code    26  stm32f10x_rcc.o(i.RCC_APB1PeriphClockCmd)
    RCC_APB2PeriphClockCmd                   0x08001985   Thumb Code    26  stm32f10x_rcc.o(i.RCC_APB2PeriphClockCmd)
    RCC_GetClocksFreq                        0x080019a5   Thumb Code   192  stm32f10x_rcc.o(i.RCC_GetClocksFreq)
    SVC_Handler                              0x08001a79   Thumb Code     2  stm32f10x_it.o(i.SVC_Handler)
    Set_Picth_Roll                           0x08001b65   Thumb Code    14  ical.o(i.Set_Picth_Roll)
    SysTick_Enable                           0x08001b7d   Thumb Code    38  bsp_systick.o(i.SysTick_Enable)
    SysTick_Handler                          0x08001ba3   Thumb Code     8  stm32f10x_it.o(i.SysTick_Handler)
    SysTick_Init                             0x08001bad   Thumb Code   108  bsp_systick.o(i.SysTick_Init)
    SystemInit                               0x08001c25   Thumb Code    78  system_stm32f10x.o(i.SystemInit)
    TIM2_IRQHandler                          0x08001c85   Thumb Code    22  main.o(i.TIM2_IRQHandler)
    TIM_ClearITPendingBit                    0x08001c9b   Thumb Code     6  stm32f10x_tim.o(i.TIM_ClearITPendingBit)
    TIM_GetITStatus                          0x08001ca1   Thumb Code    34  stm32f10x_tim.o(i.TIM_GetITStatus)
    USART1_IRQHandler                        0x08001cc3   Thumb Code     2  bsp_usart.o(i.USART1_IRQHandler)
    USART2_IRQHandler                        0x08001cc5   Thumb Code   120  bsp_usart.o(i.USART2_IRQHandler)
    USART3_IRQHandler                        0x08001d45   Thumb Code     2  bsp_usart.o(i.USART3_IRQHandler)
    USART_ClearFlag                          0x08001d47   Thumb Code    18  stm32f10x_usart.o(i.USART_ClearFlag)
    USART_Cmd                                0x08001d59   Thumb Code    24  stm32f10x_usart.o(i.USART_Cmd)
    USART_Config                             0x08001d71   Thumb Code   184  bsp_usart.o(i.USART_Config)
    USART_GetFlagStatus                      0x08001e35   Thumb Code    26  stm32f10x_usart.o(i.USART_GetFlagStatus)
    USART_GetITStatus                        0x08001e4f   Thumb Code    84  stm32f10x_usart.o(i.USART_GetITStatus)
    USART_ITConfig                           0x08001ea3   Thumb Code    74  stm32f10x_usart.o(i.USART_ITConfig)
    USART_Init                               0x08001eed   Thumb Code   210  stm32f10x_usart.o(i.USART_Init)
    USART_ReceiveData                        0x08001fc5   Thumb Code    10  stm32f10x_usart.o(i.USART_ReceiveData)
    USART_SendData                           0x08001fcf   Thumb Code     8  stm32f10x_usart.o(i.USART_SendData)
    UsageFault_Handler                       0x08001fd7   Thumb Code     4  stm32f10x_it.o(i.UsageFault_Handler)
    qst_algo_gravity_acc(float*)             0x08001fdd   Thumb Code   150  imualgo.o(i._Z20qst_algo_gravity_accPf)
    qmemset(void*, char, int)                0x08002085   Thumb Code    20  imualgo.o(i._Z7qmemsetPvci)
    FastAsin(float)                          0x08002099   Thumb Code   294  fastmath.o(i._Z8FastAsinf)
    FastSqrt(float)                          0x080021e1   Thumb Code    20  fastmath.o(i._Z8FastSqrtf)
    FastAtan2(float, float)                  0x080021f5   Thumb Code   380  fastmath.o(i._Z9FastAtan2ff)
    FastSqrtI(float)                         0x0800239d   Thumb Code    62  fastmath.o(i._Z9FastSqrtIf)
    __0fprintf                               0x080023e9   Thumb Code    22  printfa.o(i.__0fprintf)
    __1fprintf                               0x080023e9   Thumb Code     0  printfa.o(i.__0fprintf)
    __2fprintf                               0x080023e9   Thumb Code     0  printfa.o(i.__0fprintf)
    __c89fprintf                             0x080023e9   Thumb Code     0  printfa.o(i.__0fprintf)
    fprintf                                  0x080023e9   Thumb Code     0  printfa.o(i.__0fprintf)
    __0printf                                0x08002405   Thumb Code    22  printfa.o(i.__0printf)
    __1printf                                0x08002405   Thumb Code     0  printfa.o(i.__0printf)
    __2printf                                0x08002405   Thumb Code     0  printfa.o(i.__0printf)
    __c89printf                              0x08002405   Thumb Code     0  printfa.o(i.__0printf)
    printf                                   0x08002405   Thumb Code     0  printfa.o(i.__0printf)
    __ARM_fpclassify                         0x08002425   Thumb Code    40  fpclassify.o(i.__ARM_fpclassify)
    __ARM_fpclassifyf                        0x0800244d   Thumb Code    38  fpclassifyf.o(i.__ARM_fpclassifyf)
    __kernel_poly                            0x08002473   Thumb Code   170  poly.o(i.__kernel_poly)
    __mathlib_dbl_divzero                    0x0800251d   Thumb Code    12  dunder.o(i.__mathlib_dbl_divzero)
    __mathlib_dbl_infnan                     0x0800252d   Thumb Code     6  dunder.o(i.__mathlib_dbl_infnan)
    __mathlib_dbl_infnan2                    0x08002533   Thumb Code     4  dunder.o(i.__mathlib_dbl_infnan2)
    __mathlib_dbl_invalid                    0x08002537   Thumb Code    12  dunder.o(i.__mathlib_dbl_invalid)
    __mathlib_dbl_overflow                   0x08002543   Thumb Code    14  dunder.o(i.__mathlib_dbl_overflow)
    __mathlib_dbl_underflow                  0x08002551   Thumb Code    10  dunder.o(i.__mathlib_dbl_underflow)
    __mathlib_flt_infnan                     0x08002561   Thumb Code     6  funder.o(i.__mathlib_flt_infnan)
    __mathlib_flt_invalid                    0x08002567   Thumb Code     8  funder.o(i.__mathlib_flt_invalid)
    __mathlib_flt_underflow                  0x0800256f   Thumb Code    10  funder.o(i.__mathlib_flt_underflow)
    __mathlib_rredf2                         0x08002579   Thumb Code   344  rredf.o(i.__mathlib_rredf2)
    __scatterload_copy                       0x080026e1   Thumb Code    14  handlers.o(i.__scatterload_copy)
    __scatterload_null                       0x080026ef   Thumb Code     2  handlers.o(i.__scatterload_null)
    __scatterload_zeroinit                   0x080026f1   Thumb Code    14  handlers.o(i.__scatterload_zeroinit)
    __set_errno                              0x08002701   Thumb Code     6  errno.o(i.__set_errno)
    asinf                                    0x08002fc1   Thumb Code   254  asinf.o(i.asinf)
    atan                                     0x080030e5   Thumb Code   474  atan.o(i.atan)
    atan2                                    0x08003305   Thumb Code   346  atan2.o(i.atan2)
    bsp_gpio_config                          0x08003485   Thumb Code   144  main.o(i.bsp_gpio_config)
    bsp_uart_get_rx_buf                      0x0800351d   Thumb Code    20  bsp_usart.o(i.bsp_uart_get_rx_buf)
    bsp_uart_rx_reset                        0x08003535   Thumb Code    12  bsp_usart.o(i.bsp_uart_rx_reset)
    checkAccuracy                            0x08003545   Thumb Code   148  ical.o(i.checkAccuracy)
    clear_offset                             0x080035e5   Thumb Code     8  ical.o(i.clear_offset)
    cosf                                     0x080035f1   Thumb Code   328  cosf.o(i.cosf)
    delay_us                                 0x0800376d   Thumb Code    92  qst_sw_i2c.o(i.delay_us)
    em_JTJ                                   0x080037c9   Thumb Code   110  ical.o(i.em_JTJ)
    em_JTJinvJK                              0x08003841   Thumb Code    76  ical.o(i.em_JTJinvJK)
    em_JTK                                   0x08003899   Thumb Code    64  ical.o(i.em_JTK)
    em_average                               0x080038e1   Thumb Code   152  ical.o(i.em_average)
    em_center                                0x08003979   Thumb Code    94  ical.o(i.em_center)
    em_demean                                0x080039dd   Thumb Code    92  ical.o(i.em_demean)
    em_invert                                0x08003a39   Thumb Code   316  ical.o(i.em_invert)
    em_moveData                              0x08003b79   Thumb Code    46  ical.o(i.em_moveData)
    em_prepare_data                          0x08003bb1   Thumb Code   206  ical.o(i.em_prepare_data)
    em_restore_data                          0x08003c95   Thumb Code   208  ical.o(i.em_restore_data)
    em_results                               0x08003d65   Thumb Code   190  ical.o(i.em_results)
    fputc                                    0x08003ee5   Thumb Code    32  bsp_usart.o(i.fputc)
    i2c_Ack                                  0x08003f09   Thumb Code    58  qst_sw_i2c.o(i.i2c_Ack)
    i2c_NAck                                 0x08003f49   Thumb Code    48  qst_sw_i2c.o(i.i2c_NAck)
    i2c_ReadByte                             0x08003f7d   Thumb Code   142  qst_sw_i2c.o(i.i2c_ReadByte)
    i2c_SendByte                             0x08004011   Thumb Code    94  qst_sw_i2c.o(i.i2c_SendByte)
    i2c_Start                                0x08004075   Thumb Code    76  qst_sw_i2c.o(i.i2c_Start)
    i2c_Stop                                 0x080040c5   Thumb Code    56  qst_sw_i2c.o(i.i2c_Stop)
    i2c_WaitAck                              0x08004101   Thumb Code   120  qst_sw_i2c.o(i.i2c_WaitAck)
    i2c_sw_gpio_config                       0x0800417d   Thumb Code    44  qst_sw_i2c.o(i.i2c_sw_gpio_config)
    ical_Init                                0x080041ad   Thumb Code    56  ical.o(i.ical_Init)
    ical_addSample                           0x080041f5   Thumb Code    62  ical.o(i.ical_addSample)
    ical_clearFarPoint                       0x0800423d   Thumb Code   274  ical.o(i.ical_clearFarPoint)
    ical_collectDataPoint                    0x08004359   Thumb Code    46  ical.o(i.ical_collectDataPoint)
    ical_computeCalibration                  0x0800438d   Thumb Code   108  ical.o(i.ical_computeCalibration)
    ical_qualify                             0x08004401   Thumb Code   220  ical.o(i.ical_qualify)
    ical_shiftData                           0x080044e9   Thumb Code   206  ical.o(i.ical_shiftData)
    mFabs                                    0x08004901   Thumb Code    24  ical.o(i.mFabs)
    mMemset                                  0x08004919   Thumb Code    22  ical.o(i.mMemset)
    mSabs                                    0x0800492f   Thumb Code    16  ical.o(i.mSabs)
    mSqrt                                    0x08004941   Thumb Code    94  ical.o(i.mSqrt)
    main                                     0x080049ad   Thumb Code   202  main.o(i.main)
    pow                                      0x08004ab1   Thumb Code  2512  pow.o(i.pow)
    process                                  0x08005489   Thumb Code   986  ical.o(i.process)
    push2mcal                                0x080058c9   Thumb Code   414  ical.o(i.push2mcal)
    px318j_get_int_flag                      0x08005a91   Thumb Code    46  px318j.o(i.px318j_get_int_flag)
    px318j_init                              0x08005ac1   Thumb Code   146  px318j.o(i.px318j_init)
    px318j_read_proximity                    0x08005b65   Thumb Code    38  px318j.o(i.px318j_read_proximity)
    px318j_read_reg                          0x08005b8b   Thumb Code    46  px318j.o(i.px318j_read_reg)
    px318j_write_reg                         0x08005bb9   Thumb Code    42  px318j.o(i.px318j_write_reg)
    px318j_write_word                        0x08005be3   Thumb Code    42  px318j.o(i.px318j_write_word)
    qma7981_drdy_read_raw_xyz                0x08005cb1   Thumb Code   140  qmax981.o(i.qma7981_drdy_read_raw_xyz)
    qmaX981_chip_id                          0x080060a1   Thumb Code    30  qmax981.o(i.qmaX981_chip_id)
    qmaX981_delay                            0x080060dd   Thumb Code    24  qmax981.o(i.qmaX981_delay)
    qmaX981_init                             0x080060f5   Thumb Code   322  qmax981.o(i.qmaX981_init)
    qmaX981_read_stepcounter                 0x080062a1   Thumb Code    94  qmax981.o(i.qmaX981_read_stepcounter)
    qmaX981_readreg                          0x08006305   Thumb Code    24  qmax981.o(i.qmaX981_readreg)
    qmaX981_set_odr                          0x08006321   Thumb Code   132  qmax981.o(i.qmaX981_set_odr)
    qmaX981_set_range                        0x080063a9   Thumb Code   126  qmax981.o(i.qmaX981_set_range)
    qmaX981_writereg                         0x0800642d   Thumb Code    20  qmax981.o(i.qmaX981_writereg)
    qmc6308_init                             0x08006501   Thumb Code    30  qmc6308.o(i.qmc6308_init)
    qmc6308_read_mag_xyz                     0x08006551   Thumb Code   274  qmc6308.o(i.qmc6308_read_mag_xyz)
    qmp6988_ReadData                         0x080067ad   Thumb Code    54  qmp6988.o(i.qmp6988_ReadData)
    qmp6988_WriteReg                         0x080067e3   Thumb Code    50  qmp6988.o(i.qmp6988_WriteReg)
    qmp6988_calc_altitude                    0x08006815   Thumb Code   106  qmp6988.o(i.qmp6988_calc_altitude)
    qmp6988_calc_pressure                    0x0800689d   Thumb Code   158  qmp6988.o(i.qmp6988_calc_pressure)
    qmp6988_init                             0x0800711d   Thumb Code    56  qmp6988.o(i.qmp6988_init)
    qmp6988_set_app                          0x08007155   Thumb Code   164  qmp6988.o(i.qmp6988_set_app)
    qst_algo_imu_angle                       0x08007345   Thumb Code   580  imualgo.o(i.qst_algo_imu_angle)
    qst_algo_imu_cali                        0x080075a9   Thumb Code  1704  imualgo.o(i.qst_algo_imu_cali)
    qst_algo_imu_data_process                0x08007c95   Thumb Code   190  imualgo.o(i.qst_algo_imu_data_process)
    qst_algo_imu_get_offset                  0x08007d69   Thumb Code    62  imualgo.o(i.qst_algo_imu_get_offset)
    qst_algo_imu_init                        0x08007dbd   Thumb Code   572  imualgo.o(i.qst_algo_imu_init)
    qst_algo_imu_update                      0x08008001   Thumb Code  1270  imualgo.o(i.qst_algo_imu_update)
    qst_delay                                0x080084fd   Thumb Code    16  main.o(i.qst_delay)
    qst_evb_exe_10axis                       0x08008511   Thumb Code   558  main.o(i.qst_evb_exe_10axis)
    qst_evb_exe_acc                          0x08008785   Thumb Code    78  main.o(i.qst_evb_exe_acc)
    qst_evb_exe_lig                          0x0800880d   Thumb Code   208  main.o(i.qst_evb_exe_lig)
    qst_sw_readreg                           0x08008931   Thumb Code   114  qst_sw_i2c.o(i.qst_sw_readreg)
    qst_sw_writereg                          0x080089a3   Thumb Code    68  qst_sw_i2c.o(i.qst_sw_writereg)
    removePointAt                            0x080089e9   Thumb Code   130  ical.o(i.removePointAt)
    sinf                                     0x08008a75   Thumb Code   338  sinf.o(i.sinf)
    sqrt                                     0x08008bfd   Thumb Code    76  sqrt.o(i.sqrt)
    sqrtf                                    0x08008c49   Thumb Code    44  sqrtf.o(i.sqrtf)
    storeCalibrationToFile                   0x08008c75   Thumb Code    98  ical.o(i.storeCalibrationToFile)
    update_offset                            0x08008ced   Thumb Code   200  ical.o(i.update_offset)
    vec_diff                                 0x08008dc9   Thumb Code    44  ical.o(i.vec_diff)
    vec_magnitude                            0x08008df5   Thumb Code    90  ical.o(i.vec_magnitude)
    qma6981_init_tbl                         0x08008eae   Data          34  qmax981.o(.constdata)
    qma7981_init_tbl                         0x08008ed0   Data          20  qmax981.o(.constdata)
    __mathlib_zero                           0x080098a8   Data           8  qnan.o(.constdata)
    Region$$Table$$Base                      0x080098e4   Number         0  anon$$obj.o(Region$$Table)
    Region$$Table$$Limit                     0x08009904   Number         0  anon$$obj.o(Region$$Table)
    SystemCoreClock                          0x20000000   Data           4  system_stm32f10x.o(.data)
    AHBPrescTable                            0x20000004   Data          16  system_stm32f10x.o(.data)
    TickDelay                                0x20000038   Data           4  bsp_systick.o(.data)
    exInt                                    0x20000064   Data           4  imualgo.o(.data)
    eyInt                                    0x20000068   Data           4  imualgo.o(.data)
    ezInt                                    0x2000006c   Data           4  imualgo.o(.data)
    Gain                                     0x20000074   Data           4  ical.o(.data)
    wkCoefficients                           0x20000078   Data           4  ical.o(.data)
    ofsX                                     0x2000007c   Data           2  ical.o(.data)
    ofsY                                     0x2000007e   Data           2  ical.o(.data)
    ofsZ                                     0x20000080   Data           2  ical.o(.data)
    Kxx                                      0x20000082   Data           2  ical.o(.data)
    Kyy                                      0x20000084   Data           2  ical.o(.data)
    Kzz                                      0x20000086   Data           2  ical.o(.data)
    lastCalibCount                           0x2000008a   Data           1  ical.o(.data)
    lastR                                    0x2000008e   Data           2  ical.o(.data)
    rd                                       0x20000090   Data           2  ical.o(.data)
    diffSameCount                            0x20000092   Data           1  ical.o(.data)
    IsFirstCalAfterReboot                    0x20000094   Data           2  ical.o(.data)
    ofsX_old                                 0x20000098   Data           2  ical.o(.data)
    ofsY_old                                 0x2000009a   Data           2  ical.o(.data)
    ofsZ_old                                 0x2000009c   Data           2  ical.o(.data)
    offset_avgN                              0x2000009e   Data           1  ical.o(.data)
    ipitch                                   0x200000a0   Data           4  ical.o(.data)
    iroll                                    0x200000a4   Data           4  ical.o(.data)
    nDiffAccuracy_3D                         0x200000a8   Data           2  ical.o(.data)
    iHead                                    0x200000ac   Data           4  ical.o(.data)
    __stdout                                 0x200000b0   Data           4  stdout.o(.data)
    offset_buff                              0x200012ec   Data          24  ical.o(.bss)
    Accsum                                   0x20001304   Data          12  ical.o(.bss)
    fAcc                                     0x20001310   Data         120  ical.o(.bss)
    Magsum                                   0x20001388   Data          12  ical.o(.bss)
    fMag                                     0x20001394   Data         240  ical.o(.bss)
    __initial_sp                             0x20001888   Data           0  startup_stm32f10x_md.o(STACK)



==============================================================================

Memory Map of the image

  Image Entry point : 0x080000ed

  Load Region LR_IROM1 (Base: 0x08000000, Size: 0x000099bc, Max: 0x00020000, ABSOLUTE)

    Execution Region ER_IROM1 (Exec base: 0x08000000, Load base: 0x08000000, Size: 0x00009904, Max: 0x00020000, ABSOLUTE)

    Exec Addr    Load Addr    Size         Type   Attr      Idx    E Section Name        Object

    0x08000000   0x08000000   0x000000ec   Data   RO            3    RESET               startup_stm32f10x_md.o
    0x080000ec   0x080000ec   0x00000000   Code   RO         5363  * .ARM.Collect$$$$00000000  mc_w.l(entry.o)
    0x080000ec   0x080000ec   0x00000004   Code   RO         5739    .ARM.Collect$$$$00000001  mc_w.l(entry2.o)
    0x080000f0   0x080000f0   0x00000004   Code   RO         5742    .ARM.Collect$$$$00000004  mc_w.l(entry5.o)
    0x080000f4   0x080000f4   0x00000000   Code   RO         5744    .ARM.Collect$$$$00000008  mc_w.l(entry7b.o)
    0x080000f4   0x080000f4   0x00000000   Code   RO         5746    .ARM.Collect$$$$0000000A  mc_w.l(entry8b.o)
    0x080000f4   0x080000f4   0x00000008   Code   RO         5747    .ARM.Collect$$$$0000000B  mc_w.l(entry9a.o)
    0x080000fc   0x080000fc   0x00000000   Code   RO         5749    .ARM.Collect$$$$0000000D  mc_w.l(entry10a.o)
    0x080000fc   0x080000fc   0x00000000   Code   RO         5751    .ARM.Collect$$$$0000000F  mc_w.l(entry11a.o)
    0x080000fc   0x080000fc   0x00000004   Code   RO         5740    .ARM.Collect$$$$00002712  mc_w.l(entry2.o)
    0x08000100   0x08000100   0x00000024   Code   RO            4    .text               startup_stm32f10x_md.o
    0x08000124   0x08000124   0x00000024   Code   RO         5370    .text               mc_w.l(memcpya.o)
    0x08000148   0x08000148   0x00000024   Code   RO         5372    .text               mc_w.l(memseta.o)
    0x0800016c   0x0800016c   0x000000b0   Code   RO         5643    .text               mf_w.l(fadd.o)
    0x0800021c   0x0800021c   0x00000064   Code   RO         5645    .text               mf_w.l(fmul.o)
    0x08000280   0x08000280   0x0000007c   Code   RO         5647    .text               mf_w.l(fdiv.o)
    0x080002fc   0x080002fc   0x0000014e   Code   RO         5649    .text               mf_w.l(dadd.o)
    0x0800044a   0x0800044a   0x000000e4   Code   RO         5651    .text               mf_w.l(dmul.o)
    0x0800052e   0x0800052e   0x000000de   Code   RO         5653    .text               mf_w.l(ddiv.o)
    0x0800060c   0x0800060c   0x00000012   Code   RO         5655    .text               mf_w.l(fflti.o)
    0x0800061e   0x0800061e   0x0000000a   Code   RO         5657    .text               mf_w.l(ffltui.o)
    0x08000628   0x08000628   0x0000001c   Code   RO         5659    .text               mf_w.l(ffltul.o)
    0x08000644   0x08000644   0x00000022   Code   RO         5661    .text               mf_w.l(dflti.o)
    0x08000666   0x08000666   0x00000032   Code   RO         5665    .text               mf_w.l(ffixi.o)
    0x08000698   0x08000698   0x00000026   Code   RO         5671    .text               mf_w.l(f2d.o)
    0x080006be   0x080006be   0x00000002   PAD
    0x080006c0   0x080006c0   0x00000030   Code   RO         5673    .text               mf_w.l(cdcmple.o)
    0x080006f0   0x080006f0   0x00000030   Code   RO         5675    .text               mf_w.l(cdrcmple.o)
    0x08000720   0x08000720   0x00000038   Code   RO         5677    .text               mf_w.l(d2f.o)
    0x08000758   0x08000758   0x00000014   Code   RO         5679    .text               mf_w.l(cfcmple.o)
    0x0800076c   0x0800076c   0x00000014   Code   RO         5681    .text               mf_w.l(cfrcmple.o)
    0x08000780   0x08000780   0x0000002c   Code   RO         5755    .text               mc_w.l(uidiv.o)
    0x080007ac   0x080007ac   0x00000062   Code   RO         5757    .text               mc_w.l(uldiv.o)
    0x0800080e   0x0800080e   0x0000001e   Code   RO         5759    .text               mc_w.l(llshl.o)
    0x0800082c   0x0800082c   0x00000020   Code   RO         5761    .text               mc_w.l(llushr.o)
    0x0800084c   0x0800084c   0x00000024   Code   RO         5763    .text               mc_w.l(llsshr.o)
    0x08000870   0x08000870   0x00000000   Code   RO         5776    .text               mc_w.l(iusefp.o)
    0x08000870   0x08000870   0x0000006e   Code   RO         5777    .text               mf_w.l(fepilogue.o)
    0x080008de   0x080008de   0x00000018   Code   RO         5779    .text               mf_w.l(fscalb.o)
    0x080008f6   0x080008f6   0x0000005e   Code   RO         5781    .text               mf_w.l(fsqrt.o)
    0x08000954   0x08000954   0x0000003c   Code   RO         5783    .text               mf_w.l(frnd.o)
    0x08000990   0x08000990   0x000000ba   Code   RO         5785    .text               mf_w.l(depilogue.o)
    0x08000a4a   0x08000a4a   0x0000002e   Code   RO         5787    .text               mf_w.l(dscalb.o)
    0x08000a78   0x08000a78   0x00000030   Code   RO         5789    .text               mf_w.l(dfixul.o)
    0x08000aa8   0x08000aa8   0x00000024   Code   RO         5791    .text               mc_w.l(init.o)
    0x08000acc   0x08000acc   0x000000a2   Code   RO         5798    .text               mf_w.l(dsqrt.o)
    0x08000b6e   0x08000b6e   0x00000004   Code   RO         3329    i.BusFault_Handler  stm32f10x_it.o
    0x08000b72   0x08000b72   0x00000002   Code   RO         3330    i.DebugMon_Handler  stm32f10x_it.o
    0x08000b74   0x08000b74   0x00000016   Code   RO         3108    i.EXTI15_10_IRQHandler  main.o
    0x08000b8a   0x08000b8a   0x00000012   Code   RO         3109    i.EXTI4_IRQHandler  main.o
    0x08000b9c   0x08000b9c   0x00000034   Code   RO         3110    i.EXTI9_5_IRQHandler  main.o
    0x08000bd0   0x08000bd0   0x0000000c   Code   RO          939    i.EXTI_ClearITPendingBit  stm32f10x_exti.o
    0x08000bdc   0x08000bdc   0x00000028   Code   RO          943    i.EXTI_GetITStatus  stm32f10x_exti.o
    0x08000c04   0x08000c04   0x00000094   Code   RO          944    i.EXTI_Init         stm32f10x_exti.o
    0x08000c98   0x08000c98   0x000000c8   Code   RO         4965    i.Filter_Acc        ical.o
    0x08000d60   0x08000d60   0x000000cc   Code   RO         4966    i.Filter_Mag        ical.o
    0x08000e2c   0x08000e2c   0x0000014c   Code   RO         4967    i.Filter_Ori        ical.o
    0x08000f78   0x08000f78   0x00000054   Code   RO         4057    i.FisImu_Config_apply  fis210x.o
    0x08000fcc   0x08000fcc   0x00000098   Code   RO         4061    i.FisImu_config_acc  fis210x.o
    0x08001064   0x08001064   0x00000026   Code   RO         4062    i.FisImu_config_ae  fis210x.o
    0x0800108a   0x0800108a   0x00000002   PAD
    0x0800108c   0x0800108c   0x000000bc   Code   RO         4063    i.FisImu_config_gyro  fis210x.o
    0x08001148   0x08001148   0x00000002   Code   RO         4064    i.FisImu_config_mag  fis210x.o
    0x0800114a   0x0800114a   0x0000001a   Code   RO         4067    i.FisImu_enableSensors  fis210x.o
    0x08001164   0x08001164   0x000001a0   Code   RO         4069    i.FisImu_init       fis210x.o
    0x08001304   0x08001304   0x00000012   Code   RO         4072    i.FisImu_readStatus0  fis210x.o
    0x08001316   0x08001316   0x00000020   Code   RO         4078    i.FisImu_read_reg   fis210x.o
    0x08001336   0x08001336   0x00000002   PAD
    0x08001338   0x08001338   0x00000230   Code   RO         4079    i.FisImu_read_xyz   fis210x.o
    0x08001568   0x08001568   0x0000011c   Code   RO         4081    i.FisImu_set_layout  fis210x.o
    0x08001684   0x08001684   0x00000018   Code   RO         4082    i.FisImu_write_reg  fis210x.o
    0x0800169c   0x0800169c   0x00000040   Code   RO         1289    i.GPIO_EXTILineConfig  stm32f10x_gpio.o
    0x080016dc   0x080016dc   0x00000116   Code   RO         1292    i.GPIO_Init         stm32f10x_gpio.o
    0x080017f2   0x080017f2   0x00000004   Code   RO         1299    i.GPIO_ResetBits    stm32f10x_gpio.o
    0x080017f6   0x080017f6   0x00000004   Code   RO         1300    i.GPIO_SetBits      stm32f10x_gpio.o
    0x080017fa   0x080017fa   0x00000002   PAD
    0x080017fc   0x080017fc   0x0000000c   Code   RO         3395    i.HAL_GetTick       bsp_systick.o
    0x08001808   0x08001808   0x0000002c   Code   RO         3396    i.HAL_IncTick       bsp_systick.o
    0x08001834   0x08001834   0x00000004   Code   RO         3331    i.HardFault_Handler  stm32f10x_it.o
    0x08001838   0x08001838   0x0000009c   Code   RO         4968    i.InvSqrt           ical.o
    0x080018d4   0x080018d4   0x00000004   Code   RO         3332    i.MemManage_Handler  stm32f10x_it.o
    0x080018d8   0x080018d8   0x00000002   Code   RO         3333    i.NMI_Handler       stm32f10x_it.o
    0x080018da   0x080018da   0x00000002   PAD
    0x080018dc   0x080018dc   0x00000070   Code   RO          137    i.NVIC_Init         misc.o
    0x0800194c   0x0800194c   0x00000014   Code   RO          138    i.NVIC_PriorityGroupConfig  misc.o
    0x08001960   0x08001960   0x00000002   Code   RO         3334    i.PendSV_Handler    stm32f10x_it.o
    0x08001962   0x08001962   0x00000002   PAD
    0x08001964   0x08001964   0x00000020   Code   RO         1708    i.RCC_APB1PeriphClockCmd  stm32f10x_rcc.o
    0x08001984   0x08001984   0x00000020   Code   RO         1710    i.RCC_APB2PeriphClockCmd  stm32f10x_rcc.o
    0x080019a4   0x080019a4   0x000000d4   Code   RO         1718    i.RCC_GetClocksFreq  stm32f10x_rcc.o
    0x08001a78   0x08001a78   0x00000002   Code   RO         3335    i.SVC_Handler       stm32f10x_it.o
    0x08001a7a   0x08001a7a   0x00000008   Code   RO           24    i.SetSysClock       system_stm32f10x.o
    0x08001a82   0x08001a82   0x00000002   PAD
    0x08001a84   0x08001a84   0x000000e0   Code   RO           25    i.SetSysClockTo72   system_stm32f10x.o
    0x08001b64   0x08001b64   0x00000018   Code   RO         4969    i.Set_Picth_Roll    ical.o
    0x08001b7c   0x08001b7c   0x00000026   Code   RO         3397    i.SysTick_Enable    bsp_systick.o
    0x08001ba2   0x08001ba2   0x00000008   Code   RO         3336    i.SysTick_Handler   stm32f10x_it.o
    0x08001baa   0x08001baa   0x00000002   PAD
    0x08001bac   0x08001bac   0x00000078   Code   RO         3398    i.SysTick_Init      bsp_systick.o
    0x08001c24   0x08001c24   0x00000060   Code   RO           27    i.SystemInit        system_stm32f10x.o
    0x08001c84   0x08001c84   0x00000016   Code   RO         3112    i.TIM2_IRQHandler   main.o
    0x08001c9a   0x08001c9a   0x00000006   Code   RO         2337    i.TIM_ClearITPendingBit  stm32f10x_tim.o
    0x08001ca0   0x08001ca0   0x00000022   Code   RO         2363    i.TIM_GetITStatus   stm32f10x_tim.o
    0x08001cc2   0x08001cc2   0x00000002   Code   RO         3432    i.USART1_IRQHandler  bsp_usart.o
    0x08001cc4   0x08001cc4   0x00000080   Code   RO         3433    i.USART2_IRQHandler  bsp_usart.o
    0x08001d44   0x08001d44   0x00000002   Code   RO         3434    i.USART3_IRQHandler  bsp_usart.o
    0x08001d46   0x08001d46   0x00000012   Code   RO         2874    i.USART_ClearFlag   stm32f10x_usart.o
    0x08001d58   0x08001d58   0x00000018   Code   RO         2878    i.USART_Cmd         stm32f10x_usart.o
    0x08001d70   0x08001d70   0x000000c4   Code   RO         3435    i.USART_Config      bsp_usart.o
    0x08001e34   0x08001e34   0x0000001a   Code   RO         2881    i.USART_GetFlagStatus  stm32f10x_usart.o
    0x08001e4e   0x08001e4e   0x00000054   Code   RO         2882    i.USART_GetITStatus  stm32f10x_usart.o
    0x08001ea2   0x08001ea2   0x0000004a   Code   RO         2884    i.USART_ITConfig    stm32f10x_usart.o
    0x08001eec   0x08001eec   0x000000d8   Code   RO         2885    i.USART_Init        stm32f10x_usart.o
    0x08001fc4   0x08001fc4   0x0000000a   Code   RO         2892    i.USART_ReceiveData  stm32f10x_usart.o
    0x08001fce   0x08001fce   0x00000008   Code   RO         2895    i.USART_SendData    stm32f10x_usart.o
    0x08001fd6   0x08001fd6   0x00000004   Code   RO         3337    i.UsageFault_Handler  stm32f10x_it.o
    0x08001fda   0x08001fda   0x00000002   PAD
    0x08001fdc   0x08001fdc   0x000000a8   Code   RO         4682    i._Z20qst_algo_gravity_accPf  imualgo.o
    0x08002084   0x08002084   0x00000014   Code   RO         4683    i._Z7qmemsetPvci    imualgo.o
    0x08002098   0x08002098   0x00000148   Code   RO         4599    i._Z8FastAsinf      fastmath.o
    0x080021e0   0x080021e0   0x00000014   Code   RO         4600    i._Z8FastSqrtf      fastmath.o
    0x080021f4   0x080021f4   0x000001a8   Code   RO         4601    i._Z9FastAtan2ff    fastmath.o
    0x0800239c   0x0800239c   0x0000004c   Code   RO         4602    i._Z9FastSqrtIf     fastmath.o
    0x080023e8   0x080023e8   0x0000001c   Code   RO         5608    i.__0fprintf        mc_w.l(printfa.o)
    0x08002404   0x08002404   0x00000020   Code   RO         5609    i.__0printf         mc_w.l(printfa.o)
    0x08002424   0x08002424   0x00000028   Code   RO         5707    i.__ARM_fpclassify  m_ws.l(fpclassify.o)
    0x0800244c   0x0800244c   0x00000026   Code   RO         5709    i.__ARM_fpclassifyf  m_ws.l(fpclassifyf.o)
    0x08002472   0x08002472   0x000000aa   Code   RO         5725    i.__kernel_poly     m_ws.l(poly.o)
    0x0800251c   0x0800251c   0x00000010   Code   RO         5693    i.__mathlib_dbl_divzero  m_ws.l(dunder.o)
    0x0800252c   0x0800252c   0x00000006   Code   RO         5694    i.__mathlib_dbl_infnan  m_ws.l(dunder.o)
    0x08002532   0x08002532   0x00000004   Code   RO         5695    i.__mathlib_dbl_infnan2  m_ws.l(dunder.o)
    0x08002536   0x08002536   0x0000000c   Code   RO         5696    i.__mathlib_dbl_invalid  m_ws.l(dunder.o)
    0x08002542   0x08002542   0x0000000e   Code   RO         5697    i.__mathlib_dbl_overflow  m_ws.l(dunder.o)
    0x08002550   0x08002550   0x00000010   Code   RO         5699    i.__mathlib_dbl_underflow  m_ws.l(dunder.o)
    0x08002560   0x08002560   0x00000006   Code   RO         5712    i.__mathlib_flt_infnan  m_ws.l(funder.o)
    0x08002566   0x08002566   0x00000008   Code   RO         5714    i.__mathlib_flt_invalid  m_ws.l(funder.o)
    0x0800256e   0x0800256e   0x0000000a   Code   RO         5717    i.__mathlib_flt_underflow  m_ws.l(funder.o)
    0x08002578   0x08002578   0x00000168   Code   RO         5728    i.__mathlib_rredf2  m_ws.l(rredf.o)
    0x080026e0   0x080026e0   0x0000000e   Code   RO         5811    i.__scatterload_copy  mc_w.l(handlers.o)
    0x080026ee   0x080026ee   0x00000002   Code   RO         5812    i.__scatterload_null  mc_w.l(handlers.o)
    0x080026f0   0x080026f0   0x0000000e   Code   RO         5813    i.__scatterload_zeroinit  mc_w.l(handlers.o)
    0x080026fe   0x080026fe   0x00000002   PAD
    0x08002700   0x08002700   0x0000000c   Code   RO         5767    i.__set_errno       mc_w.l(errno.o)
    0x0800270c   0x0800270c   0x00000184   Code   RO         5616    i._fp_digits        mc_w.l(printfa.o)
    0x08002890   0x08002890   0x000006dc   Code   RO         5617    i._printf_core      mc_w.l(printfa.o)
    0x08002f6c   0x08002f6c   0x00000024   Code   RO         5618    i._printf_post_padding  mc_w.l(printfa.o)
    0x08002f90   0x08002f90   0x0000002e   Code   RO         5619    i._printf_pre_padding  mc_w.l(printfa.o)
    0x08002fbe   0x08002fbe   0x00000002   PAD
    0x08002fc0   0x08002fc0   0x00000124   Code   RO         5304    i.asinf             m_ws.l(asinf.o)
    0x080030e4   0x080030e4   0x00000220   Code   RO         5684    i.atan              m_ws.l(atan.o)
    0x08003304   0x08003304   0x00000180   Code   RO         5312    i.atan2             m_ws.l(atan2.o)
    0x08003484   0x08003484   0x00000098   Code   RO         3113    i.bsp_gpio_config   main.o
    0x0800351c   0x0800351c   0x00000018   Code   RO         3436    i.bsp_uart_get_rx_buf  bsp_usart.o
    0x08003534   0x08003534   0x00000010   Code   RO         3437    i.bsp_uart_rx_reset  bsp_usart.o
    0x08003544   0x08003544   0x000000a0   Code   RO         4970    i.checkAccuracy     ical.o
    0x080035e4   0x080035e4   0x0000000c   Code   RO         4971    i.clear_offset      ical.o
    0x080035f0   0x080035f0   0x0000017c   Code   RO         5328    i.cosf              m_ws.l(cosf.o)
    0x0800376c   0x0800376c   0x0000005c   Code   RO         4238    i.delay_us          qst_sw_i2c.o
    0x080037c8   0x080037c8   0x00000078   Code   RO         4972    i.em_JTJ            ical.o
    0x08003840   0x08003840   0x00000058   Code   RO         4973    i.em_JTJinvJK       ical.o
    0x08003898   0x08003898   0x00000048   Code   RO         4974    i.em_JTK            ical.o
    0x080038e0   0x080038e0   0x00000098   Code   RO         4975    i.em_average        ical.o
    0x08003978   0x08003978   0x00000064   Code   RO         4976    i.em_center         ical.o
    0x080039dc   0x080039dc   0x0000005c   Code   RO         4977    i.em_demean         ical.o
    0x08003a38   0x08003a38   0x00000140   Code   RO         4978    i.em_invert         ical.o
    0x08003b78   0x08003b78   0x00000038   Code   RO         4979    i.em_moveData       ical.o
    0x08003bb0   0x08003bb0   0x000000e4   Code   RO         4980    i.em_prepare_data   ical.o
    0x08003c94   0x08003c94   0x000000d0   Code   RO         4981    i.em_restore_data   ical.o
    0x08003d64   0x08003d64   0x000000be   Code   RO         4982    i.em_results        ical.o
    0x08003e22   0x08003e22   0x00000002   PAD
    0x08003e24   0x08003e24   0x000000c0   Code   RO         3117    i.evb_exe_rx_buf    main.o
    0x08003ee4   0x08003ee4   0x00000024   Code   RO         3439    i.fputc             bsp_usart.o
    0x08003f08   0x08003f08   0x00000040   Code   RO         4239    i.i2c_Ack           qst_sw_i2c.o
    0x08003f48   0x08003f48   0x00000034   Code   RO         4240    i.i2c_NAck          qst_sw_i2c.o
    0x08003f7c   0x08003f7c   0x00000094   Code   RO         4241    i.i2c_ReadByte      qst_sw_i2c.o
    0x08004010   0x08004010   0x00000064   Code   RO         4242    i.i2c_SendByte      qst_sw_i2c.o
    0x08004074   0x08004074   0x00000050   Code   RO         4243    i.i2c_Start         qst_sw_i2c.o
    0x080040c4   0x080040c4   0x0000003c   Code   RO         4244    i.i2c_Stop          qst_sw_i2c.o
    0x08004100   0x08004100   0x0000007c   Code   RO         4245    i.i2c_WaitAck       qst_sw_i2c.o
    0x0800417c   0x0800417c   0x00000030   Code   RO         4246    i.i2c_sw_gpio_config  qst_sw_i2c.o
    0x080041ac   0x080041ac   0x00000048   Code   RO         4987    i.ical_Init         ical.o
    0x080041f4   0x080041f4   0x00000048   Code   RO         4988    i.ical_addSample    ical.o
    0x0800423c   0x0800423c   0x0000011c   Code   RO         4989    i.ical_clearFarPoint  ical.o
    0x08004358   0x08004358   0x00000034   Code   RO         4991    i.ical_collectDataPoint  ical.o
    0x0800438c   0x0800438c   0x00000074   Code   RO         4992    i.ical_computeCalibration  ical.o
    0x08004400   0x08004400   0x000000e8   Code   RO         4993    i.ical_qualify      ical.o
    0x080044e8   0x080044e8   0x000000d8   Code   RO         4994    i.ical_shiftData    ical.o
    0x080045c0   0x080045c0   0x00000090   Code   RO         3118    i.imu_calc_euler    main.o
    0x08004650   0x08004650   0x00000034   Code   RO         3120    i.imu_process_irq   main.o
    0x08004684   0x08004684   0x0000010c   Code   RO         3121    i.imu_setup_irq     main.o
    0x08004790   0x08004790   0x00000094   Code   RO         3122    i.imu_sw_cali       main.o
    0x08004824   0x08004824   0x00000020   Code   RO         3123    i.lig_process_irq   main.o
    0x08004844   0x08004844   0x0000008c   Code   RO         3124    i.lig_setup_irq     main.o
    0x080048d0   0x080048d0   0x00000030   Code   RO         3125    i.light_int_hdr     main.o
    0x08004900   0x08004900   0x00000018   Code   RO         4995    i.mFabs             ical.o
    0x08004918   0x08004918   0x00000016   Code   RO         4996    i.mMemset           ical.o
    0x0800492e   0x0800492e   0x00000010   Code   RO         4997    i.mSabs             ical.o
    0x0800493e   0x0800493e   0x00000002   PAD
    0x08004940   0x08004940   0x0000006c   Code   RO         4998    i.mSqrt             ical.o
    0x080049ac   0x080049ac   0x00000104   Code   RO         3126    i.main              main.o
    0x08004ab0   0x08004ab0   0x000009d8   Code   RO         5336    i.pow               m_ws.l(pow.o)
    0x08005488   0x08005488   0x00000440   Code   RO         5000    i.process           ical.o
    0x080058c8   0x080058c8   0x000001bc   Code   RO         5001    i.push2mcal         ical.o
    0x08005a84   0x08005a84   0x0000000c   Code   RO         4518    i.px318j_delay      px318j.o
    0x08005a90   0x08005a90   0x0000002e   Code   RO         4519    i.px318j_get_int_flag  px318j.o
    0x08005abe   0x08005abe   0x00000002   PAD
    0x08005ac0   0x08005ac0   0x000000a4   Code   RO         4520    i.px318j_init       px318j.o
    0x08005b64   0x08005b64   0x00000026   Code   RO         4521    i.px318j_read_proximity  px318j.o
    0x08005b8a   0x08005b8a   0x0000002e   Code   RO         4522    i.px318j_read_reg   px318j.o
    0x08005bb8   0x08005bb8   0x0000002a   Code   RO         4523    i.px318j_write_reg  px318j.o
    0x08005be2   0x08005be2   0x0000002a   Code   RO         4524    i.px318j_write_word  px318j.o
    0x08005c0c   0x08005c0c   0x000000a4   Code   RO         3673    i.qma6981_initialize  qmax981.o
    0x08005cb0   0x08005cb0   0x000000a0   Code   RO         3675    i.qma7981_drdy_read_raw_xyz  qmax981.o
    0x08005d50   0x08005d50   0x00000134   Code   RO         3676    i.qma7981_initialize  qmax981.o
    0x08005e84   0x08005e84   0x0000021c   Code   RO         3678    i.qma7981_v2_initialize  qmax981.o
    0x080060a0   0x080060a0   0x0000003c   Code   RO         3680    i.qmaX981_chip_id   qmax981.o
    0x080060dc   0x080060dc   0x00000018   Code   RO         3681    i.qmaX981_delay     qmax981.o
    0x080060f4   0x080060f4   0x000001ac   Code   RO         3682    i.qmaX981_init      qmax981.o
    0x080062a0   0x080062a0   0x00000064   Code   RO         3686    i.qmaX981_read_stepcounter  qmax981.o
    0x08006304   0x08006304   0x0000001c   Code   RO         3687    i.qmaX981_readreg   qmax981.o
    0x08006320   0x08006320   0x00000088   Code   RO         3688    i.qmaX981_set_odr   qmax981.o
    0x080063a8   0x080063a8   0x00000084   Code   RO         3689    i.qmaX981_set_range  qmax981.o
    0x0800642c   0x0800642c   0x00000018   Code   RO         3690    i.qmaX981_writereg  qmax981.o
    0x08006444   0x08006444   0x00000050   Code   RO         4451    i.qmc6308_enable    qmc6308.o
    0x08006494   0x08006494   0x0000006c   Code   RO         4452    i.qmc6308_get_chipid  qmc6308.o
    0x08006500   0x08006500   0x0000001e   Code   RO         4453    i.qmc6308_init      qmc6308.o
    0x0800651e   0x0800651e   0x00000030   Code   RO         4454    i.qmc6308_read_block  qmc6308.o
    0x0800654e   0x0800654e   0x00000002   PAD
    0x08006550   0x08006550   0x0000011c   Code   RO         4455    i.qmc6308_read_mag_xyz  qmc6308.o
    0x0800666c   0x0800666c   0x00000118   Code   RO         4456    i.qmc6308_set_layout  qmc6308.o
    0x08006784   0x08006784   0x00000028   Code   RO         4459    i.qmc6308_write_reg  qmc6308.o
    0x080067ac   0x080067ac   0x00000036   Code   RO         3961    i.qmp6988_ReadData  qmp6988.o
    0x080067e2   0x080067e2   0x00000032   Code   RO         3962    i.qmp6988_WriteReg  qmp6988.o
    0x08006814   0x08006814   0x00000088   Code   RO         3963    i.qmp6988_calc_altitude  qmp6988.o
    0x0800689c   0x0800689c   0x000000c0   Code   RO         3964    i.qmp6988_calc_pressure  qmp6988.o
    0x0800695c   0x0800695c   0x00000070   Code   RO         3965    i.qmp6988_convTx_02e  qmp6988.o
    0x080069cc   0x080069cc   0x0000000c   Code   RO         3966    i.qmp6988_delay     qmp6988.o
    0x080069d8   0x080069d8   0x00000090   Code   RO         3967    i.qmp6988_device_check  qmp6988.o
    0x08006a68   0x08006a68   0x00000484   Code   RO         3968    i.qmp6988_get_calibration_data  qmp6988.o
    0x08006eec   0x08006eec   0x00000230   Code   RO         3969    i.qmp6988_get_pressure_02e  qmp6988.o
    0x0800711c   0x0800711c   0x00000038   Code   RO         3970    i.qmp6988_init      qmp6988.o
    0x08007154   0x08007154   0x000000b4   Code   RO         3971    i.qmp6988_set_app   qmp6988.o
    0x08007208   0x08007208   0x0000001c   Code   RO         3972    i.qmp6988_set_filter  qmp6988.o
    0x08007224   0x08007224   0x0000003c   Code   RO         3973    i.qmp6988_set_oversampling_p  qmp6988.o
    0x08007260   0x08007260   0x0000003c   Code   RO         3974    i.qmp6988_set_oversampling_t  qmp6988.o
    0x0800729c   0x0800729c   0x000000a4   Code   RO         3975    i.qmp6988_set_powermode  qmp6988.o
    0x08007340   0x08007340   0x00000002   Code   RO         3976    i.qmp6988_software_reset  qmp6988.o
    0x08007342   0x08007342   0x00000002   PAD
    0x08007344   0x08007344   0x00000264   Code   RO         4684    i.qst_algo_imu_angle  imualgo.o
    0x080075a8   0x080075a8   0x000006ec   Code   RO         4686    i.qst_algo_imu_cali  imualgo.o
    0x08007c94   0x08007c94   0x000000d4   Code   RO         4687    i.qst_algo_imu_data_process  imualgo.o
    0x08007d68   0x08007d68   0x00000054   Code   RO         4688    i.qst_algo_imu_get_offset  imualgo.o
    0x08007dbc   0x08007dbc   0x00000244   Code   RO         4689    i.qst_algo_imu_init  imualgo.o
    0x08008000   0x08008000   0x000004fc   Code   RO         4691    i.qst_algo_imu_update  imualgo.o
    0x080084fc   0x080084fc   0x00000014   Code   RO         3127    i.qst_delay         main.o
    0x08008510   0x08008510   0x00000274   Code   RO         3128    i.qst_evb_exe_10axis  main.o
    0x08008784   0x08008784   0x00000088   Code   RO         3129    i.qst_evb_exe_acc   main.o
    0x0800880c   0x0800880c   0x00000124   Code   RO         3130    i.qst_evb_exe_lig   main.o
    0x08008930   0x08008930   0x00000072   Code   RO         4249    i.qst_sw_readreg    qst_sw_i2c.o
    0x080089a2   0x080089a2   0x00000044   Code   RO         4250    i.qst_sw_writereg   qst_sw_i2c.o
    0x080089e6   0x080089e6   0x00000002   PAD
    0x080089e8   0x080089e8   0x0000008c   Code   RO         5002    i.removePointAt     ical.o
    0x08008a74   0x08008a74   0x00000188   Code   RO         5346    i.sinf              m_ws.l(sinf.o)
    0x08008bfc   0x08008bfc   0x0000004c   Code   RO         5732    i.sqrt              m_ws.l(sqrt.o)
    0x08008c48   0x08008c48   0x0000002c   Code   RO         5354    i.sqrtf             m_ws.l(sqrtf.o)
    0x08008c74   0x08008c74   0x00000078   Code   RO         5003    i.storeCalibrationToFile  ical.o
    0x08008cec   0x08008cec   0x000000dc   Code   RO         5004    i.update_offset     ical.o
    0x08008dc8   0x08008dc8   0x0000002c   Code   RO         5005    i.vec_diff          ical.o
    0x08008df4   0x08008df4   0x0000005a   Code   RO         5006    i.vec_magnitude     ical.o
    0x08008e4e   0x08008e4e   0x00000096   Data   RO         3692    .constdata          qmax981.o
    0x08008ee4   0x08008ee4   0x00000015   Data   RO         3977    .constdata          qmp6988.o
    0x08008ef9   0x08008ef9   0x00000003   PAD
    0x08008efc   0x08008efc   0x00000880   Data   RO         4614    .constdata          fastmath.o
    0x0800977c   0x0800977c   0x0000000c   Data   RO         4705    .constdata          imualgo.o
    0x08009788   0x08009788   0x00000088   Data   RO         5337    .constdata          m_ws.l(pow.o)
    0x08009810   0x08009810   0x00000098   Data   RO         5685    .constdata          m_ws.l(atan.o)
    0x080098a8   0x080098a8   0x00000008   Data   RO         5727    .constdata          m_ws.l(qnan.o)
    0x080098b0   0x080098b0   0x00000020   Data   RO         5729    .constdata          m_ws.l(rredf.o)
    0x080098d0   0x080098d0   0x00000014   Data   RO         5008    .conststring        ical.o
    0x080098e4   0x080098e4   0x00000020   Data   RO         5809    Region$$Table       anon$$obj.o


    Execution Region RW_IRAM1 (Exec base: 0x20000000, Load base: 0x08009904, Size: 0x00001888, Max: 0x00005000, ABSOLUTE)

    Exec Addr    Load Addr    Size         Type   Attr      Idx    E Section Name        Object

    0x20000000   0x08009904   0x00000014   Data   RW           28    .data               system_stm32f10x.o
    0x20000014   0x08009918   0x00000014   Data   RW         1738    .data               stm32f10x_rcc.o
    0x20000028   0x0800992c   0x00000006   Data   RW         3132    .data               main.o
    0x2000002e   0x08009932   0x00000002   PAD
    0x20000030   0x08009934   0x0000000c   Data   RW         3399    .data               bsp_systick.o
    0x2000003c   0x08009940   0x00000001   Data   RW         3693    .data               qmax981.o
    0x2000003d   0x08009941   0x00000001   PAD
    0x2000003e   0x08009942   0x0000000c   Data   RW         4087    .data               fis210x.o
    0x2000004a   0x0800994e   0x00000007   Data   RW         4460    .data               qmc6308.o
    0x20000051   0x08009955   0x00000003   PAD
    0x20000054   0x08009958   0x00000020   Data   RW         4706    .data               imualgo.o
    0x20000074   0x08009978   0x0000003c   Data   RW         5009    .data               ical.o
    0x200000b0   0x080099b4   0x00000004   Data   RW         5754    .data               mc_w.l(stdout.o)
    0x200000b4   0x080099b8   0x00000004   Data   RW         5768    .data               mc_w.l(errno.o)
    0x200000b8        -       0x00000168   Zero   RW         3131    .bss                main.o
    0x20000220        -       0x00000084   Zero   RW         3440    .bss                bsp_usart.o
    0x200002a4        -       0x00000024   Zero   RW         3691    .bss                qmax981.o
    0x200002c8        -       0x0000000c   Zero   RW         4086    .bss                fis210x.o
    0x200002d4        -       0x00000854   Zero   RW         4704    .bss                imualgo.o
    0x20000b28        -       0x0000095c   Zero   RW         5007    .bss                ical.o
    0x20001484   0x080099bc   0x00000004   PAD
    0x20001488        -       0x00000400   Zero   RW            1    STACK               startup_stm32f10x_md.o


==============================================================================

Image component sizes


      Code (inc. data)   RO Data    RW Data    ZI Data      Debug   Object Name

       214         24          0         12          0      17603   bsp_systick.o
       404         32          0          0        132       4453   bsp_usart.o
         0          0          0          0          0       4508   core_cm3.o
       848         92       2176          0          0       8760   fastmath.o
      1824        246          0         12         12       9015   fis210x.o
      6074        426         20         60       2396      29525   ical.o
      4724        324         12         32       2132      10344   imualgo.o
      2626        368          0          6        360      21035   main.o
       132         22          0          0          0       1575   misc.o
       390         18          0          0          0       4429   px318j.o
      2104        390        150          1         36       9967   qmax981.o
       870         58          0          7          0       6534   qmc6308.o
      2966        646         21          0          0      11475   qmp6988.o
       950         38          0          0          0       7327   qst_sw_i2c.o
        36          8        236          0       1024        876   startup_stm32f10x_md.o
       200         18          0          0          0       2156   stm32f10x_exti.o
       350          4          0          0          0       3710   stm32f10x_gpio.o
        32          0          0          0          0       3998   stm32f10x_it.o
       276         32          0         20          0       4486   stm32f10x_rcc.o
        40          0          0          0          0       1790   stm32f10x_tim.o
       460          6          0          0          0       6831   stm32f10x_usart.o
       328         28          0         20          0     251597   system_stm32f10x.o

    ----------------------------------------------------------------------
     25876       2780       2650        176       6096     421994   Object Totals
         0          0         32          0          0          0   (incl. Generated)
        28          0          3          6          4          0   (incl. Padding)

    ----------------------------------------------------------------------

      Code (inc. data)   RO Data    RW Data    ZI Data      Debug   Library Member Name

       292         38          0          0          0        120   asinf.o
       544         70        152          0          0        124   atan.o
       384         38          0          0          0        144   atan2.o
       380         52          0          0          0        124   cosf.o
        68         10          0          0          0        408   dunder.o
        40          0          0          0          0         68   fpclassify.o
        38          0          0          0          0         68   fpclassifyf.o
        24          0          0          0          0        204   funder.o
       170          0          0          0          0         96   poly.o
      2520        190        136          0          0        324   pow.o
         0          0          8          0          0          0   qnan.o
       360         16         32          0          0         88   rredf.o
       392         54          0          0          0        124   sinf.o
        76          0          0          0          0         84   sqrt.o
        44          0          0          0          0         80   sqrtf.o
         0          0          0          0          0          0   entry.o
         0          0          0          0          0          0   entry10a.o
         0          0          0          0          0          0   entry11a.o
         8          4          0          0          0          0   entry2.o
         4          0          0          0          0          0   entry5.o
         0          0          0          0          0          0   entry7b.o
         0          0          0          0          0          0   entry8b.o
         8          4          0          0          0          0   entry9a.o
        12          6          0          4          0         68   errno.o
        30          0          0          0          0          0   handlers.o
        36          8          0          0          0         68   init.o
         0          0          0          0          0          0   iusefp.o
        30          0          0          0          0         68   llshl.o
        36          0          0          0          0         68   llsshr.o
        32          0          0          0          0         68   llushr.o
        36          0          0          0          0         68   memcpya.o
        36          0          0          0          0        108   memseta.o
      2286         96          0          0          0        536   printfa.o
         0          0          0          4          0          0   stdout.o
        44          0          0          0          0         80   uidiv.o
        98          0          0          0          0         92   uldiv.o
        48          0          0          0          0         68   cdcmple.o
        48          0          0          0          0         68   cdrcmple.o
        20          0          0          0          0         68   cfcmple.o
        20          0          0          0          0         68   cfrcmple.o
        56          0          0          0          0         88   d2f.o
       334          0          0          0          0        148   dadd.o
       222          0          0          0          0        100   ddiv.o
       186          0          0          0          0        176   depilogue.o
        48          0          0          0          0         68   dfixul.o
        34          0          0          0          0         76   dflti.o
       228          0          0          0          0         96   dmul.o
        46          0          0          0          0         80   dscalb.o
       162          0          0          0          0        100   dsqrt.o
        38          0          0          0          0         68   f2d.o
       176          0          0          0          0        140   fadd.o
       124          0          0          0          0         88   fdiv.o
       110          0          0          0          0        168   fepilogue.o
        50          0          0          0          0         68   ffixi.o
        18          0          0          0          0         68   fflti.o
        10          0          0          0          0         68   ffltui.o
        28          0          0          0          0         84   ffltul.o
       100          0          0          0          0         76   fmul.o
        60          0          0          0          0         76   frnd.o
        24          0          0          0          0         68   fscalb.o
        94          0          0          0          0         96   fsqrt.o

    ----------------------------------------------------------------------
     10318        586        328          8          0       5552   Library Totals
         6          0          0          0          0          0   (incl. Padding)

    ----------------------------------------------------------------------

      Code (inc. data)   RO Data    RW Data    ZI Data      Debug   Library Name

      5332        468        328          0          0       2056   m_ws.l
      2696        118          0          8          0       1224   mc_w.l
      2284          0          0          0          0       2272   mf_w.l

    ----------------------------------------------------------------------
     10318        586        328          8          0       5552   Library Totals

    ----------------------------------------------------------------------

==============================================================================


      Code (inc. data)   RO Data    RW Data    ZI Data      Debug   

     36194       3366       2978        184       6096     415686   Grand Totals
     36194       3366       2978        184       6096     415686   ELF Image Totals
     36194       3366       2978        184          0          0   ROM Totals

==============================================================================

    Total RO  Size (Code + RO Data)                39172 (  38.25kB)
    Total RW  Size (RW Data + ZI Data)              6280 (   6.13kB)
    Total ROM Size (Code + RO Data + RW Data)      39356 (  38.43kB)

==============================================================================

