Component: ARM Compiler 5.06 update 6 (build 750) Tool: armlink [4d35ed]

==============================================================================

Section Cross References

    startup_stm32f10x_md.o(RESET) refers to startup_stm32f10x_md.o(STACK) for __initial_sp
    startup_stm32f10x_md.o(RESET) refers to startup_stm32f10x_md.o(.text) for Reset_Handler
    startup_stm32f10x_md.o(RESET) refers to stm32f10x_it.o(i.NMI_Handler) for NMI_Handler
    startup_stm32f10x_md.o(RESET) refers to stm32f10x_it.o(i.HardFault_Handler) for HardFault_Handler
    startup_stm32f10x_md.o(RESET) refers to stm32f10x_it.o(i.MemManage_Handler) for MemManage_Handler
    startup_stm32f10x_md.o(RESET) refers to stm32f10x_it.o(i.BusFault_Handler) for BusFault_Handler
    startup_stm32f10x_md.o(RESET) refers to stm32f10x_it.o(i.UsageFault_Handler) for UsageFault_Handler
    startup_stm32f10x_md.o(RESET) refers to stm32f10x_it.o(i.SVC_Handler) for SVC_Handler
    startup_stm32f10x_md.o(RESET) refers to stm32f10x_it.o(i.DebugMon_Handler) for DebugMon_Handler
    startup_stm32f10x_md.o(RESET) refers to stm32f10x_it.o(i.PendSV_Handler) for PendSV_Handler
    startup_stm32f10x_md.o(RESET) refers to stm32f10x_it.o(i.SysTick_Handler) for SysTick_Handler
    startup_stm32f10x_md.o(RESET) refers to main.o(i.EXTI4_IRQHandler) for EXTI4_IRQHandler
    startup_stm32f10x_md.o(RESET) refers to main.o(i.EXTI9_5_IRQHandler) for EXTI9_5_IRQHandler
    startup_stm32f10x_md.o(RESET) refers to main.o(i.TIM1_UP_IRQHandler) for TIM1_UP_IRQHandler
    startup_stm32f10x_md.o(RESET) refers to main.o(i.TIM2_IRQHandler) for TIM2_IRQHandler
    startup_stm32f10x_md.o(RESET) refers to main.o(i.TIM3_IRQHandler) for TIM3_IRQHandler
    startup_stm32f10x_md.o(RESET) refers to main.o(i.TIM4_IRQHandler) for TIM4_IRQHandler
    startup_stm32f10x_md.o(RESET) refers to bsp_usart.o(i.USART1_IRQHandler) for USART1_IRQHandler
    startup_stm32f10x_md.o(RESET) refers to bsp_usart.o(i.USART2_IRQHandler) for USART2_IRQHandler
    startup_stm32f10x_md.o(RESET) refers to bsp_usart.o(i.USART3_IRQHandler) for USART3_IRQHandler
    startup_stm32f10x_md.o(RESET) refers to main.o(i.EXTI15_10_IRQHandler) for EXTI15_10_IRQHandler
    startup_stm32f10x_md.o(.text) refers to system_stm32f10x.o(i.SystemInit) for SystemInit
    startup_stm32f10x_md.o(.text) refers to entry.o(.ARM.Collect$$$$00000000) for __main
    system_stm32f10x.o(i.SystemCoreClockUpdate) refers to system_stm32f10x.o(.data) for SystemCoreClock
    system_stm32f10x.o(i.SystemInit) refers to system_stm32f10x.o(i.SetSysClock) for SetSysClock
    stm32f10x_adc.o(i.ADC_DeInit) refers to stm32f10x_rcc.o(i.RCC_APB2PeriphResetCmd) for RCC_APB2PeriphResetCmd
    stm32f10x_bkp.o(i.BKP_DeInit) refers to stm32f10x_rcc.o(i.RCC_BackupResetCmd) for RCC_BackupResetCmd
    stm32f10x_can.o(i.CAN_DeInit) refers to stm32f10x_rcc.o(i.RCC_APB1PeriphResetCmd) for RCC_APB1PeriphResetCmd
    stm32f10x_can.o(i.CAN_GetITStatus) refers to stm32f10x_can.o(i.CheckITStatus) for CheckITStatus
    stm32f10x_cec.o(i.CEC_DeInit) refers to stm32f10x_rcc.o(i.RCC_APB1PeriphResetCmd) for RCC_APB1PeriphResetCmd
    stm32f10x_dac.o(i.DAC_DeInit) refers to stm32f10x_rcc.o(i.RCC_APB1PeriphResetCmd) for RCC_APB1PeriphResetCmd
    stm32f10x_flash.o(i.FLASH_EnableWriteProtection) refers to stm32f10x_flash.o(i.FLASH_WaitForLastOperation) for FLASH_WaitForLastOperation
    stm32f10x_flash.o(i.FLASH_EraseAllBank1Pages) refers to stm32f10x_flash.o(i.FLASH_WaitForLastBank1Operation) for FLASH_WaitForLastBank1Operation
    stm32f10x_flash.o(i.FLASH_EraseAllPages) refers to stm32f10x_flash.o(i.FLASH_WaitForLastOperation) for FLASH_WaitForLastOperation
    stm32f10x_flash.o(i.FLASH_EraseOptionBytes) refers to stm32f10x_flash.o(i.FLASH_GetReadOutProtectionStatus) for FLASH_GetReadOutProtectionStatus
    stm32f10x_flash.o(i.FLASH_EraseOptionBytes) refers to stm32f10x_flash.o(i.FLASH_WaitForLastOperation) for FLASH_WaitForLastOperation
    stm32f10x_flash.o(i.FLASH_ErasePage) refers to stm32f10x_flash.o(i.FLASH_WaitForLastOperation) for FLASH_WaitForLastOperation
    stm32f10x_flash.o(i.FLASH_ProgramHalfWord) refers to stm32f10x_flash.o(i.FLASH_WaitForLastOperation) for FLASH_WaitForLastOperation
    stm32f10x_flash.o(i.FLASH_ProgramOptionByteData) refers to stm32f10x_flash.o(i.FLASH_WaitForLastOperation) for FLASH_WaitForLastOperation
    stm32f10x_flash.o(i.FLASH_ProgramWord) refers to stm32f10x_flash.o(i.FLASH_WaitForLastOperation) for FLASH_WaitForLastOperation
    stm32f10x_flash.o(i.FLASH_ReadOutProtection) refers to stm32f10x_flash.o(i.FLASH_WaitForLastOperation) for FLASH_WaitForLastOperation
    stm32f10x_flash.o(i.FLASH_UserOptionByteConfig) refers to stm32f10x_flash.o(i.FLASH_WaitForLastOperation) for FLASH_WaitForLastOperation
    stm32f10x_flash.o(i.FLASH_WaitForLastBank1Operation) refers to stm32f10x_flash.o(i.FLASH_GetBank1Status) for FLASH_GetBank1Status
[...]
    .text                                    0x080008cc   Section        0  llushr.o(.text)
    i.BusFault_Handler                       0x080008ec   Section        0  stm32f10x_it.o(i.BusFault_Handler)
    i.DebugMon_Handler                       0x080008f0   Section        0  stm32f10x_it.o(i.DebugMon_Handler)
    i.EXTI15_10_IRQHandler                   0x080008f4   Section        0  main.o(i.EXTI15_10_IRQHandler)
    i.EXTI4_IRQHandler                       0x08000914   Section        0  main.o(i.EXTI4_IRQHandler)
    i.EXTI9_5_IRQHandler                     0x08000930   Section        0  main.o(i.EXTI9_5_IRQHandler)
    i.EXTI_ClearITPendingBit                 0x08000964   Section        0  stm32f10x_exti.o(i.EXTI_ClearITPendingBit)
    i.EXTI_GetITStatus                       0x08000970   Section        0  stm32f10x_exti.o(i.EXTI_GetITStatus)
    i.EXTI_Init                              0x08000998   Section        0  stm32f10x_exti.o(i.EXTI_Init)
    i.FLASH_PrefetchBufferCmd                0x08000a2c   Section        0  stm32f10x_flash.o(i.FLASH_PrefetchBufferCmd)
    i.FLASH_SetLatency                       0x08000a48   Section        0  stm32f10x_flash.o(i.FLASH_SetLatency)
    i.GPIO_EXTILineConfig                    0x08000a60   Section        0  stm32f10x_gpio.o(i.GPIO_EXTILineConfig)
    i.GPIO_Init                              0x08000aa0   Section        0  stm32f10x_gpio.o(i.GPIO_Init)
    i.GPIO_ResetBits                         0x08000bb6   Section        0  stm32f10x_gpio.o(i.GPIO_ResetBits)
    i.GPIO_SetBits                           0x08000bba   Section        0  stm32f10x_gpio.o(i.GPIO_SetBits)
    i.HAL_IncTick                            0x08000bc0   Section        0  bsp_systick.o(i.HAL_IncTick)
    i.HardFault_Handler                      0x08000c08   Section        0  stm32f10x_it.o(i.HardFault_Handler)
    i.MemManage_Handler                      0x08000c0c   Section        0  stm32f10x_it.o(i.MemManage_Handler)
    i.NMI_Handler                            0x08000c10   Section        0  stm32f10x_it.o(i.NMI_Handler)
    i.NVIC_Init                              0x08000c14   Section        0  misc.o(i.NVIC_Init)
    i.NVIC_PriorityGroupConfig               0x08000c84   Section        0  misc.o(i.NVIC_PriorityGroupConfig)
    i.PendSV_Handler                         0x08000c98   Section        0  stm32f10x_it.o(i.PendSV_Handler)
    i.Qmi8658_Config_apply                   0x08000c9a   Section        0  qmi8658.o(i.Qmi8658_Config_apply)
    i.Qmi8658_config_acc                     0x08000cf0   Section        0  qmi8658.o(i.Qmi8658_config_acc)
    i.Qmi8658_config_ae                      0x08000dac   Section        0  qmi8658.o(i.Qmi8658_config_ae)
    i.Qmi8658_config_gyro                    0x08000de4   Section        0  qmi8658.o(i.Qmi8658_config_gyro)
    i.Qmi8658_config_mag                     0x08000ec4   Section        0  qmi8658.o(i.Qmi8658_config_mag)
    i.Qmi8658_enableSensors                  0x08000ed6   Section        0  qmi8658.o(i.Qmi8658_enableSensors)
    i.Qmi8658_init                           0x08000ef0   Section        0  qmi8658.o(i.Qmi8658_init)
    i.Qmi8658_readStatus0                    0x08001160   Section        0  qmi8658.o(i.Qmi8658_readStatus0)
    i.Qmi8658_read_reg                       0x08001174   Section        0  qmi8658.o(i.Qmi8658_read_reg)
    i.Qmi8658_read_xyz                       0x080011b0   Section        0  qmi8658.o(i.Qmi8658_read_xyz)
    i.Qmi8658_write_reg                      0x0800136c   Section        0  qmi8658.o(i.Qmi8658_write_reg)
    i.RCC_APB1PeriphClockCmd                 0x080013a0   Section        0  stm32f10x_rcc.o(i.RCC_APB1PeriphClockCmd)
    i.RCC_APB1PeriphResetCmd                 0x080013c0   Section        0  stm32f10x_rcc.o(i.RCC_APB1PeriphResetCmd)
    i.RCC_APB2PeriphClockCmd                 0x080013e0   Section        0  stm32f10x_rcc.o(i.RCC_APB2PeriphClockCmd)
    i.RCC_APB2PeriphResetCmd                 0x08001400   Section        0  stm32f10x_rcc.o(i.RCC_APB2PeriphResetCmd)
    i.RCC_DeInit                             0x08001420   Section        0  stm32f10x_rcc.o(i.RCC_DeInit)
    i.RCC_GetClocksFreq                      0x0800146c   Section        0  stm32f10x_rcc.o(i.RCC_GetClocksFreq)
    i.RCC_GetFlagStatus                      0x08001540   Section        0  stm32f10x_rcc.o(i.RCC_GetFlagStatus)
    i.RCC_GetSYSCLKSource                    0x0800157c   Section        0  stm32f10x_rcc.o(i.RCC_GetSYSCLKSource)
    i.RCC_HCLKConfig                         0x0800158c   Section        0  stm32f10x_rcc.o(i.RCC_HCLKConfig)
    i.RCC_HSICmd                             0x080015a4   Section        0  stm32f10x_rcc.o(i.RCC_HSICmd)
    i.RCC_PCLK1Config                        0x080015b0   Section        0  stm32f10x_rcc.o(i.RCC_PCLK1Config)
    i.RCC_PCLK2Config                        0x080015c8   Section        0  stm32f10x_rcc.o(i.RCC_PCLK2Config)
    i.RCC_PLLCmd                             0x080015e0   Section        0  stm32f10x_rcc.o(i.RCC_PLLCmd)
    i.RCC_PLLConfig                          0x080015ec   Section        0  stm32f10x_rcc.o(i.RCC_PLLConfig)
    i.RCC_SYSCLKConfig                       0x08001608   Section        0  stm32f10x_rcc.o(i.RCC_SYSCLKConfig)
    i.SVC_Handler                            0x08001620   Section        0  stm32f10x_it.o(i.SVC_Handler)
    i.SYSCLK_Config_WakeUp                   0x08001622   Section        0  main.o(i.SYSCLK_Config_WakeUp)
    SYSCLK_Config_WakeUp                     0x08001623   Thumb Code   102  main.o(i.SYSCLK_Config_WakeUp)
    i.SetSysClock                            0x08001688   Section        0  system_stm32f10x.o(i.SetSysClock)
    SetSysClock                              0x08001689   Thumb Code     2  system_stm32f10x.o(i.SetSysClock)
    i.SysTick_Handler                        0x0800168a   Section        0  stm32f10x_it.o(i.SysTick_Handler)
    i.SysTick_Init                           0x08001694   Section        0  bsp_systick.o(i.SysTick_Init)
    i.SystemInit                             0x0800171c   Section        0  system_stm32f10x.o(i.SystemInit)
    i.TIM1_UP_IRQHandler                     0x0800177c   Section        0  main.o(i.TIM1_UP_IRQHandler)
    i.TIM2_IRQHandler                        0x080017a0   Section        0  main.o(i.TIM2_IRQHandler)
    i.TIM3_IRQHandler                        0x080017c0   Section        0  main.o(i.TIM3_IRQHandler)
    i.TIM4_IRQHandler                        0x080017e4   Section        0  main.o(i.TIM4_IRQHandler)
    i.TIM_ClearFlag                          0x08001808   Section        0  stm32f10x_tim.o(i.TIM_ClearFlag)
    i.TIM_ClearITPendingBit                  0x0800180e   Section        0  stm32f10x_tim.o(i.TIM_ClearITPendingBit)
    i.TIM_Cmd                                0x08001814   Section        0  stm32f10x_tim.o(i.TIM_Cmd)
    i.TIM_DeInit                             0x0800182c   Section        0  stm32f10x_tim.o(i.TIM_DeInit)
    i.TIM_GetITStatus                        0x08001a14   Section        0  stm32f10x_tim.o(i.TIM_GetITStatus)
    i.TIM_ITConfig                           0x08001a36   Section        0  stm32f10x_tim.o(i.TIM_ITConfig)
    i.TIM_TimeBaseInit                       0x08001a48   Section        0  stm32f10x_tim.o(i.TIM_TimeBaseInit)
    i.USART1_IRQHandler                      0x08001aec   Section        0  bsp_usart.o(i.USART1_IRQHandler)
    i.USART2_IRQHandler                      0x08001af0   Section        0  bsp_usart.o(i.USART2_IRQHandler)
    i.USART3_IRQHandler                      0x08001b70   Section        0  bsp_usart.o(i.USART3_IRQHandler)
    i.USART_ClearFlag                        0x08001b72   Section        0  stm32f10x_usart.o(i.USART_ClearFlag)
    i.USART_Cmd                              0x08001b84   Section        0  stm32f10x_usart.o(i.USART_Cmd)
    i.USART_Config                           0x08001b9c   Section        0  bsp_usart.o(i.USART_Config)
    i.USART_GetFlagStatus                    0x08001c64   Section        0  stm32f10x_usart.o(i.USART_GetFlagStatus)
    i.USART_GetITStatus                      0x08001c7e   Section        0  stm32f10x_usart.o(i.USART_GetITStatus)
    i.USART_ITConfig                         0x08001cd2   Section        0  stm32f10x_usart.o(i.USART_ITConfig)
    i.USART_Init                             0x08001d1c   Section        0  stm32f10x_usart.o(i.USART_Init)
    i.USART_ReceiveData                      0x08001df4   Section        0  stm32f10x_usart.o(i.USART_ReceiveData)
    i.USART_SendData                         0x08001dfe   Section        0  stm32f10x_usart.o(i.USART_SendData)
    i.UsageFault_Handler                     0x08001e06   Section        0  stm32f10x_it.o(i.UsageFault_Handler)
    i.__0printf                              0x08001e0c   Section        0  printfa.o(i.__0printf)
    i.__scatterload_copy                     0x08001e2c   Section       14  handlers.o(i.__scatterload_copy)
    i.__scatterload_null                     0x08001e3a   Section        2  handlers.o(i.__scatterload_null)
    i.__scatterload_zeroinit                 0x08001e3c   Section       14  handlers.o(i.__scatterload_zeroinit)
    i._fp_digits                             0x08001e4c   Section        0  printfa.o(i._fp_digits)
    _fp_digits                               0x08001e4d   Thumb Code   366  printfa.o(i._fp_digits)
    i._printf_core                           0x08001fd0   Section        0  printfa.o(i._printf_core)
    _printf_core                             0x08001fd1   Thumb Code  1744  printfa.o(i._printf_core)
    i._printf_post_padding                   0x080026ac   Section        0  printfa.o(i._printf_post_padding)
    _printf_post_padding                     0x080026ad   Thumb Code    36  printfa.o(i._printf_post_padding)
    i._printf_pre_padding                    0x080026d0   Section        0  printfa.o(i._printf_pre_padding)
    _printf_pre_padding                      0x080026d1   Thumb Code    46  printfa.o(i._printf_pre_padding)
    i.bsp_gpio_config                        0x08002700   Section        0  main.o(i.bsp_gpio_config)
    i.bsp_uart_get_rx_buf                    0x08002790   Section        0  bsp_usart.o(i.bsp_uart_get_rx_buf)
    i.bsp_uart_rx_reset                      0x080027b0   Section        0  bsp_usart.o(i.bsp_uart_rx_reset)
    i.delay_ms                               0x080027d4   Section        0  bsp_systick.o(i.delay_ms)
    i.evb_exe_rx_buf                         0x08002818   Section        0  main.o(i.evb_exe_rx_buf)
    evb_exe_rx_buf                           0x08002819   Thumb Code    92  main.o(i.evb_exe_rx_buf)
    i.evb_irq_handle                         0x08002874   Section        0  main.o(i.evb_irq_handle)
    evb_irq_handle                           0x08002875   Thumb Code    48  main.o(i.evb_irq_handle)
    i.evb_setup_irq                          0x080028a8   Section        0  main.o(i.evb_setup_irq)
    evb_setup_irq                            0x080028a9   Thumb Code   486  main.o(i.evb_setup_irq)
    i.evb_setup_timer                        0x08002aa0   Section        0  main.o(i.evb_setup_timer)
    i.evb_tim_handle                         0x08002b98   Section        0  main.o(i.evb_tim_handle)
    evb_tim_handle                           0x08002b99   Thumb Code    92  main.o(i.evb_tim_handle)
    i.fputc                                  0x08002bf8   Section        0  bsp_usart.o(i.fputc)
    i.i2c_Ack                                0x08002c1c   Section        0  qst_sw_i2c.o(i.i2c_Ack)
    i2c_Ack                                  0x08002c1d   Thumb Code    58  qst_sw_i2c.o(i.i2c_Ack)
    i.i2c_Ack                                0x08002c5c   Section        0  qst_sw_i2c_2.o(i.i2c_Ack)
    i2c_Ack                                  0x08002c5d   Thumb Code    50  qst_sw_i2c_2.o(i.i2c_Ack)
    i.i2c_NAck                               0x08002c94   Section        0  qst_sw_i2c.o(i.i2c_NAck)
    i2c_NAck                                 0x08002c95   Thumb Code    48  qst_sw_i2c.o(i.i2c_NAck)
    i.i2c_NAck                               0x08002cc8   Section        0  qst_sw_i2c_2.o(i.i2c_NAck)
    i2c_NAck                                 0x08002cc9   Thumb Code    42  qst_sw_i2c_2.o(i.i2c_NAck)
    i.i2c_ReadByte                           0x08002cf8   Section        0  qst_sw_i2c.o(i.i2c_ReadByte)
    i2c_ReadByte                             0x08002cf9   Thumb Code   142  qst_sw_i2c.o(i.i2c_ReadByte)
    i.i2c_ReadByte                           0x08002d8c   Section        0  qst_sw_i2c_2.o(i.i2c_ReadByte)
    i2c_ReadByte                             0x08002d8d   Thumb Code   138  qst_sw_i2c_2.o(i.i2c_ReadByte)
    i.i2c_SendByte                           0x08002e1c   Section        0  qst_sw_i2c.o(i.i2c_SendByte)
    i2c_SendByte                             0x08002e1d   Thumb Code    94  qst_sw_i2c.o(i.i2c_SendByte)
    i.i2c_SendByte                           0x08002e80   Section        0  qst_sw_i2c_2.o(i.i2c_SendByte)
    i2c_SendByte                             0x08002e81   Thumb Code    86  qst_sw_i2c_2.o(i.i2c_SendByte)
    i.i2c_Start                              0x08002edc   Section        0  qst_sw_i2c.o(i.i2c_Start)
    i2c_Start                                0x08002edd   Thumb Code    96  qst_sw_i2c.o(i.i2c_Start)
    i.i2c_Start                              0x08002f40   Section        0  qst_sw_i2c_2.o(i.i2c_Start)
    i2c_Start                                0x08002f41   Thumb Code    92  qst_sw_i2c_2.o(i.i2c_Start)
    i.i2c_Stop                               0x08002fa0   Section        0  qst_sw_i2c.o(i.i2c_Stop)
    i2c_Stop                                 0x08002fa1   Thumb Code    76  qst_sw_i2c.o(i.i2c_Stop)
    i.i2c_Stop                               0x08002ff0   Section        0  qst_sw_i2c_2.o(i.i2c_Stop)
    i2c_Stop                                 0x08002ff1   Thumb Code    74  qst_sw_i2c_2.o(i.i2c_Stop)
    i.i2c_WaitAck                            0x08003040   Section        0  qst_sw_i2c.o(i.i2c_WaitAck)
    i2c_WaitAck                              0x08003041   Thumb Code   120  qst_sw_i2c.o(i.i2c_WaitAck)
    i.i2c_WaitAck                            0x080030bc   Section        0  qst_sw_i2c_2.o(i.i2c_WaitAck)
    i2c_WaitAck                              0x080030bd   Thumb Code   114  qst_sw_i2c_2.o(i.i2c_WaitAck)
    i.i2c_delay_us                           0x08003134   Section        0  qst_sw_i2c.o(i.i2c_delay_us)
    i2c_delay_us                             0x08003135   Thumb Code    52  qst_sw_i2c.o(i.i2c_delay_us)
    i.i2c_delay_us                           0x08003168   Section        0  qst_sw_i2c_2.o(i.i2c_delay_us)
    i2c_delay_us                             0x08003169   Thumb Code    52  qst_sw_i2c_2.o(i.i2c_delay_us)
    i.i2c_sw_gpio_config                     0x0800319c   Section        0  qst_sw_i2c.o(i.i2c_sw_gpio_config)
    i.i2c_sw_gpio_config_2                   0x080031cc   Section        0  qst_sw_i2c_2.o(i.i2c_sw_gpio_config_2)
    i.main                                   0x080031fc   Section        0  main.o(i.main)
    i.qma6100_chip_id                        0x08003394   Section        0  qma6100.o(i.qma6100_chip_id)
    i.qma6100_delay                          0x080033f4   Section        0  qma6100.o(i.qma6100_delay)
    i.qma6100_dump_reg                       0x0800345c   Section        0  qma6100.o(i.qma6100_dump_reg)
    i.qma6100_init                           0x080034dc   Section        0  qma6100.o(i.qma6100_init)
    i.qma6100_initialize                     0x080035c0   Section        0  qma6100.o(i.qma6100_initialize)
    qma6100_initialize                       0x080035c1   Thumb Code    62  qma6100.o(i.qma6100_initialize)
    i.qma6100_readreg                        0x08003600   Section        0  qma6100.o(i.qma6100_readreg)
    i.qma6100_set_mode_odr                   0x08003648   Section        0  qma6100.o(i.qma6100_set_mode_odr)
    i.qma6100_set_range                      0x08003694   Section        0  qma6100.o(i.qma6100_set_range)
    i.qma6100_soft_reset                     0x080036e8   Section        0  qma6100.o(i.qma6100_soft_reset)
    i.qma6100_stepcounter_config             0x080037e0   Section        0  qma6100.o(i.qma6100_stepcounter_config)
    i.qma6100_writereg                       0x080038c0   Section        0  qma6100.o(i.qma6100_writereg)
    i.qmaX981_chip_id                        0x08003900   Section        0  qmax981.o(i.qmaX981_chip_id)
    i.qmaX981_delay                          0x0800395c   Section        0  qmax981.o(i.qmaX981_delay)
    i.qmaX981_dump_reg                       0x080039c4   Section        0  qmax981.o(i.qmaX981_dump_reg)
    i.qmaX981_init                           0x08003a48   Section        0  qmax981.o(i.qmaX981_init)
    i.qmaX981_initialize                     0x08003b34   Section        0  qmax981.o(i.qmaX981_initialize)
    qmaX981_initialize                       0x08003b35   Thumb Code    36  qmax981.o(i.qmaX981_initialize)
    i.qmaX981_readreg                        0x08003b58   Section        0  qmax981.o(i.qmaX981_readreg)
    i.qmaX981_set_mode_odr                   0x08003b98   Section        0  qmax981.o(i.qmaX981_set_mode_odr)
    i.qmaX981_set_range                      0x08003bec   Section        0  qmax981.o(i.qmaX981_set_range)
    i.qmaX981_soft_reset                     0x08003c40   Section        0  qmax981.o(i.qmaX981_soft_reset)
    i.qmaX981_stepcounter_config             0x08003c7c   Section        0  qmax981.o(i.qmaX981_stepcounter_config)
    i.qmaX981_writereg                       0x08003d0c   Section        0  qmax981.o(i.qmaX981_writereg)
    i.qmc6308_delay                          0x08003d48   Section        0  qmc6308.o(i.qmc6308_delay)
    i.qmc6308_disable                        0x08003db0   Section        0  qmc6308.o(i.qmc6308_disable)
    i.qmc6308_dump_reg                       0x08003dc0   Section        0  qmc6308.o(i.qmc6308_dump_reg)
    qmc6308_dump_reg                         0x08003dc1   Thumb Code   122  qmc6308.o(i.qmc6308_dump_reg)
    i.qmc6308_enable                         0x08003e88   Section        0  qmc6308.o(i.qmc6308_enable)
    i.qmc6308_get_chipid                     0x08003f20   Section        0  qmc6308.o(i.qmc6308_get_chipid)
    i.qmc6308_init                           0x08003fcc   Section        0  qmc6308.o(i.qmc6308_init)
    i.qmc6308_odr_mode                       0x08004024   Section        0  qmc6308.o(i.qmc6308_odr_mode)
    i.qmc6308_range_sr                       0x08004084   Section        0  qmc6308.o(i.qmc6308_range_sr)
    i.qmc6308_read_block                     0x080040d4   Section        0  qmc6308.o(i.qmc6308_read_block)
    qmc6308_read_block                       0x080040d5   Thumb Code    54  qmc6308.o(i.qmc6308_read_block)
    i.qmc6308_soft_reset                     0x08004110   Section        0  qmc6308.o(i.qmc6308_soft_reset)
    i.qmc6308_write_reg                      0x0800412c   Section        0  qmc6308.o(i.qmc6308_write_reg)
    qmc6308_write_reg                        0x0800412d   Thumb Code    48  qmc6308.o(i.qmc6308_write_reg)
    i.qmc6310_get_chipid                     0x08004160   Section        0  qmc6308.o(i.qmc6310_get_chipid)
    qmc6310_get_chipid                       0x08004161   Thumb Code    82  qmc6308.o(i.qmc6310_get_chipid)
    i.qmcX983_ReadData                       0x080041fc   Section        0  qmcx983.o(i.qmcX983_ReadData)
    i.qmcX983_WriteReg                       0x0800422c   Section        0  qmcx983.o(i.qmcX983_WriteReg)
    i.qmcX983_delay                          0x08004256   Section        0  qmcx983.o(i.qmcX983_delay)
    qmcX983_delay                            0x08004257   Thumb Code    24  qmcx983.o(i.qmcX983_delay)
    i.qmcX983_device_check                   0x08004270   Section        0  qmcx983.o(i.qmcX983_device_check)
    qmcX983_device_check                     0x08004271   Thumb Code   252  qmcx983.o(i.qmcX983_device_check)
    i.qmcX983_enable                         0x08004414   Section        0  qmcx983.o(i.qmcX983_enable)
    qmcX983_enable                           0x08004415   Thumb Code   116  qmcx983.o(i.qmcX983_enable)
    i.qmcX983_init                           0x0800449c   Section        0  qmcx983.o(i.qmcX983_init)
    i.qmcX983_start_measure                  0x080044e8   Section        0  qmcx983.o(i.qmcX983_start_measure)
    qmcX983_start_measure                    0x080044e9   Thumb Code    12  qmcx983.o(i.qmcX983_start_measure)
    i.qmcX983_stop_measure                   0x080044f4   Section        0  qmcx983.o(i.qmcX983_stop_measure)
    qmcX983_stop_measure                     0x080044f5   Thumb Code    12  qmcx983.o(i.qmcX983_stop_measure)
    i.qmcx983_get_OPT                        0x08004500   Section        0  qmcx983.o(i.qmcx983_get_OPT)
    qmcx983_get_OPT                          0x08004501   Thumb Code   352  qmcx983.o(i.qmcx983_get_OPT)
    i.qmi8610_Config_apply                   0x080046c4   Section        0  qmi8610.o(i.qmi8610_Config_apply)
    i.qmi8610_config_acc                     0x08004718   Section        0  qmi8610.o(i.qmi8610_config_acc)
    i.qmi8610_config_ae                      0x080047b0   Section        0  qmi8610.o(i.qmi8610_config_ae)
    i.qmi8610_config_gyro                    0x080047d8   Section        0  qmi8610.o(i.qmi8610_config_gyro)
    i.qmi8610_config_mag                     0x08004894   Section        0  qmi8610.o(i.qmi8610_config_mag)
    i.qmi8610_enableSensors                  0x08004896   Section        0  qmi8610.o(i.qmi8610_enableSensors)
    i.qmi8610_init                           0x080048b0   Section        0  qmi8610.o(i.qmi8610_init)
    i.qmi8610_readStatus0                    0x08004ad8   Section        0  qmi8610.o(i.qmi8610_readStatus0)
    i.qmi8610_read_reg                       0x08004aec   Section        0  qmi8610.o(i.qmi8610_read_reg)
    i.qmi8610_read_xyz                       0x08004b28   Section        0  qmi8610.o(i.qmi8610_read_xyz)
    i.qmi8610_serial_num                     0x08004ca4   Section        0  qmi8610.o(i.qmi8610_serial_num)
    i.qmi8610_write_reg                      0x08004dd8   Section        0  qmi8610.o(i.qmi8610_write_reg)
    i.qmp6988_ReadData                       0x08004e0c   Section        0  qmp6988.o(i.qmp6988_ReadData)
    i.qmp6988_WriteReg                       0x08004e5c   Section        0  qmp6988.o(i.qmp6988_WriteReg)
    i.qmp6988_delay                          0x08004ea6   Section        0  qmp6988.o(i.qmp6988_delay)
    qmp6988_delay                            0x08004ea7   Thumb Code   104  qmp6988.o(i.qmp6988_delay)
    i.qmp6988_device_check                   0x08004f10   Section        0  qmp6988.o(i.qmp6988_device_check)
    qmp6988_device_check                     0x08004f11   Thumb Code    72  qmp6988.o(i.qmp6988_device_check)
    i.qmp6988_dumpreg                        0x08004fd4   Section        0  qmp6988.o(i.qmp6988_dumpreg)
    i.qmp6988_get_calibration_data           0x0800504c   Section        0  qmp6988.o(i.qmp6988_get_calibration_data)
    qmp6988_get_calibration_data             0x0800504d   Thumb Code  1632  qmp6988.o(i.qmp6988_get_calibration_data)
    i.qmp6988_init                           0x0800576c   Section        0  qmp6988.o(i.qmp6988_init)
    i.qmp6988_set_app                        0x080057ac   Section        0  qmp6988.o(i.qmp6988_set_app)
    i.qmp6988_set_filter                     0x08005860   Section        0  qmp6988.o(i.qmp6988_set_filter)
    qmp6988_set_filter                       0x08005861   Thumb Code    28  qmp6988.o(i.qmp6988_set_filter)
    i.qmp6988_set_oversampling_p             0x0800587c   Section        0  qmp6988.o(i.qmp6988_set_oversampling_p)
    qmp6988_set_oversampling_p               0x0800587d   Thumb Code    60  qmp6988.o(i.qmp6988_set_oversampling_p)
    i.qmp6988_set_oversampling_t             0x080058b8   Section        0  qmp6988.o(i.qmp6988_set_oversampling_t)
    qmp6988_set_oversampling_t               0x080058b9   Thumb Code    60  qmp6988.o(i.qmp6988_set_oversampling_t)
    i.qmp6988_set_powermode                  0x080058f4   Section        0  qmp6988.o(i.qmp6988_set_powermode)
    qmp6988_set_powermode                    0x080058f5   Thumb Code   106  qmp6988.o(i.qmp6988_set_powermode)
    i.qmp6988_software_reset                 0x08005998   Section        0  qmp6988.o(i.qmp6988_software_reset)
    qmp6988_software_reset                   0x08005999   Thumb Code     2  qmp6988.o(i.qmp6988_software_reset)
    i.qst_algo_imu_run                       0x0800599c   Section        0  main.o(i.qst_algo_imu_run)
    i.qst_delay                              0x080059f4   Section        0  main.o(i.qst_delay)
    i.qst_evb_demo_9axis                     0x08005a00   Section        0  main.o(i.qst_evb_demo_9axis)
    i.qst_evb_demo_null                      0x08005a90   Section        0  main.o(i.qst_evb_demo_null)
    i.qst_evb_imu_irq2                       0x08005ac0   Section        0  main.o(i.qst_evb_imu_irq2)
    i.qst_evb_imu_send                       0x08005ad0   Section        0  main.o(i.qst_evb_imu_send)
    i.qst_evb_imu_sw_cali                    0x08005b60   Section        0  main.o(i.qst_evb_imu_sw_cali)
    qst_evb_imu_sw_cali                      0x08005b61   Thumb Code     6  main.o(i.qst_evb_imu_sw_cali)
    i.qst_evb_imu_tim                        0x08005b68   Section        0  main.o(i.qst_evb_imu_tim)
    i.qst_evb_null_tim                       0x08005b78   Section        0  main.o(i.qst_evb_null_tim)
    i.qst_sw_readreg                         0x08005b90   Section        0  qst_sw_i2c.o(i.qst_sw_readreg)
    i.qst_sw_readreg_2                       0x08005c02   Section        0  qst_sw_i2c_2.o(i.qst_sw_readreg_2)
    i.qst_sw_writereg                        0x08005c74   Section        0  qst_sw_i2c.o(i.qst_sw_writereg)
    i.qst_sw_writereg_2                      0x08005cb8   Section        0  qst_sw_i2c_2.o(i.qst_sw_writereg_2)
    .constdata                               0x08005cfc   Section       96  qmax981.o(.constdata)
    qst_map                                  0x08005cfc   Data          96  qmax981.o(.constdata)
    .constdata                               0x08005d5c   Section       37  qmcx983.o(.constdata)
    __func__                                 0x08005d5c   Data          21  qmcx983.o(.constdata)
    __func__                                 0x08005d71   Data          16  qmcx983.o(.constdata)
    .constdata                               0x08005d84   Section       80  qmp6988.o(.constdata)
    Conv_A_S                                 0x08005d84   Data          80  qmp6988.o(.constdata)
    .constdata                               0x08005dd4   Section       96  qma6100.o(.constdata)
    qst_map                                  0x08005dd4   Data          96  qma6100.o(.constdata)
    .data                                    0x20000000   Section       20  system_stm32f10x.o(.data)
    .data                                    0x20000014   Section       20  stm32f10x_rcc.o(.data)
    APBAHBPrescTable                         0x20000014   Data          16  stm32f10x_rcc.o(.data)
    ADCPrescTable                            0x20000024   Data           4  stm32f10x_rcc.o(.data)
    .data                                    0x20000028   Section       16  bsp_systick.o(.data)
    uwTick                                   0x20000028   Data           8  bsp_systick.o(.data)
    ms_per_tick                              0x20000034   Data           4  bsp_systick.o(.data)
    .data                                    0x20000038   Section        8  qmc6308.o(.data)
    g_qmc6308                                0x20000038   Data           8  qmc6308.o(.data)
    .data                                    0x20000040   Section       13  qmi8610.o(.data)
    acc_lsb_div                              0x20000040   Data           2  qmi8610.o(.data)
    gyro_lsb_div                             0x20000042   Data           2  qmi8610.o(.data)
    qmi8610_slave                            0x20000044   Data           1  qmi8610.o(.data)
    qmi8610_set                              0x20000045   Data           8  qmi8610.o(.data)
    .data                                    0x20000050   Section       21  qmi8658.o(.data)
    acc_lsb_div                              0x20000050   Data           2  qmi8658.o(.data)
    gyro_lsb_div                             0x20000052   Data           2  qmi8658.o(.data)
    ae_q_lsb_div                             0x20000054   Data           2  qmi8658.o(.data)
    ae_v_lsb_div                             0x20000056   Data           2  qmi8658.o(.data)
    imu_timestamp                            0x20000058   Data           4  qmi8658.o(.data)
    qmi8658_config                           0x2000005c   Data           8  qmi8658.o(.data)
    qmi8658_slave_addr                       0x20000064   Data           1  qmi8658.o(.data)
    .data                                    0x20000068   Section        4  stdout.o(.data)
    .bss                                     0x20000070   Section      368  main.o(.bss)
    g_evb                                    0x20000070   Data         152  main.o(.bss)
    qmp6988                                  0x20000108   Data          80  main.o(.bss)
    algo_imu                                 0x20000158   Data          72  main.o(.bss)
    imu_offset                               0x200001a0   Data          40  main.o(.bss)
    acc_cali_min                             0x200001c8   Data          12  main.o(.bss)
    acc_cali_max                             0x200001d4   Data          12  main.o(.bss)
    .bss                                     0x200001e0   Section       68  bsp_usart.o(.bss)
    rx_buf                                   0x200001e0   Data          68  bsp_usart.o(.bss)
    .bss                                     0x20000224   Section       88  qmax981.o(.bss)
    g_qmaX981                                0x20000224   Data          88  qmax981.o(.bss)
    .bss                                     0x2000027c   Section       16  qmcx983.o(.bss)
    g_qmcX983                                0x2000027c   Data          16  qmcx983.o(.bss)
    .bss                                     0x2000028c   Section       52  qma6100.o(.bss)
    g_qma6100                                0x2000028c   Data          52  qma6100.o(.bss)
    STACK                                    0x200002c0   Section     1024  startup_stm32f10x_md.o(STACK)

    Global Symbols

    Symbol Name                              Value     Ov Type        Size  Object(Section)

    BuildAttributes$$THM_ISAv4$P$D$K$B$S$PE$A:L22UL41UL21$X:L11$S22US41US21$IEEE1$IW$USESV6$~STKCKD$USESV7$~SHL$OTIME$ROPI$IEEEX$EBA8$MICROLIB$REQ8$PRES8$EABIv2 0x00000000   Number         0  anon$$obj.o ABSOLUTE
    __ARM_use_no_argv                        0x00000000   Number         0  main.o ABSOLUTE
    _printf_a                                0x00000000   Number         0  stubs.o ABSOLUTE
    _printf_c                                0x00000000   Number         0  stubs.o ABSOLUTE
    _printf_charcount                        0x00000000   Number         0  stubs.o ABSOLUTE
    _printf_d                                0x00000000   Number         0  stubs.o ABSOLUTE
    _printf_e                                0x00000000   Number         0  stubs.o ABSOLUTE
    _printf_f                                0x00000000   Number         0  stubs.o ABSOLUTE
    _printf_flags                            0x00000000   Number         0  stubs.o ABSOLUTE
    _printf_fp_dec                           0x00000000   Number         0  stubs.o ABSOLUTE
    _printf_fp_hex                           0x00000000   Number         0  stubs.o ABSOLUTE
    _printf_g                                0x00000000   Number         0  stubs.o ABSOLUTE
    _printf_i                                0x00000000   Number         0  stubs.o ABSOLUTE
    _printf_int_dec                          0x00000000   Number         0  stubs.o ABSOLUTE
    _printf_l                                0x00000000   Number         0  stubs.o ABSOLUTE
    _printf_lc                               0x00000000   Number         0  stubs.o ABSOLUTE
    _printf_ll                               0x00000000   Number         0  stubs.o ABSOLUTE
    _printf_lld                              0x00000000   Number         0  stubs.o ABSOLUTE
    _printf_lli                              0x00000000   Number         0  stubs.o ABSOLUTE
    _printf_llo                              0x00000000   Number         0  stubs.o ABSOLUTE
    _printf_llu                              0x00000000   Number         0  stubs.o ABSOLUTE
    _printf_llx                              0x00000000   Number         0  stubs.o ABSOLUTE
    _printf_longlong_dec                     0x00000000   Number         0  stubs.o ABSOLUTE
    _printf_longlong_hex                     0x00000000   Number         0  stubs.o ABSOLUTE
    _printf_longlong_oct                     0x00000000   Number         0  stubs.o ABSOLUTE
    _printf_ls                               0x00000000   Number         0  stubs.o ABSOLUTE
    _printf_mbtowc                           0x00000000   Number         0  stubs.o ABSOLUTE
    _printf_n                                0x00000000   Number         0  stubs.o ABSOLUTE
    _printf_o                                0x00000000   Number         0  stubs.o ABSOLUTE
    _printf_p                                0x00000000   Number         0  stubs.o ABSOLUTE
    _printf_percent                          0x00000000   Number         0  stubs.o ABSOLUTE
    _printf_pre_padding                      0x00000000   Number         0  stubs.o ABSOLUTE
    _printf_return_value                     0x00000000   Number         0  stubs.o ABSOLUTE
    _printf_s                                0x00000000   Number         0  stubs.o ABSOLUTE
    _printf_sizespec                         0x00000000   Number         0  stubs.o ABSOLUTE
    _printf_str                              0x00000000   Number         0  stubs.o ABSOLUTE
    _printf_truncate_signed                  0x00000000   Number         0  stubs.o ABSOLUTE
    _printf_truncate_unsigned                0x00000000   Number         0  stubs.o ABSOLUTE
    _printf_u                                0x00000000   Number         0  stubs.o ABSOLUTE
    _printf_wc                               0x00000000   Number         0  stubs.o ABSOLUTE
    _printf_wctomb                           0x00000000   Number         0  stubs.o ABSOLUTE
    _printf_widthprec                        0x00000000   Number         0  stubs.o ABSOLUTE
    _printf_x                                0x00000000   Number         0  stubs.o ABSOLUTE
    __cpp_initialize__aeabi_                  - Undefined Weak Reference
    __cxa_finalize                            - Undefined Weak Reference
    __decompress                              - Undefined Weak Reference
    _clock_init                               - Undefined Weak Reference
    _microlib_exit                            - Undefined Weak Reference
    _scanf_longlong                           - Undefined Weak Reference
    _scanf_real                               - Undefined Weak Reference
    _scanf_string                             - Undefined Weak Reference
    __Vectors_Size                           0x000000ec   Number         0  startup_stm32f10x_md.o ABSOLUTE
    __Vectors                                0x08000000   Data           4  startup_stm32f10x_md.o(RESET)
    __Vectors_End                            0x080000ec   Data           0  startup_stm32f10x_md.o(RESET)
    __main                                   0x080000ed   Thumb Code     0  entry.o(.ARM.Collect$$$$00000000)
    _main_stk                                0x080000ed   Thumb Code     0  entry2.o(.ARM.Collect$$$$00000001)
    _main_scatterload                        0x080000f1   Thumb Code     0  entry5.o(.ARM.Collect$$$$00000004)
    __main_after_scatterload                 0x080000f5   Thumb Code     0  entry5.o(.ARM.Collect$$$$00000004)
    _main_clock                              0x080000f5   Thumb Code     0  entry7b.o(.ARM.Collect$$$$00000008)
    _main_cpp_init                           0x080000f5   Thumb Code     0  entry8b.o(.ARM.Collect$$$$0000000A)
    _main_init                               0x080000f5   Thumb Code     0  entry9a.o(.ARM.Collect$$$$0000000B)
    __rt_final_cpp                           0x080000fd   Thumb Code     0  entry10a.o(.ARM.Collect$$$$0000000D)
    __rt_final_exit                          0x080000fd   Thumb Code     0  entry11a.o(.ARM.Collect$$$$0000000F)
    Reset_Handler                            0x08000101   Thumb Code     8  startup_stm32f10x_md.o(.text)
    ADC1_2_IRQHandler                        0x0800011b   Thumb Code     0  startup_stm32f10x_md.o(.text)
    CAN1_RX1_IRQHandler                      0x0800011b   Thumb Code     0  startup_stm32f10x_md.o(.text)
    CAN1_SCE_IRQHandler                      0x0800011b   Thumb Code     0  startup_stm32f10x_md.o(.text)
    DMA1_Channel1_IRQHandler                 0x0800011b   Thumb Code     0  startup_stm32f10x_md.o(.text)
    DMA1_Channel2_IRQHandler                 0x0800011b   Thumb Code     0  startup_stm32f10x_md.o(.text)
    DMA1_Channel3_IRQHandler                 0x0800011b   Thumb Code     0  startup_stm32f10x_md.o(.text)
    DMA1_Channel4_IRQHandler                 0x0800011b   Thumb Code     0  startup_stm32f10x_md.o(.text)
    DMA1_Channel5_IRQHandler                 0x0800011b   Thumb Code     0  startup_stm32f10x_md.o(.text)
    DMA1_Channel6_IRQHandler                 0x0800011b   Thumb Code     0  startup_stm32f10x_md.o(.text)
    DMA1_Channel7_IRQHandler                 0x0800011b   Thumb Code     0  startup_stm32f10x_md.o(.text)
    EXTI0_IRQHandler                         0x0800011b   Thumb Code     0  startup_stm32f10x_md.o(.text)
    EXTI1_IRQHandler                         0x0800011b   Thumb Code     0  startup_stm32f10x_md.o(.text)
    EXTI2_IRQHandler                         0x0800011b   Thumb Code     0  startup_stm32f10x_md.o(.text)
    EXTI3_IRQHandler                         0x0800011b   Thumb Code     0  startup_stm32f10x_md.o(.text)
    FLASH_IRQHandler                         0x0800011b   Thumb Code     0  startup_stm32f10x_md.o(.text)
    I2C1_ER_IRQHandler                       0x0800011b   Thumb Code     0  startup_stm32f10x_md.o(.text)
    I2C1_EV_IRQHandler                       0x0800011b   Thumb Code     0  startup_stm32f10x_md.o(.text)
    I2C2_ER_IRQHandler                       0x0800011b   Thumb Code     0  startup_stm32f10x_md.o(.text)
    I2C2_EV_IRQHandler                       0x0800011b   Thumb Code     0  startup_stm32f10x_md.o(.text)
    PVD_IRQHandler                           0x0800011b   Thumb Code     0  startup_stm32f10x_md.o(.text)
    RCC_IRQHandler                           0x0800011b   Thumb Code     0  startup_stm32f10x_md.o(.text)
    RTCAlarm_IRQHandler                      0x0800011b   Thumb Code     0  startup_stm32f10x_md.o(.text)
    RTC_IRQHandler                           0x0800011b   Thumb Code     0  startup_stm32f10x_md.o(.text)
    SPI1_IRQHandler                          0x0800011b   Thumb Code     0  startup_stm32f10x_md.o(.text)
    SPI2_IRQHandler                          0x0800011b   Thumb Code     0  startup_stm32f10x_md.o(.text)
    TAMPER_IRQHandler                        0x0800011b   Thumb Code     0  startup_stm32f10x_md.o(.text)
    TIM1_BRK_IRQHandler                      0x0800011b   Thumb Code     0  startup_stm32f10x_md.o(.text)
    TIM1_CC_IRQHandler                       0x0800011b   Thumb Code     0  startup_stm32f10x_md.o(.text)
    TIM1_TRG_COM_IRQHandler                  0x0800011b   Thumb Code     0  startup_stm32f10x_md.o(.text)
    USBWakeUp_IRQHandler                     0x0800011b   Thumb Code     0  startup_stm32f10x_md.o(.text)
    USB_HP_CAN1_TX_IRQHandler                0x0800011b   Thumb Code     0  startup_stm32f10x_md.o(.text)
    USB_LP_CAN1_RX0_IRQHandler               0x0800011b   Thumb Code     0  startup_stm32f10x_md.o(.text)
    WWDG_IRQHandler                          0x0800011b   Thumb Code     0  startup_stm32f10x_md.o(.text)
    __aeabi_memcpy                           0x08000125   Thumb Code    36  memcpya.o(.text)
    __aeabi_memcpy4                          0x08000125   Thumb Code     0  memcpya.o(.text)
    __aeabi_memcpy8                          0x08000125   Thumb Code     0  memcpya.o(.text)
    __aeabi_memset                           0x08000149   Thumb Code    14  memseta.o(.text)
    __aeabi_memset4                          0x08000149   Thumb Code     0  memseta.o(.text)
    __aeabi_memset8                          0x08000149   Thumb Code     0  memseta.o(.text)
    __aeabi_memclr                           0x08000157   Thumb Code     4  memseta.o(.text)
    __aeabi_memclr4                          0x08000157   Thumb Code     0  memseta.o(.text)
    __aeabi_memclr8                          0x08000157   Thumb Code     0  memseta.o(.text)
    _memset$wrapper                          0x0800015b   Thumb Code    18  memseta.o(.text)
    __aeabi_fadd                             0x0800016d   Thumb Code   164  fadd.o(.text)
    __aeabi_fsub                             0x08000211   Thumb Code     6  fadd.o(.text)
    __aeabi_frsub                            0x08000217   Thumb Code     6  fadd.o(.text)
    __aeabi_fmul                             0x0800021d   Thumb Code   100  fmul.o(.text)
    __aeabi_fdiv                             0x08000281   Thumb Code   124  fdiv.o(.text)
    __aeabi_dadd                             0x080002fd   Thumb Code   322  dadd.o(.text)
    __aeabi_dsub                             0x0800043f   Thumb Code     6  dadd.o(.text)
    __aeabi_drsub                            0x08000445   Thumb Code     6  dadd.o(.text)
    __aeabi_dmul                             0x0800044b   Thumb Code   228  dmul.o(.text)
    __aeabi_ddiv                             0x0800052f   Thumb Code   222  ddiv.o(.text)
    __aeabi_i2f                              0x0800060d   Thumb Code    18  fflti.o(.text)
    __aeabi_ui2f                             0x0800061f   Thumb Code    10  ffltui.o(.text)
    __aeabi_f2d                              0x08000629   Thumb Code    38  f2d.o(.text)
    __aeabi_cdrcmple                         0x08000651   Thumb Code    48  cdrcmple.o(.text)
    __aeabi_uidiv                            0x08000681   Thumb Code     0  uidiv.o(.text)
    __aeabi_uidivmod                         0x08000681   Thumb Code    44  uidiv.o(.text)
    __aeabi_uldivmod                         0x080006ad   Thumb Code    98  uldiv.o(.text)
    __aeabi_llsl                             0x0800070f   Thumb Code    30  llshl.o(.text)
    _ll_shift_l                              0x0800070f   Thumb Code     0  llshl.o(.text)
    __aeabi_lasr                             0x0800072d   Thumb Code    36  llsshr.o(.text)
    _ll_sshift_r                             0x0800072d   Thumb Code     0  llsshr.o(.text)
    __I$use$fp                               0x08000751   Thumb Code     0  iusefp.o(.text)
    _float_round                             0x08000751   Thumb Code    18  fepilogue.o(.text)
    _float_epilogue                          0x08000763   Thumb Code    92  fepilogue.o(.text)
    _double_round                            0x080007bf   Thumb Code    30  depilogue.o(.text)
    _double_epilogue                         0x080007dd   Thumb Code   156  depilogue.o(.text)
    __aeabi_d2ulz                            0x08000879   Thumb Code    48  dfixul.o(.text)
    __scatterload                            0x080008a9   Thumb Code    28  init.o(.text)
    __scatterload_rt2                        0x080008a9   Thumb Code     0  init.o(.text)
    __aeabi_llsr                             0x080008cd   Thumb Code    32  llushr.o(.text)
    _ll_ushift_r                             0x080008cd   Thumb Code     0  llushr.o(.text)
    BusFault_Handler                         0x080008ed   Thumb Code     4  stm32f10x_it.o(i.BusFault_Handler)
    DebugMon_Handler                         0x080008f1   Thumb Code     2  stm32f10x_it.o(i.DebugMon_Handler)
    EXTI15_10_IRQHandler                     0x080008f5   Thumb Code    28  main.o(i.EXTI15_10_IRQHandler)
    EXTI4_IRQHandler                         0x08000915   Thumb Code    24  main.o(i.EXTI4_IRQHandler)
    EXTI9_5_IRQHandler                       0x08000931   Thumb Code    48  main.o(i.EXTI9_5_IRQHandler)
    EXTI_ClearITPendingBit                   0x08000965   Thumb Code     6  stm32f10x_exti.o(i.EXTI_ClearITPendingBit)
    EXTI_GetITStatus                         0x08000971   Thumb Code    34  stm32f10x_exti.o(i.EXTI_GetITStatus)
    EXTI_Init                                0x08000999   Thumb Code   142  stm32f10x_exti.o(i.EXTI_Init)
    FLASH_PrefetchBufferCmd                  0x08000a2d   Thumb Code    22  stm32f10x_flash.o(i.FLASH_PrefetchBufferCmd)
    FLASH_SetLatency                         0x08000a49   Thumb Code    18  stm32f10x_flash.o(i.FLASH_SetLatency)
    GPIO_EXTILineConfig                      0x08000a61   Thumb Code    60  stm32f10x_gpio.o(i.GPIO_EXTILineConfig)
    GPIO_Init                                0x08000aa1   Thumb Code   278  stm32f10x_gpio.o(i.GPIO_Init)
    GPIO_ResetBits                           0x08000bb7   Thumb Code     4  stm32f10x_gpio.o(i.GPIO_ResetBits)
    GPIO_SetBits                             0x08000bbb   Thumb Code     4  stm32f10x_gpio.o(i.GPIO_SetBits)
    HAL_IncTick                              0x08000bc1   Thumb Code    58  bsp_systick.o(i.HAL_IncTick)
    HardFault_Handler                        0x08000c09   Thumb Code     4  stm32f10x_it.o(i.HardFault_Handler)
    MemManage_Handler                        0x08000c0d   Thumb Code     4  stm32f10x_it.o(i.MemManage_Handler)
    NMI_Handler                              0x08000c11   Thumb Code     2  stm32f10x_it.o(i.NMI_Handler)
    NVIC_Init                                0x08000c15   Thumb Code   100  misc.o(i.NVIC_Init)
    NVIC_PriorityGroupConfig                 0x08000c85   Thumb Code    10  misc.o(i.NVIC_PriorityGroupConfig)
    PendSV_Handler                           0x08000c99   Thumb Code     2  stm32f10x_it.o(i.PendSV_Handler)
    Qmi8658_Config_apply                     0x08000c9b   Thumb Code    84  qmi8658.o(i.Qmi8658_Config_apply)
    Qmi8658_config_acc                       0x08000cf1   Thumb Code   182  qmi8658.o(i.Qmi8658_config_acc)
    Qmi8658_config_ae                        0x08000dad   Thumb Code    52  qmi8658.o(i.Qmi8658_config_ae)
    Qmi8658_config_gyro                      0x08000de5   Thumb Code   220  qmi8658.o(i.Qmi8658_config_gyro)
    Qmi8658_config_mag                       0x08000ec5   Thumb Code    18  qmi8658.o(i.Qmi8658_config_mag)
    Qmi8658_enableSensors                    0x08000ed7   Thumb Code    26  qmi8658.o(i.Qmi8658_enableSensors)
    Qmi8658_init                             0x08000ef1   Thumb Code   308  qmi8658.o(i.Qmi8658_init)
    Qmi8658_readStatus0                      0x08001161   Thumb Code    18  qmi8658.o(i.Qmi8658_readStatus0)
    Qmi8658_read_reg                         0x08001175   Thumb Code    54  qmi8658.o(i.Qmi8658_read_reg)
    Qmi8658_read_xyz                         0x080011b1   Thumb Code   422  qmi8658.o(i.Qmi8658_read_xyz)
    Qmi8658_write_reg                        0x0800136d   Thumb Code    48  qmi8658.o(i.Qmi8658_write_reg)
    RCC_APB1PeriphClockCmd                   0x080013a1   Thumb Code    26  stm32f10x_rcc.o(i.RCC_APB1PeriphClockCmd)
    RCC_APB1PeriphResetCmd                   0x080013c1   Thumb Code    26  stm32f10x_rcc.o(i.RCC_APB1PeriphResetCmd)
    RCC_APB2PeriphClockCmd                   0x080013e1   Thumb Code    26  stm32f10x_rcc.o(i.RCC_APB2PeriphClockCmd)
    RCC_APB2PeriphResetCmd                   0x08001401   Thumb Code    26  stm32f10x_rcc.o(i.RCC_APB2PeriphResetCmd)
    RCC_DeInit                               0x08001421   Thumb Code    64  stm32f10x_rcc.o(i.RCC_DeInit)
    RCC_GetClocksFreq                        0x0800146d   Thumb Code   192  stm32f10x_rcc.o(i.RCC_GetClocksFreq)
    RCC_GetFlagStatus                        0x08001541   Thumb Code    56  stm32f10x_rcc.o(i.RCC_GetFlagStatus)
    RCC_GetSYSCLKSource                      0x0800157d   Thumb Code    10  stm32f10x_rcc.o(i.RCC_GetSYSCLKSource)
    RCC_HCLKConfig                           0x0800158d   Thumb Code    18  stm32f10x_rcc.o(i.RCC_HCLKConfig)
    RCC_HSICmd                               0x080015a5   Thumb Code     6  stm32f10x_rcc.o(i.RCC_HSICmd)
    RCC_PCLK1Config                          0x080015b1   Thumb Code    18  stm32f10x_rcc.o(i.RCC_PCLK1Config)
    RCC_PCLK2Config                          0x080015c9   Thumb Code    20  stm32f10x_rcc.o(i.RCC_PCLK2Config)
    RCC_PLLCmd                               0x080015e1   Thumb Code     6  stm32f10x_rcc.o(i.RCC_PLLCmd)
    RCC_PLLConfig                            0x080015ed   Thumb Code    24  stm32f10x_rcc.o(i.RCC_PLLConfig)
    RCC_SYSCLKConfig                         0x08001609   Thumb Code    18  stm32f10x_rcc.o(i.RCC_SYSCLKConfig)
    SVC_Handler                              0x08001621   Thumb Code     2  stm32f10x_it.o(i.SVC_Handler)
    SysTick_Handler                          0x0800168b   Thumb Code     8  stm32f10x_it.o(i.SysTick_Handler)
    SysTick_Init                             0x08001695   Thumb Code   118  bsp_systick.o(i.SysTick_Init)
    SystemInit                               0x0800171d   Thumb Code    78  system_stm32f10x.o(i.SystemInit)
    TIM1_UP_IRQHandler                       0x0800177d   Thumb Code    28  main.o(i.TIM1_UP_IRQHandler)
    TIM2_IRQHandler                          0x080017a1   Thumb Code    28  main.o(i.TIM2_IRQHandler)
    TIM3_IRQHandler                          0x080017c1   Thumb Code    28  main.o(i.TIM3_IRQHandler)
    TIM4_IRQHandler                          0x080017e5   Thumb Code    28  main.o(i.TIM4_IRQHandler)
    TIM_ClearFlag                            0x08001809   Thumb Code     6  stm32f10x_tim.o(i.TIM_ClearFlag)
    TIM_ClearITPendingBit                    0x0800180f   Thumb Code     6  stm32f10x_tim.o(i.TIM_ClearITPendingBit)
    TIM_Cmd                                  0x08001815   Thumb Code    24  stm32f10x_tim.o(i.TIM_Cmd)
    TIM_DeInit                               0x0800182d   Thumb Code   424  stm32f10x_tim.o(i.TIM_DeInit)
    TIM_GetITStatus                          0x08001a15   Thumb Code    34  stm32f10x_tim.o(i.TIM_GetITStatus)
    TIM_ITConfig                             0x08001a37   Thumb Code    18  stm32f10x_tim.o(i.TIM_ITConfig)
    TIM_TimeBaseInit                         0x08001a49   Thumb Code   122  stm32f10x_tim.o(i.TIM_TimeBaseInit)
    USART1_IRQHandler                        0x08001aed   Thumb Code     2  bsp_usart.o(i.USART1_IRQHandler)
    USART2_IRQHandler                        0x08001af1   Thumb Code   120  bsp_usart.o(i.USART2_IRQHandler)
    USART3_IRQHandler                        0x08001b71   Thumb Code     2  bsp_usart.o(i.USART3_IRQHandler)
    USART_ClearFlag                          0x08001b73   Thumb Code    18  stm32f10x_usart.o(i.USART_ClearFlag)
    USART_Cmd                                0x08001b85   Thumb Code    24  stm32f10x_usart.o(i.USART_Cmd)
    USART_Config                             0x08001b9d   Thumb Code   188  bsp_usart.o(i.USART_Config)
    USART_GetFlagStatus                      0x08001c65   Thumb Code    26  stm32f10x_usart.o(i.USART_GetFlagStatus)
    USART_GetITStatus                        0x08001c7f   Thumb Code    84  stm32f10x_usart.o(i.USART_GetITStatus)
    USART_ITConfig                           0x08001cd3   Thumb Code    74  stm32f10x_usart.o(i.USART_ITConfig)
    USART_Init                               0x08001d1d   Thumb Code   210  stm32f10x_usart.o(i.USART_Init)
    USART_ReceiveData                        0x08001df5   Thumb Code    10  stm32f10x_usart.o(i.USART_ReceiveData)
    USART_SendData                           0x08001dff   Thumb Code     8  stm32f10x_usart.o(i.USART_SendData)
    UsageFault_Handler                       0x08001e07   Thumb Code     4  stm32f10x_it.o(i.UsageFault_Handler)
    __0printf                                0x08001e0d   Thumb Code    22  printfa.o(i.__0printf)
    __1printf                                0x08001e0d   Thumb Code     0  printfa.o(i.__0printf)
    __2printf                                0x08001e0d   Thumb Code     0  printfa.o(i.__0printf)
    __c89printf                              0x08001e0d   Thumb Code     0  printfa.o(i.__0printf)
    printf                                   0x08001e0d   Thumb Code     0  printfa.o(i.__0printf)
    __scatterload_copy                       0x08001e2d   Thumb Code    14  handlers.o(i.__scatterload_copy)
    __scatterload_null                       0x08001e3b   Thumb Code     2  handlers.o(i.__scatterload_null)
    __scatterload_zeroinit                   0x08001e3d   Thumb Code    14  handlers.o(i.__scatterload_zeroinit)
    bsp_gpio_config                          0x08002701   Thumb Code   134  main.o(i.bsp_gpio_config)
    bsp_uart_get_rx_buf                      0x08002791   Thumb Code    28  bsp_usart.o(i.bsp_uart_get_rx_buf)
    bsp_uart_rx_reset                        0x080027b1   Thumb Code    30  bsp_usart.o(i.bsp_uart_rx_reset)
    delay_ms                                 0x080027d5   Thumb Code    62  bsp_systick.o(i.delay_ms)
    evb_setup_timer                          0x08002aa1   Thumb Code   240  main.o(i.evb_setup_timer)
    fputc                                    0x08002bf9   Thumb Code    32  bsp_usart.o(i.fputc)
    i2c_sw_gpio_config                       0x0800319d   Thumb Code    44  qst_sw_i2c.o(i.i2c_sw_gpio_config)
    i2c_sw_gpio_config_2                     0x080031cd   Thumb Code    42  qst_sw_i2c_2.o(i.i2c_sw_gpio_config_2)
    main                                     0x080031fd   Thumb Code   270  main.o(i.main)
    qma6100_chip_id                          0x08003395   Thumb Code    62  qma6100.o(i.qma6100_chip_id)
    qma6100_delay                            0x080033f5   Thumb Code   104  qma6100.o(i.qma6100_delay)
    qma6100_dump_reg                         0x0800345d   Thumb Code    74  qma6100.o(i.qma6100_dump_reg)
    qma6100_init                             0x080034dd   Thumb Code   200  qma6100.o(i.qma6100_init)
    qma6100_readreg                          0x08003601   Thumb Code    68  qma6100.o(i.qma6100_readreg)
    qma6100_set_mode_odr                     0x08003649   Thumb Code    74  qma6100.o(i.qma6100_set_mode_odr)
    qma6100_set_range                        0x08003695   Thumb Code    78  qma6100.o(i.qma6100_set_range)
    qma6100_soft_reset                       0x080036e9   Thumb Code   170  qma6100.o(i.qma6100_soft_reset)
    qma6100_stepcounter_config               0x080037e1   Thumb Code   184  qma6100.o(i.qma6100_stepcounter_config)
    qma6100_writereg                         0x080038c1   Thumb Code    60  qma6100.o(i.qma6100_writereg)
    qmaX981_chip_id                          0x08003901   Thumb Code    64  qmax981.o(i.qmaX981_chip_id)
    qmaX981_delay                            0x0800395d   Thumb Code   104  qmax981.o(i.qmaX981_delay)
    qmaX981_dump_reg                         0x080039c5   Thumb Code    72  qmax981.o(i.qmaX981_dump_reg)
    qmaX981_init                             0x08003a49   Thumb Code   208  qmax981.o(i.qmaX981_init)
    qmaX981_readreg                          0x08003b59   Thumb Code    60  qmax981.o(i.qmaX981_readreg)
    qmaX981_set_mode_odr                     0x08003b99   Thumb Code    84  qmax981.o(i.qmaX981_set_mode_odr)
    qmaX981_set_range                        0x08003bed   Thumb Code    78  qmax981.o(i.qmaX981_set_range)
    qmaX981_soft_reset                       0x08003c41   Thumb Code    38  qmax981.o(i.qmaX981_soft_reset)
    qmaX981_stepcounter_config               0x08003c7d   Thumb Code   104  qmax981.o(i.qmaX981_stepcounter_config)
    qmaX981_writereg                         0x08003d0d   Thumb Code    54  qmax981.o(i.qmaX981_writereg)
    qmc6308_delay                            0x08003d49   Thumb Code   104  qmc6308.o(i.qmc6308_delay)
    qmc6308_disable                          0x08003db1   Thumb Code    16  qmc6308.o(i.qmc6308_disable)
    qmc6308_enable                           0x08003e89   Thumb Code   148  qmc6308.o(i.qmc6308_enable)
    qmc6308_get_chipid                       0x08003f21   Thumb Code   100  qmc6308.o(i.qmc6308_get_chipid)
    qmc6308_init                             0x08003fcd   Thumb Code    82  qmc6308.o(i.qmc6308_init)
    qmc6308_odr_mode                         0x08004025   Thumb Code    56  qmc6308.o(i.qmc6308_odr_mode)
    qmc6308_range_sr                         0x08004085   Thumb Code    48  qmc6308.o(i.qmc6308_range_sr)
    qmc6308_soft_reset                       0x08004111   Thumb Code    26  qmc6308.o(i.qmc6308_soft_reset)
    qmcX983_ReadData                         0x080041fd   Thumb Code    48  qmcx983.o(i.qmcX983_ReadData)
    qmcX983_WriteReg                         0x0800422d   Thumb Code    42  qmcx983.o(i.qmcX983_WriteReg)
    qmcX983_init                             0x0800449d   Thumb Code    52  qmcx983.o(i.qmcX983_init)
    qmi8610_Config_apply                     0x080046c5   Thumb Code    84  qmi8610.o(i.qmi8610_Config_apply)
    qmi8610_config_acc                       0x08004719   Thumb Code   148  qmi8610.o(i.qmi8610_config_acc)
    qmi8610_config_ae                        0x080047b1   Thumb Code    38  qmi8610.o(i.qmi8610_config_ae)
    qmi8610_config_gyro                      0x080047d9   Thumb Code   184  qmi8610.o(i.qmi8610_config_gyro)
    qmi8610_config_mag                       0x08004895   Thumb Code     2  qmi8610.o(i.qmi8610_config_mag)
    qmi8610_enableSensors                    0x08004897   Thumb Code    26  qmi8610.o(i.qmi8610_enableSensors)
    qmi8610_init                             0x080048b1   Thumb Code   272  qmi8610.o(i.qmi8610_init)
    qmi8610_readStatus0                      0x08004ad9   Thumb Code    18  qmi8610.o(i.qmi8610_readStatus0)
    qmi8610_read_reg                         0x08004aed   Thumb Code    54  qmi8610.o(i.qmi8610_read_reg)
    qmi8610_read_xyz                         0x08004b29   Thumb Code   364  qmi8610.o(i.qmi8610_read_xyz)
    qmi8610_serial_num                       0x08004ca5   Thumb Code   148  qmi8610.o(i.qmi8610_serial_num)
    qmi8610_write_reg                        0x08004dd9   Thumb Code    48  qmi8610.o(i.qmi8610_write_reg)
    qmp6988_ReadData                         0x08004e0d   Thumb Code    80  qmp6988.o(i.qmp6988_ReadData)
    qmp6988_WriteReg                         0x08004e5d   Thumb Code    74  qmp6988.o(i.qmp6988_WriteReg)
    qmp6988_dumpreg                          0x08004fd5   Thumb Code    58  qmp6988.o(i.qmp6988_dumpreg)
    qmp6988_init                             0x0800576d   Thumb Code    62  qmp6988.o(i.qmp6988_init)
    qmp6988_set_app                          0x080057ad   Thumb Code   164  qmp6988.o(i.qmp6988_set_app)
    qst_algo_imu_run                         0x0800599d   Thumb Code    80  main.o(i.qst_algo_imu_run)
    qst_delay                                0x080059f5   Thumb Code    12  main.o(i.qst_delay)
    qst_evb_demo_9axis                       0x08005a01   Thumb Code   108  main.o(i.qst_evb_demo_9axis)
    qst_evb_demo_null                        0x08005a91   Thumb Code    40  main.o(i.qst_evb_demo_null)
    qst_evb_imu_irq2                         0x08005ac1   Thumb Code    10  main.o(i.qst_evb_imu_irq2)
    qst_evb_imu_send                         0x08005ad1   Thumb Code   118  main.o(i.qst_evb_imu_send)
    qst_evb_imu_tim                          0x08005b69   Thumb Code    10  main.o(i.qst_evb_imu_tim)
    qst_evb_null_tim                         0x08005b79   Thumb Code    10  main.o(i.qst_evb_null_tim)
    qst_sw_readreg                           0x08005b91   Thumb Code   114  qst_sw_i2c.o(i.qst_sw_readreg)
    qst_sw_readreg_2                         0x08005c03   Thumb Code   114  qst_sw_i2c_2.o(i.qst_sw_readreg_2)
    qst_sw_writereg                          0x08005c75   Thumb Code    68  qst_sw_i2c.o(i.qst_sw_writereg)
    qst_sw_writereg_2                        0x08005cb9   Thumb Code    68  qst_sw_i2c_2.o(i.qst_sw_writereg_2)
    Region$$Table$$Base                      0x08005e34   Number         0  anon$$obj.o(Region$$Table)
    Region$$Table$$Limit                     0x08005e54   Number         0  anon$$obj.o(Region$$Table)
    SystemCoreClock                          0x20000000   Data           4  system_stm32f10x.o(.data)
    AHBPrescTable                            0x20000004   Data          16  system_stm32f10x.o(.data)
    TickDelay                                0x20000030   Data           4  bsp_systick.o(.data)
    __stdout                                 0x20000068   Data           4  stdout.o(.data)
    __initial_sp                             0x200006c0   Data           0  startup_stm32f10x_md.o(STACK)



==============================================================================

Memory Map of the image

  Image Entry point : 0x080000ed

  Load Region LR_IROM1 (Base: 0x08000000, Size: 0x00005ec0, Max: 0x00020000, ABSOLUTE)

    Execution Region ER_IROM1 (Exec base: 0x08000000, Load base: 0x08000000, Size: 0x00005e54, Max: 0x00020000, ABSOLUTE)

    Exec Addr    Load Addr    Size         Type   Attr      Idx    E Section Name        Object

    0x08000000   0x08000000   0x000000ec   Data   RO            3    RESET               startup_stm32f10x_md.o
    0x080000ec   0x080000ec   0x00000000   Code   RO         5095  * .ARM.Collect$$$$00000000  mc_w.l(entry.o)
    0x080000ec   0x080000ec   0x00000004   Code   RO         5426    .ARM.Collect$$$$00000001  mc_w.l(entry2.o)
    0x080000f0   0x080000f0   0x00000004   Code   RO         5429    .ARM.Collect$$$$00000004  mc_w.l(entry5.o)
    0x080000f4   0x080000f4   0x00000000   Code   RO         5431    .ARM.Collect$$$$00000008  mc_w.l(entry7b.o)
    0x080000f4   0x080000f4   0x00000000   Code   RO         5433    .ARM.Collect$$$$0000000A  mc_w.l(entry8b.o)
    0x080000f4   0x080000f4   0x00000008   Code   RO         5434    .ARM.Collect$$$$0000000B  mc_w.l(entry9a.o)
    0x080000fc   0x080000fc   0x00000000   Code   RO         5436    .ARM.Collect$$$$0000000D  mc_w.l(entry10a.o)
    0x080000fc   0x080000fc   0x00000000   Code   RO         5438    .ARM.Collect$$$$0000000F  mc_w.l(entry11a.o)
    0x080000fc   0x080000fc   0x00000004   Code   RO         5427    .ARM.Collect$$$$00002712  mc_w.l(entry2.o)
    0x08000100   0x08000100   0x00000024   Code   RO            4    .text               startup_stm32f10x_md.o
    0x08000124   0x08000124   0x00000024   Code   RO         5098    .text               mc_w.l(memcpya.o)
    0x08000148   0x08000148   0x00000024   Code   RO         5100    .text               mc_w.l(memseta.o)
    0x0800016c   0x0800016c   0x000000b0   Code   RO         5369    .text               mf_w.l(fadd.o)
    0x0800021c   0x0800021c   0x00000064   Code   RO         5371    .text               mf_w.l(fmul.o)
    0x08000280   0x08000280   0x0000007c   Code   RO         5373    .text               mf_w.l(fdiv.o)
    0x080002fc   0x080002fc   0x0000014e   Code   RO         5375    .text               mf_w.l(dadd.o)
    0x0800044a   0x0800044a   0x000000e4   Code   RO         5377    .text               mf_w.l(dmul.o)
    0x0800052e   0x0800052e   0x000000de   Code   RO         5379    .text               mf_w.l(ddiv.o)
    0x0800060c   0x0800060c   0x00000012   Code   RO         5381    .text               mf_w.l(fflti.o)
    0x0800061e   0x0800061e   0x0000000a   Code   RO         5383    .text               mf_w.l(ffltui.o)
    0x08000628   0x08000628   0x00000026   Code   RO         5387    .text               mf_w.l(f2d.o)
    0x0800064e   0x0800064e   0x00000002   PAD
    0x08000650   0x08000650   0x00000030   Code   RO         5391    .text               mf_w.l(cdrcmple.o)
    0x08000680   0x08000680   0x0000002c   Code   RO         5442    .text               mc_w.l(uidiv.o)
    0x080006ac   0x080006ac   0x00000062   Code   RO         5444    .text               mc_w.l(uldiv.o)
    0x0800070e   0x0800070e   0x0000001e   Code   RO         5446    .text               mc_w.l(llshl.o)
    0x0800072c   0x0800072c   0x00000024   Code   RO         5448    .text               mc_w.l(llsshr.o)
    0x08000750   0x08000750   0x00000000   Code   RO         5461    .text               mc_w.l(iusefp.o)
    0x08000750   0x08000750   0x0000006e   Code   RO         5462    .text               mf_w.l(fepilogue.o)
    0x080007be   0x080007be   0x000000ba   Code   RO         5464    .text               mf_w.l(depilogue.o)
    0x08000878   0x08000878   0x00000030   Code   RO         5468    .text               mf_w.l(dfixul.o)
    0x080008a8   0x080008a8   0x00000024   Code   RO         5470    .text               mc_w.l(init.o)
    0x080008cc   0x080008cc   0x00000020   Code   RO         5475    .text               mc_w.l(llushr.o)
    0x080008ec   0x080008ec   0x00000004   Code   RO         3410    i.BusFault_Handler  stm32f10x_it.o
    0x080008f0   0x080008f0   0x00000002   Code   RO         3411    i.DebugMon_Handler  stm32f10x_it.o
    0x080008f2   0x080008f2   0x00000002   PAD
    0x080008f4   0x080008f4   0x00000020   Code   RO         3103    i.EXTI15_10_IRQHandler  main.o
    0x08000914   0x08000914   0x0000001c   Code   RO         3104    i.EXTI4_IRQHandler  main.o
    0x08000930   0x08000930   0x00000034   Code   RO         3105    i.EXTI9_5_IRQHandler  main.o
    0x08000964   0x08000964   0x0000000c   Code   RO          934    i.EXTI_ClearITPendingBit  stm32f10x_exti.o
    0x08000970   0x08000970   0x00000028   Code   RO          938    i.EXTI_GetITStatus  stm32f10x_exti.o
    0x08000998   0x08000998   0x00000094   Code   RO          939    i.EXTI_Init         stm32f10x_exti.o
    0x08000a2c   0x08000a2c   0x0000001c   Code   RO         1004    i.FLASH_PrefetchBufferCmd  stm32f10x_flash.o
    0x08000a48   0x08000a48   0x00000018   Code   RO         1009    i.FLASH_SetLatency  stm32f10x_flash.o
    0x08000a60   0x08000a60   0x00000040   Code   RO         1284    i.GPIO_EXTILineConfig  stm32f10x_gpio.o
    0x08000aa0   0x08000aa0   0x00000116   Code   RO         1287    i.GPIO_Init         stm32f10x_gpio.o
    0x08000bb6   0x08000bb6   0x00000004   Code   RO         1294    i.GPIO_ResetBits    stm32f10x_gpio.o
    0x08000bba   0x08000bba   0x00000004   Code   RO         1295    i.GPIO_SetBits      stm32f10x_gpio.o
    0x08000bbe   0x08000bbe   0x00000002   PAD
    0x08000bc0   0x08000bc0   0x00000048   Code   RO         3480    i.HAL_IncTick       bsp_systick.o
    0x08000c08   0x08000c08   0x00000004   Code   RO         3412    i.HardFault_Handler  stm32f10x_it.o
    0x08000c0c   0x08000c0c   0x00000004   Code   RO         3413    i.MemManage_Handler  stm32f10x_it.o
    0x08000c10   0x08000c10   0x00000002   Code   RO         3414    i.NMI_Handler       stm32f10x_it.o
    0x08000c12   0x08000c12   0x00000002   PAD
    0x08000c14   0x08000c14   0x00000070   Code   RO          132    i.NVIC_Init         misc.o
    0x08000c84   0x08000c84   0x00000014   Code   RO          133    i.NVIC_PriorityGroupConfig  misc.o
    0x08000c98   0x08000c98   0x00000002   Code   RO         3415    i.PendSV_Handler    stm32f10x_it.o
    0x08000c9a   0x08000c9a   0x00000054   Code   RO         4704    i.Qmi8658_Config_apply  qmi8658.o
    0x08000cee   0x08000cee   0x00000002   PAD
    0x08000cf0   0x08000cf0   0x000000bc   Code   RO         4705    i.Qmi8658_config_acc  qmi8658.o
    0x08000dac   0x08000dac   0x00000038   Code   RO         4706    i.Qmi8658_config_ae  qmi8658.o
    0x08000de4   0x08000de4   0x000000e0   Code   RO         4707    i.Qmi8658_config_gyro  qmi8658.o
    0x08000ec4   0x08000ec4   0x00000012   Code   RO         4708    i.Qmi8658_config_mag  qmi8658.o
    0x08000ed6   0x08000ed6   0x0000001a   Code   RO         4710    i.Qmi8658_enableSensors  qmi8658.o
    0x08000ef0   0x08000ef0   0x00000270   Code   RO         4712    i.Qmi8658_init      qmi8658.o
    0x08001160   0x08001160   0x00000012   Code   RO         4713    i.Qmi8658_readStatus0  qmi8658.o
    0x08001172   0x08001172   0x00000002   PAD
    0x08001174   0x08001174   0x0000003c   Code   RO         4719    i.Qmi8658_read_reg  qmi8658.o
    0x080011b0   0x080011b0   0x000001bc   Code   RO         4720    i.Qmi8658_read_xyz  qmi8658.o
    0x0800136c   0x0800136c   0x00000034   Code   RO         4722    i.Qmi8658_write_reg  qmi8658.o
    0x080013a0   0x080013a0   0x00000020   Code   RO         1703    i.RCC_APB1PeriphClockCmd  stm32f10x_rcc.o
    0x080013c0   0x080013c0   0x00000020   Code   RO         1704    i.RCC_APB1PeriphResetCmd  stm32f10x_rcc.o
    0x080013e0   0x080013e0   0x00000020   Code   RO         1705    i.RCC_APB2PeriphClockCmd  stm32f10x_rcc.o
    0x08001400   0x08001400   0x00000020   Code   RO         1706    i.RCC_APB2PeriphResetCmd  stm32f10x_rcc.o
    0x08001420   0x08001420   0x0000004c   Code   RO         1712    i.RCC_DeInit        stm32f10x_rcc.o
    0x0800146c   0x0800146c   0x000000d4   Code   RO         1713    i.RCC_GetClocksFreq  stm32f10x_rcc.o
    0x08001540   0x08001540   0x0000003c   Code   RO         1714    i.RCC_GetFlagStatus  stm32f10x_rcc.o
    0x0800157c   0x0800157c   0x00000010   Code   RO         1716    i.RCC_GetSYSCLKSource  stm32f10x_rcc.o
    0x0800158c   0x0800158c   0x00000018   Code   RO         1717    i.RCC_HCLKConfig    stm32f10x_rcc.o
    0x080015a4   0x080015a4   0x0000000c   Code   RO         1719    i.RCC_HSICmd        stm32f10x_rcc.o
    0x080015b0   0x080015b0   0x00000018   Code   RO         1724    i.RCC_PCLK1Config   stm32f10x_rcc.o
    0x080015c8   0x080015c8   0x00000018   Code   RO         1725    i.RCC_PCLK2Config   stm32f10x_rcc.o
    0x080015e0   0x080015e0   0x0000000c   Code   RO         1726    i.RCC_PLLCmd        stm32f10x_rcc.o
    0x080015ec   0x080015ec   0x0000001c   Code   RO         1727    i.RCC_PLLConfig     stm32f10x_rcc.o
    0x08001608   0x08001608   0x00000018   Code   RO         1730    i.RCC_SYSCLKConfig  stm32f10x_rcc.o
    0x08001620   0x08001620   0x00000002   Code   RO         3416    i.SVC_Handler       stm32f10x_it.o
    0x08001622   0x08001622   0x00000066   Code   RO         3106    i.SYSCLK_Config_WakeUp  main.o
    0x08001688   0x08001688   0x00000002   Code   RO           24    i.SetSysClock       system_stm32f10x.o
    0x0800168a   0x0800168a   0x00000008   Code   RO         3417    i.SysTick_Handler   stm32f10x_it.o
    0x08001692   0x08001692   0x00000002   PAD
    0x08001694   0x08001694   0x00000088   Code   RO         3482    i.SysTick_Init      bsp_systick.o
    0x0800171c   0x0800171c   0x00000060   Code   RO           26    i.SystemInit        system_stm32f10x.o
    0x0800177c   0x0800177c   0x00000024   Code   RO         3107    i.TIM1_UP_IRQHandler  main.o
    0x080017a0   0x080017a0   0x00000020   Code   RO         3108    i.TIM2_IRQHandler   main.o
    0x080017c0   0x080017c0   0x00000024   Code   RO         3109    i.TIM3_IRQHandler   main.o
    0x080017e4   0x080017e4   0x00000024   Code   RO         3110    i.TIM4_IRQHandler   main.o
    0x08001808   0x08001808   0x00000006   Code   RO         2331    i.TIM_ClearFlag     stm32f10x_tim.o
    0x0800180e   0x0800180e   0x00000006   Code   RO         2332    i.TIM_ClearITPendingBit  stm32f10x_tim.o
    0x08001814   0x08001814   0x00000018   Code   RO         2337    i.TIM_Cmd           stm32f10x_tim.o
    0x0800182c   0x0800182c   0x000001e8   Code   RO         2342    i.TIM_DeInit        stm32f10x_tim.o
    0x08001a14   0x08001a14   0x00000022   Code   RO         2358    i.TIM_GetITStatus   stm32f10x_tim.o
    0x08001a36   0x08001a36   0x00000012   Code   RO         2362    i.TIM_ITConfig      stm32f10x_tim.o
    0x08001a48   0x08001a48   0x000000a4   Code   RO         2408    i.TIM_TimeBaseInit  stm32f10x_tim.o
    0x08001aec   0x08001aec   0x00000002   Code   RO         3550    i.USART1_IRQHandler  bsp_usart.o
    0x08001aee   0x08001aee   0x00000002   PAD
    0x08001af0   0x08001af0   0x00000080   Code   RO         3551    i.USART2_IRQHandler  bsp_usart.o
    0x08001b70   0x08001b70   0x00000002   Code   RO         3552    i.USART3_IRQHandler  bsp_usart.o
    0x08001b72   0x08001b72   0x00000012   Code   RO         2869    i.USART_ClearFlag   stm32f10x_usart.o
    0x08001b84   0x08001b84   0x00000018   Code   RO         2873    i.USART_Cmd         stm32f10x_usart.o
    0x08001b9c   0x08001b9c   0x000000c8   Code   RO         3553    i.USART_Config      bsp_usart.o
    0x08001c64   0x08001c64   0x0000001a   Code   RO         2876    i.USART_GetFlagStatus  stm32f10x_usart.o
    0x08001c7e   0x08001c7e   0x00000054   Code   RO         2877    i.USART_GetITStatus  stm32f10x_usart.o
    0x08001cd2   0x08001cd2   0x0000004a   Code   RO         2879    i.USART_ITConfig    stm32f10x_usart.o
    0x08001d1c   0x08001d1c   0x000000d8   Code   RO         2880    i.USART_Init        stm32f10x_usart.o
    0x08001df4   0x08001df4   0x0000000a   Code   RO         2887    i.USART_ReceiveData  stm32f10x_usart.o
    0x08001dfe   0x08001dfe   0x00000008   Code   RO         2890    i.USART_SendData    stm32f10x_usart.o
    0x08001e06   0x08001e06   0x00000004   Code   RO         3418    i.UsageFault_Handler  stm32f10x_it.o
    0x08001e0a   0x08001e0a   0x00000002   PAD
    0x08001e0c   0x08001e0c   0x00000020   Code   RO         5337    i.__0printf         mc_w.l(printfa.o)
    0x08001e2c   0x08001e2c   0x0000000e   Code   RO         5492    i.__scatterload_copy  mc_w.l(handlers.o)
    0x08001e3a   0x08001e3a   0x00000002   Code   RO         5493    i.__scatterload_null  mc_w.l(handlers.o)
    0x08001e3c   0x08001e3c   0x0000000e   Code   RO         5494    i.__scatterload_zeroinit  mc_w.l(handlers.o)
    0x08001e4a   0x08001e4a   0x00000002   PAD
    0x08001e4c   0x08001e4c   0x00000184   Code   RO         5344    i._fp_digits        mc_w.l(printfa.o)
    0x08001fd0   0x08001fd0   0x000006dc   Code   RO         5345    i._printf_core      mc_w.l(printfa.o)
    0x080026ac   0x080026ac   0x00000024   Code   RO         5346    i._printf_post_padding  mc_w.l(printfa.o)
    0x080026d0   0x080026d0   0x0000002e   Code   RO         5347    i._printf_pre_padding  mc_w.l(printfa.o)
    0x080026fe   0x080026fe   0x00000002   PAD
    0x08002700   0x08002700   0x00000090   Code   RO         3111    i.bsp_gpio_config   main.o
    0x08002790   0x08002790   0x00000020   Code   RO         3554    i.bsp_uart_get_rx_buf  bsp_usart.o
    0x080027b0   0x080027b0   0x00000024   Code   RO         3555    i.bsp_uart_rx_reset  bsp_usart.o
    0x080027d4   0x080027d4   0x00000044   Code   RO         3487    i.delay_ms          bsp_systick.o
    0x08002818   0x08002818   0x0000005c   Code   RO         3113    i.evb_exe_rx_buf    main.o
    0x08002874   0x08002874   0x00000034   Code   RO         3114    i.evb_irq_handle    main.o
    0x080028a8   0x080028a8   0x000001f8   Code   RO         3115    i.evb_setup_irq     main.o
    0x08002aa0   0x08002aa0   0x000000f8   Code   RO         3116    i.evb_setup_timer   main.o
    0x08002b98   0x08002b98   0x00000060   Code   RO         3117    i.evb_tim_handle    main.o
    0x08002bf8   0x08002bf8   0x00000024   Code   RO         3558    i.fputc             bsp_usart.o
    0x08002c1c   0x08002c1c   0x00000040   Code   RO         4191    i.i2c_Ack           qst_sw_i2c.o
    0x08002c5c   0x08002c5c   0x00000038   Code   RO         4987    i.i2c_Ack           qst_sw_i2c_2.o
    0x08002c94   0x08002c94   0x00000034   Code   RO         4192    i.i2c_NAck          qst_sw_i2c.o
    0x08002cc8   0x08002cc8   0x00000030   Code   RO         4988    i.i2c_NAck          qst_sw_i2c_2.o
    0x08002cf8   0x08002cf8   0x00000094   Code   RO         4193    i.i2c_ReadByte      qst_sw_i2c.o
    0x08002d8c   0x08002d8c   0x00000090   Code   RO         4989    i.i2c_ReadByte      qst_sw_i2c_2.o
    0x08002e1c   0x08002e1c   0x00000064   Code   RO         4194    i.i2c_SendByte      qst_sw_i2c.o
    0x08002e80   0x08002e80   0x0000005c   Code   RO         4990    i.i2c_SendByte      qst_sw_i2c_2.o
    0x08002edc   0x08002edc   0x00000064   Code   RO         4195    i.i2c_Start         qst_sw_i2c.o
    0x08002f40   0x08002f40   0x00000060   Code   RO         4991    i.i2c_Start         qst_sw_i2c_2.o
    0x08002fa0   0x08002fa0   0x00000050   Code   RO         4196    i.i2c_Stop          qst_sw_i2c.o
    0x08002ff0   0x08002ff0   0x00000050   Code   RO         4992    i.i2c_Stop          qst_sw_i2c_2.o
    0x08003040   0x08003040   0x0000007c   Code   RO         4197    i.i2c_WaitAck       qst_sw_i2c.o
    0x080030bc   0x080030bc   0x00000078   Code   RO         4993    i.i2c_WaitAck       qst_sw_i2c_2.o
    0x08003134   0x08003134   0x00000034   Code   RO         4198    i.i2c_delay_us      qst_sw_i2c.o
    0x08003168   0x08003168   0x00000034   Code   RO         4994    i.i2c_delay_us      qst_sw_i2c_2.o
    0x0800319c   0x0800319c   0x00000030   Code   RO         4199    i.i2c_sw_gpio_config  qst_sw_i2c.o
    0x080031cc   0x080031cc   0x00000030   Code   RO         4995    i.i2c_sw_gpio_config_2  qst_sw_i2c_2.o
    0x080031fc   0x080031fc   0x00000198   Code   RO         3118    i.main              main.o
    0x08003394   0x08003394   0x00000060   Code   RO         4456    i.qma6100_chip_id   qma6100.o
    0x080033f4   0x080033f4   0x00000068   Code   RO         4457    i.qma6100_delay     qma6100.o
    0x0800345c   0x0800345c   0x00000080   Code   RO         4459    i.qma6100_dump_reg  qma6100.o
    0x080034dc   0x080034dc   0x000000e4   Code   RO         4460    i.qma6100_init      qma6100.o
    0x080035c0   0x080035c0   0x0000003e   Code   RO         4461    i.qma6100_initialize  qma6100.o
    0x080035fe   0x080035fe   0x00000002   PAD
    0x08003600   0x08003600   0x00000048   Code   RO         4466    i.qma6100_readreg   qma6100.o
    0x08003648   0x08003648   0x0000004a   Code   RO         4467    i.qma6100_set_mode_odr  qma6100.o
    0x08003692   0x08003692   0x00000002   PAD
    0x08003694   0x08003694   0x00000054   Code   RO         4468    i.qma6100_set_range  qma6100.o
    0x080036e8   0x080036e8   0x000000f8   Code   RO         4469    i.qma6100_soft_reset  qma6100.o
    0x080037e0   0x080037e0   0x000000e0   Code   RO         4470    i.qma6100_stepcounter_config  qma6100.o
    0x080038c0   0x080038c0   0x00000040   Code   RO         4471    i.qma6100_writereg  qma6100.o
    0x08003900   0x08003900   0x0000005c   Code   RO         3813    i.qmaX981_chip_id   qmax981.o
    0x0800395c   0x0800395c   0x00000068   Code   RO         3814    i.qmaX981_delay     qmax981.o
    0x080039c4   0x080039c4   0x00000084   Code   RO         3815    i.qmaX981_dump_reg  qmax981.o
    0x08003a48   0x08003a48   0x000000ec   Code   RO         3816    i.qmaX981_init      qmax981.o
    0x08003b34   0x08003b34   0x00000024   Code   RO         3817    i.qmaX981_initialize  qmax981.o
    0x08003b58   0x08003b58   0x00000040   Code   RO         3822    i.qmaX981_readreg   qmax981.o
    0x08003b98   0x08003b98   0x00000054   Code   RO         3824    i.qmaX981_set_mode_odr  qmax981.o
    0x08003bec   0x08003bec   0x00000054   Code   RO         3825    i.qmaX981_set_range  qmax981.o
    0x08003c40   0x08003c40   0x0000003c   Code   RO         3826    i.qmaX981_soft_reset  qmax981.o
    0x08003c7c   0x08003c7c   0x00000090   Code   RO         3827    i.qmaX981_stepcounter_config  qmax981.o
    0x08003d0c   0x08003d0c   0x0000003c   Code   RO         3828    i.qmaX981_writereg  qmax981.o
    0x08003d48   0x08003d48   0x00000068   Code   RO         4279    i.qmc6308_delay     qmc6308.o
    0x08003db0   0x08003db0   0x00000010   Code   RO         4280    i.qmc6308_disable   qmc6308.o
    0x08003dc0   0x08003dc0   0x000000c8   Code   RO         4282    i.qmc6308_dump_reg  qmc6308.o
    0x08003e88   0x08003e88   0x00000098   Code   RO         4283    i.qmc6308_enable    qmc6308.o
    0x08003f20   0x08003f20   0x000000ac   Code   RO         4284    i.qmc6308_get_chipid  qmc6308.o
    0x08003fcc   0x08003fcc   0x00000058   Code   RO         4285    i.qmc6308_init      qmc6308.o
    0x08004024   0x08004024   0x00000060   Code   RO         4286    i.qmc6308_odr_mode  qmc6308.o
    0x08004084   0x08004084   0x00000050   Code   RO         4287    i.qmc6308_range_sr  qmc6308.o
    0x080040d4   0x080040d4   0x0000003c   Code   RO         4288    i.qmc6308_read_block  qmc6308.o
    0x08004110   0x08004110   0x0000001a   Code   RO         4290    i.qmc6308_soft_reset  qmc6308.o
    0x0800412a   0x0800412a   0x00000002   PAD
    0x0800412c   0x0800412c   0x00000034   Code   RO         4291    i.qmc6308_write_reg  qmc6308.o
    0x08004160   0x08004160   0x0000009c   Code   RO         4292    i.qmc6310_get_chipid  qmc6308.o
    0x080041fc   0x080041fc   0x00000030   Code   RO         3933    i.qmcX983_ReadData  qmcx983.o
    0x0800422c   0x0800422c   0x0000002a   Code   RO         3934    i.qmcX983_WriteReg  qmcx983.o
    0x08004256   0x08004256   0x00000018   Code   RO         3935    i.qmcX983_delay     qmcx983.o
    0x0800426e   0x0800426e   0x00000002   PAD
    0x08004270   0x08004270   0x000001a4   Code   RO         3936    i.qmcX983_device_check  qmcx983.o
    0x08004414   0x08004414   0x00000088   Code   RO         3937    i.qmcX983_enable    qmcx983.o
    0x0800449c   0x0800449c   0x0000004c   Code   RO         3938    i.qmcX983_init      qmcx983.o
    0x080044e8   0x080044e8   0x0000000c   Code   RO         3940    i.qmcX983_start_measure  qmcx983.o
    0x080044f4   0x080044f4   0x0000000c   Code   RO         3941    i.qmcX983_stop_measure  qmcx983.o
    0x08004500   0x08004500   0x000001c4   Code   RO         3942    i.qmcx983_get_OPT   qmcx983.o
    0x080046c4   0x080046c4   0x00000054   Code   RO         4564    i.qmi8610_Config_apply  qmi8610.o
    0x08004718   0x08004718   0x00000098   Code   RO         4565    i.qmi8610_config_acc  qmi8610.o
    0x080047b0   0x080047b0   0x00000026   Code   RO         4566    i.qmi8610_config_ae  qmi8610.o
    0x080047d6   0x080047d6   0x00000002   PAD
    0x080047d8   0x080047d8   0x000000bc   Code   RO         4567    i.qmi8610_config_gyro  qmi8610.o
    0x08004894   0x08004894   0x00000002   Code   RO         4568    i.qmi8610_config_mag  qmi8610.o
    0x08004896   0x08004896   0x0000001a   Code   RO         4572    i.qmi8610_enableSensors  qmi8610.o
    0x080048b0   0x080048b0   0x00000228   Code   RO         4574    i.qmi8610_init      qmi8610.o
    0x08004ad8   0x08004ad8   0x00000012   Code   RO         4575    i.qmi8610_readStatus0  qmi8610.o
    0x08004aea   0x08004aea   0x00000002   PAD
    0x08004aec   0x08004aec   0x0000003c   Code   RO         4580    i.qmi8610_read_reg  qmi8610.o
    0x08004b28   0x08004b28   0x0000017c   Code   RO         4581    i.qmi8610_read_xyz  qmi8610.o
    0x08004ca4   0x08004ca4   0x00000134   Code   RO         4583    i.qmi8610_serial_num  qmi8610.o
    0x08004dd8   0x08004dd8   0x00000034   Code   RO         4584    i.qmi8610_write_reg  qmi8610.o
    0x08004e0c   0x08004e0c   0x00000050   Code   RO         4104    i.qmp6988_ReadData  qmp6988.o
    0x08004e5c   0x08004e5c   0x0000004a   Code   RO         4105    i.qmp6988_WriteReg  qmp6988.o
    0x08004ea6   0x08004ea6   0x00000068   Code   RO         4107    i.qmp6988_delay     qmp6988.o
    0x08004f0e   0x08004f0e   0x00000002   PAD
    0x08004f10   0x08004f10   0x000000c4   Code   RO         4108    i.qmp6988_device_check  qmp6988.o
    0x08004fd4   0x08004fd4   0x00000078   Code   RO         4109    i.qmp6988_dumpreg   qmp6988.o
    0x0800504c   0x0800504c   0x00000720   Code   RO         4110    i.qmp6988_get_calibration_data  qmp6988.o
    0x0800576c   0x0800576c   0x0000003e   Code   RO         4111    i.qmp6988_init      qmp6988.o
    0x080057aa   0x080057aa   0x00000002   PAD
    0x080057ac   0x080057ac   0x000000b4   Code   RO         4112    i.qmp6988_set_app   qmp6988.o
    0x08005860   0x08005860   0x0000001c   Code   RO         4113    i.qmp6988_set_filter  qmp6988.o
    0x0800587c   0x0800587c   0x0000003c   Code   RO         4114    i.qmp6988_set_oversampling_p  qmp6988.o
    0x080058b8   0x080058b8   0x0000003c   Code   RO         4115    i.qmp6988_set_oversampling_t  qmp6988.o
    0x080058f4   0x080058f4   0x000000a4   Code   RO         4116    i.qmp6988_set_powermode  qmp6988.o
    0x08005998   0x08005998   0x00000002   Code   RO         4117    i.qmp6988_software_reset  qmp6988.o
    0x0800599a   0x0800599a   0x00000002   PAD
    0x0800599c   0x0800599c   0x00000058   Code   RO         3120    i.qst_algo_imu_run  main.o
    0x080059f4   0x080059f4   0x0000000c   Code   RO         3122    i.qst_delay         main.o
    0x08005a00   0x08005a00   0x00000090   Code   RO         3127    i.qst_evb_demo_9axis  main.o
    0x08005a90   0x08005a90   0x00000030   Code   RO         3128    i.qst_evb_demo_null  main.o
    0x08005ac0   0x08005ac0   0x00000010   Code   RO         3130    i.qst_evb_imu_irq2  main.o
    0x08005ad0   0x08005ad0   0x00000090   Code   RO         3131    i.qst_evb_imu_send  main.o
    0x08005b60   0x08005b60   0x00000006   Code   RO         3133    i.qst_evb_imu_sw_cali  main.o
    0x08005b66   0x08005b66   0x00000002   PAD
    0x08005b68   0x08005b68   0x00000010   Code   RO         3134    i.qst_evb_imu_tim   main.o
    0x08005b78   0x08005b78   0x00000018   Code   RO         3136    i.qst_evb_null_tim  main.o
    0x08005b90   0x08005b90   0x00000072   Code   RO         4203    i.qst_sw_readreg    qst_sw_i2c.o
    0x08005c02   0x08005c02   0x00000072   Code   RO         4996    i.qst_sw_readreg_2  qst_sw_i2c_2.o
    0x08005c74   0x08005c74   0x00000044   Code   RO         4204    i.qst_sw_writereg   qst_sw_i2c.o
    0x08005cb8   0x08005cb8   0x00000044   Code   RO         4997    i.qst_sw_writereg_2  qst_sw_i2c_2.o
    0x08005cfc   0x08005cfc   0x00000060   Data   RO         3830    .constdata          qmax981.o
    0x08005d5c   0x08005d5c   0x00000025   Data   RO         3944    .constdata          qmcx983.o
    0x08005d81   0x08005d81   0x00000003   PAD
    0x08005d84   0x08005d84   0x00000050   Data   RO         4118    .constdata          qmp6988.o
    0x08005dd4   0x08005dd4   0x00000060   Data   RO         4473    .constdata          qma6100.o
    0x08005e34   0x08005e34   0x00000020   Data   RO         5490    Region$$Table       anon$$obj.o


    Execution Region RW_IRAM1 (Exec base: 0x20000000, Load base: 0x08005e54, Size: 0x000006c0, Max: 0x00005000, ABSOLUTE)

    Exec Addr    Load Addr    Size         Type   Attr      Idx    E Section Name        Object

    0x20000000   0x08005e54   0x00000014   Data   RW           27    .data               system_stm32f10x.o
    0x20000014   0x08005e68   0x00000014   Data   RW         1733    .data               stm32f10x_rcc.o
    0x20000028   0x08005e7c   0x00000010   Data   RW         3489    .data               bsp_systick.o
    0x20000038   0x08005e8c   0x00000008   Data   RW         4293    .data               qmc6308.o
    0x20000040   0x08005e94   0x0000000d   Data   RW         4586    .data               qmi8610.o
    0x2000004d   0x08005ea1   0x00000003   PAD
    0x20000050   0x08005ea4   0x00000015   Data   RW         4724    .data               qmi8658.o
    0x20000065   0x08005eb9   0x00000003   PAD
    0x20000068   0x08005ebc   0x00000004   Data   RW         5441    .data               mc_w.l(stdout.o)
    0x2000006c   0x08005ec0   0x00000004   PAD
    0x20000070        -       0x00000170   Zero   RW         3139    .bss                main.o
    0x200001e0        -       0x00000044   Zero   RW         3559    .bss                bsp_usart.o
    0x20000224        -       0x00000058   Zero   RW         3829    .bss                qmax981.o
    0x2000027c        -       0x00000010   Zero   RW         3943    .bss                qmcx983.o
    0x2000028c        -       0x00000034   Zero   RW         4472    .bss                qma6100.o
    0x200002c0        -       0x00000400   Zero   RW            1    STACK               startup_stm32f10x_md.o


==============================================================================

Image component sizes


      Code (inc. data)   RO Data    RW Data    ZI Data      Debug   Object Name

       276         38          0         16          0      17791   bsp_systick.o
       436         34          0          0         68       4429   bsp_usart.o
         0          0          0          0          0       4508   core_cm3.o
      2396        326          0          0        368      26632   main.o
       132         22          0          0          0       1539   misc.o
      1384        248         96          0         52      11874   qma6100.o
      1096        194         96          0         88      10662   qmax981.o
      1202        316          0          8          0       9846   qmc6308.o
      1222        312         37          0         16       6189   qmcx983.o
      1860        482          0         13          0       8923   qmi8610.o
      1794        370          0         21          0      15162   qmi8658.o
      2954        688         80          0          0      11797   qmp6988.o
       950         38          0          0          0       7060   qst_sw_i2c.o
       918         46          0          0          0       7130   qst_sw_i2c_2.o
        36          8        236          0       1024        864   startup_stm32f10x_md.o
       200         18          0          0          0       2112   stm32f10x_exti.o
        52         12          0          0          0       1101   stm32f10x_flash.o
       350          4          0          0          0       3654   stm32f10x_gpio.o
        32          0          0          0          0       3902   stm32f10x_it.o
       640        104          0         20          0      11017   stm32f10x_rcc.o
       740        106          0          0          0       4887   stm32f10x_tim.o
       460          6          0          0          0       6731   stm32f10x_usart.o
        98         18          0         20          0     250821   system_stm32f10x.o

    ----------------------------------------------------------------------
     19264       3390        580        104       1616     428631   Object Totals
         0          0         32          0          0          0   (incl. Generated)
        36          0          3          6          0          0   (incl. Padding)

    ----------------------------------------------------------------------

      Code (inc. data)   RO Data    RW Data    ZI Data      Debug   Library Member Name

         0          0          0          0          0          0   entry.o
         0          0          0          0          0          0   entry10a.o
         0          0          0          0          0          0   entry11a.o
         8          4          0          0          0          0   entry2.o
         4          0          0          0          0          0   entry5.o
         0          0          0          0          0          0   entry7b.o
         0          0          0          0          0          0   entry8b.o
         8          4          0          0          0          0   entry9a.o
        30          0          0          0          0          0   handlers.o
        36          8          0          0          0         68   init.o
         0          0          0          0          0          0   iusefp.o
        30          0          0          0          0         68   llshl.o
        36          0          0          0          0         68   llsshr.o
        32          0          0          0          0         68   llushr.o
        36          0          0          0          0         68   memcpya.o
        36          0          0          0          0        108   memseta.o
      2258         90          0          0          0        452   printfa.o
         0          0          0          4          0          0   stdout.o
        44          0          0          0          0         80   uidiv.o
        98          0          0          0          0         92   uldiv.o
        48          0          0          0          0         68   cdrcmple.o
       334          0          0          0          0        148   dadd.o
       222          0          0          0          0        100   ddiv.o
       186          0          0          0          0        176   depilogue.o
        48          0          0          0          0         68   dfixul.o
       228          0          0          0          0         96   dmul.o
        38          0          0          0          0         68   f2d.o
       176          0          0          0          0        140   fadd.o
       124          0          0          0          0         88   fdiv.o
       110          0          0          0          0        168   fepilogue.o
        18          0          0          0          0         68   fflti.o
        10          0          0          0          0         68   ffltui.o
       100          0          0          0          0         76   fmul.o

    ----------------------------------------------------------------------
      4304        106          0          4          4       2404   Library Totals
         6          0          0          0          4          0   (incl. Padding)

    ----------------------------------------------------------------------

      Code (inc. data)   RO Data    RW Data    ZI Data      Debug   Library Name

      2656        106          0          4          0       1072   mc_w.l
      1642          0          0          0          0       1332   mf_w.l

    ----------------------------------------------------------------------
      4304        106          0          4          4       2404   Library Totals

    ----------------------------------------------------------------------

==============================================================================


      Code (inc. data)   RO Data    RW Data    ZI Data      Debug   

     23568       3496        580        108       1620     420475   Grand Totals
     23568       3496        580        108       1620     420475   ELF Image Totals
     23568       3496        580        108          0          0   ROM Totals

==============================================================================

    Total RO  Size (Code + RO Data)                24148 (  23.58kB)
    Total RW  Size (RW Data + ZI Data)              1728 (   1.69kB)
    Total ROM Size (Code + RO Data + RW Data)      24256 (  23.69kB)

==============================================================================

